Microchip MPLAB XC8 Compiler V2.10 ()

Linker command line:

-W-3 --edf=C:\Program Files (x86)\Microchip\xc8\v2.10\pic\dat\en_msgs.txt \
  -cs -h+dist/soundlevel/debug\Sound_Level.debug.sym \
  --cmf=dist/soundlevel/debug\Sound_Level.debug.cmf -z -Q16F18446 \
  -oC:\Users\geoffrey\AppData\Local\Temp\sjc.2 --defsym=__MPLAB_BUILD=1 \
  -Mdist/soundlevel/debug/Sound_Level.debug.map -E1 -ver=XC8 \
  -ASTACK=02130h-027EFh -pstack=STACK -ACODE=00h-07FFhx8 \
  -ASTRCODE=00h-03FFFh -ASTRING=00h-0FFhx64 -ACONST=00h-0FFhx64 \
  -AENTRY=00h-0FFhx64 -ACOMMON=070h-07Fh -ABANK0=020h-06Fh \
  -ABANK1=0A0h-0EFh -ABANK2=0120h-016Fh -ABANK3=01A0h-01EFh \
  -ABANK4=0220h-026Fh -ABANK5=02A0h-02EFh -ABANK6=0320h-036Fh \
  -ABANK7=03A0h-03EFh -ABANK8=0420h-046Fh -ABANK9=04A0h-04EFh \
  -ABANK10=0520h-056Fh -ABANK11=05A0h-05EFh -ABANK12=0620h-066Fh \
  -ABANK13=06A0h-06EFh -ABANK14=0720h-076Fh -ABANK15=07A0h-07EFh \
  -ABANK16=0820h-086Fh -ABANK17=08A0h-08EFh -ABANK18=0920h-096Fh \
  -ABANK19=09A0h-09EFh -ABANK20=0A20h-0A6Fh -ABANK21=0AA0h-0AEFh \
  -ABANK22=0B20h-0B6Fh -ABANK23=0BA0h-0BEFh -ABANK24=0C20h-0C6Fh \
  -ABANK25=0CA0h-0CBFh -ABIGRAM=02000h-027EFh \
  -ARAM=020h-06Fh,0A0h-0EFh,0120h-016Fh,01A0h-01EFh,0220h-026Fh,02A0h-02EFh,0320h-036Fh,03A0h-03EFh,0420h-046Fh,04A0h-04EFh,0520h-056Fh,05A0h-05EFh,0620h-066Fh,06A0h-06EFh,0720h-076Fh,07A0h-07EFh,0820h-086Fh,08A0h-08EFh,0920h-096Fh,09A0h-09EFh,0A20h-0A6Fh,0AA0h-0AEFh,0B20h-0B6Fh,0BA0h-0BEFh,0C20h-0C6Fh,0CA0h-0CBFh \
  -AABS1=020h-07Fh,0A0h-0EFh,0120h-016Fh,01A0h-01EFh,0220h-026Fh,02A0h-02EFh,0320h-036Fh,03A0h-03EFh,0420h-046Fh,04A0h-04EFh,0520h-056Fh,05A0h-05EFh,0620h-066Fh,06A0h-06EFh,0720h-076Fh,07A0h-07EFh,0820h-086Fh,08A0h-08EFh,0920h-096Fh,09A0h-09EFh,0A20h-0A6Fh,0AA0h-0AEFh,0B20h-0B6Fh,0BA0h-0BEFh,0C20h-0C6Fh,0CA0h-0CBFh \
  -ASFR0=00h-01Fh -ASFR1=080h-09Fh -ASFR2=0100h-011Fh -ASFR3=0180h-019Fh \
  -ASFR4=0200h-021Fh -ASFR5=0280h-029Fh -ASFR6=0300h-031Fh \
  -ASFR7=0380h-039Fh -ASFR8=0400h-041Fh -ASFR9=0480h-049Fh \
  -ASFR10=0500h-051Fh -ASFR11=0580h-059Fh -ASFR12=0600h-061Fh \
  -ASFR13=0680h-069Fh -ASFR14=0700h-071Fh -ASFR15=0780h-079Fh \
  -ASFR16=0800h-081Fh -ASFR17=0880h-089Fh -ASFR18=0900h-091Fh \
  -ASFR19=0980h-099Fh -ASFR20=0A00h-0A1Fh -ASFR21=0A80h-0A9Fh \
  -ASFR22=0B00h-0B1Fh -ASFR23=0B80h-0B9Fh -ASFR24=0C00h-0C1Fh \
  -ASFR25=0C80h-0C9Fh -ASFR26=0D00h-0D6Fh -ASFR27=0D80h-0DEFh \
  -ASFR28=0E00h-0E6Fh -ASFR29=0E80h-0EEFh -ASFR30=0F00h-0F6Fh \
  -ASFR31=0F80h-0FEFh -ASFR32=01000h-0106Fh -ASFR33=01080h-010EFh \
  -ASFR34=01100h-0116Fh -ASFR35=01180h-011EFh -ASFR36=01200h-0126Fh \
  -ASFR37=01280h-012EFh -ASFR38=01300h-0136Fh -ASFR39=01380h-013EFh \
  -ASFR40=01400h-0146Fh -ASFR41=01480h-014EFh -ASFR42=01500h-0156Fh \
  -ASFR43=01580h-015EFh -ASFR44=01600h-0166Fh -ASFR45=01680h-016EFh \
  -ASFR46=01700h-0176Fh -ASFR47=01780h-017EFh -ASFR48=01800h-0186Fh \
  -ASFR49=01880h-018EFh -ASFR50=01900h-0196Fh -ASFR51=01980h-019EFh \
  -ASFR52=01A00h-01A6Fh -ASFR53=01A80h-01AEFh -ASFR54=01B00h-01B6Fh \
  -ASFR55=01B80h-01BEFh -ASFR56=01C00h-01C6Fh -ASFR57=01C80h-01CEFh \
  -ASFR58=01D00h-01D6Fh -ASFR59=01D80h-01DEFh -ASFR60=01E00h-01E6Fh \
  -ASFR61=01E80h-01EEFh -ASFR62=01F00h-01F6Fh -ASFR63=01F80h-01FEFh \
  -preset_vec=00h,intentry=04h,init,end_init -ppowerup=CODE -pcinit=CODE \
  -pfunctab=ENTRY -ACONFIG=08007h-0800Bh -pconfig=CONFIG -DCONFIG=2 \
  -AIDLOC=08000h-08003h -pidloc=IDLOC -DIDLOC=2 -AEEDATA=00h-0FFh/0F000h \
  -peeprom_data=EEDATA -DEEDATA=2 -DCODE=2 -DSTRCODE=2 -DSTRING=2 -DCONST=2 \
  -DENTRY=2 -k C:\Users\geoffrey\AppData\Local\Temp\sjc.o \
  dist/soundlevel/debug\Sound_Level.debug.o 

Object code version is 3.11

Machine type is 16F18446



                Name                               Link     Load   Length Selector   Space Scale
C:\Users\geoffrey\AppData\Local\Temp\sjc.o
                end_init                             31       31        2        8       0
                reset_vec                             0        0        2        0       0
                config                             8007     8007        5    1000E       0
dist/soundlevel/debug\Sound_Level.debug.o
                cinit                                33       33       30        8       0
                intentry                              4        4       2D        8       0
                text69                              8BE      8BE        6     117C       0
                text68                              F17      F17       74     1E2E       0
                text67                              9B8      9B8       14     1370       0
                text66                              183      183      120        8       0
                text65                              546      546       C1        8       0
                text64                              E3D      E3D       68     1C7A       0
                text63                              8A7      8A7        1     114E       0
                text62                              95C      95C        F     12B8       0
                text61                              D86      D86       54     1B0C       0
                text60                              C6B      C6B       3F     18D6       0
                text59                              8A8      8A8        1     1150       0
                text58                              96B      96B        F     12D6       0
                text57                              8A9      8A9        1     1152       0
                text56                              97A      97A        F     12F4       0
                text55                              8AA      8AA        1     1154       0
                text54                              989      989        F     1312       0
                text53                                2        2        1        0       0
                text52                              998      998        F     1330       0
                text51                              A22      A22       21     1444       0
                text49                              8AB      8AB        3     1156       0
                text48                              941      941        D     1282       0
                text47                              A64      A64       23     14C8       0
                text46                              B29      B29       31     1652       0
                text45                              8EE      8EE        9     11DC       0
                text44                              9CC      9CC       18     1398       0
                text43                              8F7      8F7        9     11EE       0
                text42                              900      900        9     1200       0
                text41                              909      909        9     1212       0
                text40                              912      912        9     1224       0
                text39                              91B      91B        9     1236       0
                text38                              D33      D33       53     1A66       0
                text37                              92D      92D        A     125A       0
                text36                              9A7      9A7       11     134E       0
                text35                              9E4      9E4       1E     13C8       0
                text34                              924      924        9     1248       0
                text33                              AAC      AAC       26     1558       0
                text32                              BBF      BBF       35     177E       0
                text31                              8AE      8AE        3     115C       0
                text30                              8D0      8D0        7     11A0       0
                text29                              F8B      F8B       75     1F16       0
                text28                              6BC      6BC       B2        8       0
                text27                              94E      94E        E     129C       0
                text26                              A87      A87       25     150E       0
                text25                              BF4      BF4       39     17E8       0
                text24                               63       63      120        8       0
                text23                              485      485       C1        8       0
                text22                              A02      A02       20     1404       0
                text21                              DDA      DDA       63     1BB4       0
                text20                              C2D      C2D       3E     185A       0
                text19                              607      607       B5        8       0
                text18                              AD2      AD2       28     15A4       0
                text17                              A43      A43       21     1486       0
                text16                              CAA      CAA       42     1954       0
                text15                              76E      76E       85        8       0
                text14                              CEC      CEC       47     19D8       0
                text13                              EA5      EA5       72     1D4A       0
                text12                              2A3      2A3      104        8       0
                text11                              8B1      8B1        3     1162       0
                text10                              8DE      8DE        8     11BC       0
                text9                               8E6      8E6        8     11CC       0
                text8                               8B4      8B4        3     1168       0
                text7                               8B7      8B7        3     116E       0
                text6                               8D7      8D7        7     11AE       0
                text5                               AFA      AFA       2F     15F4       0
                text4                               B5A      B5A       32     16B4       0
                text3                               8BA      8BA        4     1174       0
                text2                               B8C      B8C       33     1718       0
                text1                               7F3      7F3        D        8       0
                maintext                            3A7      3A7       DE        8       0
                cstackBANK0                          20       20       22       20       1
                cstackCOMMON                         70       70        C       70       1
                cstackBANK1                          A0       A0       4D       A0       1
                cstackBANK2                         120      120       34      120       1
                clrtext                             8C4      8C4        6     1188       0
                inittext                            8CA      8CA        6     1194       0
                bssBANK3                            1A0      1A0       40      1A0       1
                dataBANK2                           154      154        A      120       1
                bssBANK2                            15E      15E        8      120       1
                bssBANK1                             ED       ED        2       A0       1
                bssBANK0                             42       42       11       20       1
                dataCOMMON                           7D       7D        1       70       1
                bssCOMMON                            7C       7C        1       70       1
                nvBANK2                             166      166        2      120       1
                nvBANK1                              EF       EF        1       A0       1
                nvBANK0                              53       53        8       20       1
                stringtext1                        1000     1000       1B     2000       0
                idataBANK2                          937      937        A     126E       0
                idataCOMMON                           3        3        1        6       0

TOTAL           Name                               Link     Load   Length     Space
        CLASS   STACK          

        CLASS   CODE           
                end_init                             31       31        2         0
                cinit                                33       33       30         0
                intentry                              4        4       2D         0
                reset_vec                             0        0        2         0
                text69                              8BE      8BE        6         0
                text68                              F17      F17       74         0
                text67                              9B8      9B8       14         0
                text66                              183      183      120         0
                text65                              546      546       C1         0
                text64                              E3D      E3D       68         0
                text63                              8A7      8A7        1         0
                text62                              95C      95C        F         0
                text61                              D86      D86       54         0
                text60                              C6B      C6B       3F         0
                text59                              8A8      8A8        1         0
                text58                              96B      96B        F         0
                text57                              8A9      8A9        1         0
                text56                              97A      97A        F         0
                text55                              8AA      8AA        1         0
                text54                              989      989        F         0
                text53                                2        2        1         0
                text52                              998      998        F         0
                text51                              A22      A22       21         0
                text49                              8AB      8AB        3         0
                text48                              941      941        D         0
                text47                              A64      A64       23         0
                text46                              B29      B29       31         0
                text45                              8EE      8EE        9         0
                text44                              9CC      9CC       18         0
                text43                              8F7      8F7        9         0
                text42                              900      900        9         0
                text41                              909      909        9         0
                text40                              912      912        9         0
                text39                              91B      91B        9         0
                text38                              D33      D33       53         0
                text37                              92D      92D        A         0
                text36                              9A7      9A7       11         0
                text35                              9E4      9E4       1E         0
                text34                              924      924        9         0
                text33                              AAC      AAC       26         0
                text32                              BBF      BBF       35         0
                text31                              8AE      8AE        3         0
                text30                              8D0      8D0        7         0
                text29                              F8B      F8B       75         0
                text28                              6BC      6BC       B2         0
                text27                              94E      94E        E         0
                text26                              A87      A87       25         0
                text25                              BF4      BF4       39         0
                text24                               63       63      120         0
                text23                              485      485       C1         0
                text22                              A02      A02       20         0
                text21                              DDA      DDA       63         0
                text20                              C2D      C2D       3E         0
                text19                              607      607       B5         0
                text18                              AD2      AD2       28         0
                text17                              A43      A43       21         0
                text16                              CAA      CAA       42         0
                text15                              76E      76E       85         0
                text14                              CEC      CEC       47         0
                text13                              EA5      EA5       72         0
                text12                              2A3      2A3      104         0
                text11                              8B1      8B1        3         0
                text10                              8DE      8DE        8         0
                text9                               8E6      8E6        8         0
                text8                               8B4      8B4        3         0
                text7                               8B7      8B7        3         0
                text6                               8D7      8D7        7         0
                text5                               AFA      AFA       2F         0
                text4                               B5A      B5A       32         0
                text3                               8BA      8BA        4         0
                text2                               B8C      B8C       33         0
                text1                               7F3      7F3        D         0
                maintext                            3A7      3A7       DE         0
                clrtext                             8C4      8C4        6         0
                inittext                            8CA      8CA        6         0
                idataBANK2                          937      937        A         0
                idataCOMMON                           3        3        1         0

        CLASS   STRCODE        
                stringtext1                        1000     1000       1B         0

        CLASS   STRING         

        CLASS   CONST          

        CLASS   ENTRY          

        CLASS   COMMON         
                cstackCOMMON                         70       70        C         1
                dataCOMMON                           7D       7D        1         1
                bssCOMMON                            7C       7C        1         1

        CLASS   BANK0          
                cstackBANK0                          20       20       22         1
                bssBANK0                             42       42       11         1
                nvBANK0                              53       53        8         1

        CLASS   BANK1          
                cstackBANK1                          A0       A0       4D         1
                bssBANK1                             ED       ED        2         1
                nvBANK1                              EF       EF        1         1

        CLASS   BANK2          
                cstackBANK2                         120      120       34         1
                dataBANK2                           154      154        A         1
                bssBANK2                            15E      15E        8         1
                nvBANK2                             166      166        2         1

        CLASS   BANK3          
                bssBANK3                            1A0      1A0       40         1

        CLASS   BANK4          

        CLASS   BANK5          

        CLASS   BANK6          

        CLASS   BANK7          

        CLASS   BANK8          

        CLASS   BANK9          

        CLASS   BANK10         

        CLASS   BANK11         

        CLASS   BANK12         

        CLASS   BANK13         

        CLASS   BANK14         

        CLASS   BANK15         

        CLASS   BANK16         

        CLASS   BANK17         

        CLASS   BANK18         

        CLASS   BANK19         

        CLASS   BANK20         

        CLASS   BANK21         

        CLASS   BANK22         

        CLASS   BANK23         

        CLASS   BANK24         

        CLASS   BANK25         

        CLASS   BIGRAM         

        CLASS   RAM            

        CLASS   ABS1           
                abs_s1                               7E       7E        2         1

        CLASS   SFR0           

        CLASS   SFR1           

        CLASS   SFR2           

        CLASS   SFR3           

        CLASS   SFR4           

        CLASS   SFR5           

        CLASS   SFR6           

        CLASS   SFR7           

        CLASS   SFR8           

        CLASS   SFR9           

        CLASS   SFR10          

        CLASS   SFR11          

        CLASS   SFR12          

        CLASS   SFR13          

        CLASS   SFR14          

        CLASS   SFR15          

        CLASS   SFR16          

        CLASS   SFR17          

        CLASS   SFR18          

        CLASS   SFR19          

        CLASS   SFR20          

        CLASS   SFR21          

        CLASS   SFR22          

        CLASS   SFR23          

        CLASS   SFR24          

        CLASS   SFR25          

        CLASS   SFR26          

        CLASS   SFR27          

        CLASS   SFR28          

        CLASS   SFR29          

        CLASS   SFR30          

        CLASS   SFR31          

        CLASS   SFR32          

        CLASS   SFR33          

        CLASS   SFR34          

        CLASS   SFR35          

        CLASS   SFR36          

        CLASS   SFR37          

        CLASS   SFR38          

        CLASS   SFR39          

        CLASS   SFR40          

        CLASS   SFR41          

        CLASS   SFR42          

        CLASS   SFR43          

        CLASS   SFR44          

        CLASS   SFR45          

        CLASS   SFR46          

        CLASS   SFR47          

        CLASS   SFR48          

        CLASS   SFR49          

        CLASS   SFR50          

        CLASS   SFR51          

        CLASS   SFR52          

        CLASS   SFR53          

        CLASS   SFR54          

        CLASS   SFR55          

        CLASS   SFR56          

        CLASS   SFR57          

        CLASS   SFR58          

        CLASS   SFR59          

        CLASS   SFR60          

        CLASS   SFR61          

        CLASS   SFR62          

        CLASS   SFR63          

        CLASS   CONFIG         
                config                             8007     8007        5         0

        CLASS   IDLOC          

        CLASS   EEDATA         

        CLASS   BANK63         

        CLASS   BANK62         

        CLASS   BANK61         

        CLASS   BANK60         

        CLASS   BANK59         

        CLASS   BANK58         

        CLASS   BANK57         

        CLASS   BANK56         

        CLASS   BANK55         

        CLASS   BANK54         

        CLASS   BANK53         

        CLASS   BANK52         

        CLASS   BANK51         

        CLASS   BANK50         

        CLASS   BANK49         

        CLASS   BANK48         

        CLASS   BANK47         

        CLASS   BANK46         

        CLASS   BANK45         

        CLASS   BANK44         

        CLASS   BANK43         

        CLASS   BANK42         

        CLASS   BANK41         

        CLASS   BANK40         

        CLASS   BANK39         

        CLASS   BANK38         

        CLASS   BANK37         

        CLASS   BANK36         

        CLASS   BANK35         

        CLASS   BANK34         

        CLASS   BANK33         

        CLASS   BANK32         

        CLASS   BANK31         

        CLASS   BANK30         

        CLASS   BANK29         

        CLASS   BANK28         

        CLASS   BANK27         

        CLASS   BANK26         



SEGMENTS        Name                           Load    Length   Top    Selector   Space  Class     Delta

                reset_vec                      000000  000003  000003         0       0  CODE        2
                idataCOMMON                    000003  000001  000004         6       0  CODE        2
                intentry                       000004  0007FC  000800         8       0  CODE        2
                cstackBANK0                    000020  00003B  00005B        20       1  BANK0       1
                cstackCOMMON                   000070  00000E  00007E        70       1  COMMON      1
                cstackBANK1                    0000A0  000050  0000F0        A0       1  BANK1       1
                cstackBANK2                    000120  000048  000168       120       1  BANK2       1
                bssBANK3                       0001A0  000040  0001E0       1A0       1  BANK3       1
                text63                         0008A7  000001  0008A8      114E       0  CODE        2
                text59                         0008A8  000001  0008A9      1150       0  CODE        2
                text57                         0008A9  000001  0008AA      1152       0  CODE        2
                text55                         0008AA  000001  0008AB      1154       0  CODE        2
                text49                         0008AB  000003  0008AE      1156       0  CODE        2
                text31                         0008AE  000003  0008B1      115C       0  CODE        2
                text11                         0008B1  000003  0008B4      1162       0  CODE        2
                text8                          0008B4  000003  0008B7      1168       0  CODE        2
                text7                          0008B7  000003  0008BA      116E       0  CODE        2
                text3                          0008BA  000004  0008BE      1174       0  CODE        2
                text69                         0008BE  000006  0008C4      117C       0  CODE        2
                clrtext                        0008C4  000006  0008CA      1188       0  CODE        2
                inittext                       0008CA  000006  0008D0      1194       0  CODE        2
                text30                         0008D0  000007  0008D7      11A0       0  CODE        2
                text6                          0008D7  000007  0008DE      11AE       0  CODE        2
                text10                         0008DE  000008  0008E6      11BC       0  CODE        2
                text9                          0008E6  000008  0008EE      11CC       0  CODE        2
                text45                         0008EE  000009  0008F7      11DC       0  CODE        2
                text43                         0008F7  000009  000900      11EE       0  CODE        2
                text42                         000900  000009  000909      1200       0  CODE        2
                text41                         000909  000009  000912      1212       0  CODE        2
                text40                         000912  000009  00091B      1224       0  CODE        2
                text39                         00091B  000009  000924      1236       0  CODE        2
                text34                         000924  000009  00092D      1248       0  CODE        2
                text37                         00092D  00000A  000937      125A       0  CODE        2
                idataBANK2                     000937  00000A  000941      126E       0  CODE        2
                text48                         000941  00000D  00094E      1282       0  CODE        2
                text27                         00094E  00000E  00095C      129C       0  CODE        2
                text62                         00095C  00000F  00096B      12B8       0  CODE        2
                text58                         00096B  00000F  00097A      12D6       0  CODE        2
                text56                         00097A  00000F  000989      12F4       0  CODE        2
                text54                         000989  00000F  000998      1312       0  CODE        2
                text52                         000998  00000F  0009A7      1330       0  CODE        2
                text36                         0009A7  000011  0009B8      134E       0  CODE        2
                text67                         0009B8  000014  0009CC      1370       0  CODE        2
                text44                         0009CC  000018  0009E4      1398       0  CODE        2
                text35                         0009E4  00001E  000A02      13C8       0  CODE        2
                text22                         000A02  000020  000A22      1404       0  CODE        2
                text51                         000A22  000021  000A43      1444       0  CODE        2
                text17                         000A43  000021  000A64      1486       0  CODE        2
                text47                         000A64  000023  000A87      14C8       0  CODE        2
                text26                         000A87  000025  000AAC      150E       0  CODE        2
                text33                         000AAC  000026  000AD2      1558       0  CODE        2
                text18                         000AD2  000028  000AFA      15A4       0  CODE        2
                text5                          000AFA  00002F  000B29      15F4       0  CODE        2
                text46                         000B29  000031  000B5A      1652       0  CODE        2
                text4                          000B5A  000032  000B8C      16B4       0  CODE        2
                text2                          000B8C  000033  000BBF      1718       0  CODE        2
                text32                         000BBF  000035  000BF4      177E       0  CODE        2
                text25                         000BF4  000039  000C2D      17E8       0  CODE        2
                text20                         000C2D  00003E  000C6B      185A       0  CODE        2
                text60                         000C6B  00003F  000CAA      18D6       0  CODE        2
                text16                         000CAA  000042  000CEC      1954       0  CODE        2
                text14                         000CEC  000047  000D33      19D8       0  CODE        2
                text38                         000D33  000053  000D86      1A66       0  CODE        2
                text61                         000D86  000054  000DDA      1B0C       0  CODE        2
                text21                         000DDA  000063  000E3D      1BB4       0  CODE        2
                text64                         000E3D  000068  000EA5      1C7A       0  CODE        2
                text13                         000EA5  000072  000F17      1D4A       0  CODE        2
                text68                         000F17  000074  000F8B      1E2E       0  CODE        2
                text29                         000F8B  000075  001000      1F16       0  CODE        2
                stringtext1                    001000  00001B  00101B      2000       0  STRCODE     2
                config                         008007  000005  00800C     1000E       0  CONFIG      2


UNUSED ADDRESS RANGES

        Name                Unused          Largest block    Delta
        BANK0            0005B-0006F              15           1
        BANK10           00520-0056F              50           1
        BANK11           005A0-005EF              50           1
        BANK12           00620-0066F              50           1
        BANK13           006A0-006EF              50           1
        BANK14           00720-0076F              50           1
        BANK15           007A0-007EF              50           1
        BANK16           00820-0086F              50           1
        BANK17           008A0-008EF              50           1
        BANK18           00920-0096F              50           1
        BANK19           009A0-009EF              50           1
        BANK2            00168-0016F               8           1
        BANK20           00A20-00A6F              50           1
        BANK21           00AA0-00AEF              50           1
        BANK22           00B20-00B6F              50           1
        BANK23           00BA0-00BEF              50           1
        BANK24           00C20-00C6F              50           1
        BANK25           00CA0-00CBF              20           1
        BANK3            001E0-001EF              10           1
        BANK4            00220-0026F              50           1
        BANK5            002A0-002EF              50           1
        BANK6            00320-0036F              50           1
        BANK7            003A0-003EF              50           1
        BANK8            00420-0046F              50           1
        BANK9            004A0-004EF              50           1
        BIGRAM           02000-027EF             7F0           1
        CODE             00800-008A6              A7           2
                         0101B-03FFF             800
        CONST            00800-008A6              A7           2
                         0101B-03FFF             100
        EEDATA           0F000-0F0FF             100           2
        ENTRY            00800-008A6              A7           2
                         0101B-03FFF             100
        IDLOC            08000-08003               4           2
        RAM              0005B-0006F              15           1
                         00168-0016F               8
                         001E0-001EF              10
                         00220-0026F              50
                         002A0-002EF              50
                         00320-0036F              50
                         003A0-003EF              50
                         00420-0046F              50
                         004A0-004EF              50
                         00520-0056F              50
                         005A0-005EF              50
                         00620-0066F              50
                         006A0-006EF              50
                         00720-0076F              50
                         007A0-007EF              50
                         00820-0086F              50
                         008A0-008EF              50
                         00920-0096F              50
                         009A0-009EF              50
                         00A20-00A6F              50
                         00AA0-00AEF              50
                         00B20-00B6F              50
                         00BA0-00BEF              50
                         00C20-00C6F              50
                         00CA0-00CBF              20
        SFR0             00000-0001F              20           1
        SFR1             00080-0009F              20           1
        SFR10            00500-0051F              20           1
        SFR11            00580-0059F              20           1
        SFR12            00600-0061F              20           1
        SFR13            00680-0069F              20           1
        SFR14            00700-0071F              20           1
        SFR15            00780-0079F              20           1
        SFR16            00800-0081F              20           1
        SFR17            00880-0089F              20           1
        SFR18            00900-0091F              20           1
        SFR19            00980-0099F              20           1
        SFR2             00100-0011F              20           1
        SFR20            00A00-00A1F              20           1
        SFR21            00A80-00A9F              20           1
        SFR22            00B00-00B1F              20           1
        SFR23            00B80-00B9F              20           1
        SFR24            00C00-00C1F              20           1
        SFR25            00C80-00C9F              20           1
        SFR26            00D00-00D6F              70           1
        SFR27            00D80-00DEF              70           1
        SFR28            00E00-00E6F              70           1
        SFR29            00E80-00EEF              70           1
        SFR3             00180-0019F              20           1
        SFR30            00F00-00F6F              70           1
        SFR31            00F80-00FEF              70           1
        SFR32            01000-0106F              70           1
        SFR33            01080-010EF              70           1
        SFR34            01100-0116F              70           1
        SFR35            01180-011EF              70           1
        SFR36            01200-0126F              70           1
        SFR37            01280-012EF              70           1
        SFR38            01300-0136F              70           1
        SFR39            01380-013EF              70           1
        SFR4             00200-0021F              20           1
        SFR40            01400-0146F              70           1
        SFR41            01480-014EF              70           1
        SFR42            01500-0156F              70           1
        SFR43            01580-015EF              70           1
        SFR44            01600-0166F              70           1
        SFR45            01680-016EF              70           1
        SFR46            01700-0176F              70           1
        SFR47            01780-017EF              70           1
        SFR48            01800-0186F              70           1
        SFR49            01880-018EF              70           1
        SFR5             00280-0029F              20           1
        SFR50            01900-0196F              70           1
        SFR51            01980-019EF              70           1
        SFR52            01A00-01A6F              70           1
        SFR53            01A80-01AEF              70           1
        SFR54            01B00-01B6F              70           1
        SFR55            01B80-01BEF              70           1
        SFR56            01C00-01C6F              70           1
        SFR57            01C80-01CEF              70           1
        SFR58            01D00-01D6F              70           1
        SFR59            01D80-01DEF              70           1
        SFR6             00300-0031F              20           1
        SFR60            01E00-01E6F              70           1
        SFR61            01E80-01EEF              70           1
        SFR62            01F00-01F6F              70           1
        SFR63            01F80-01FEF              70           1
        SFR7             00380-0039F              20           1
        SFR8             00400-0041F              20           1
        SFR9             00480-0049F              20           1
        STACK            02130-027EF             6C0           1
        STRCODE          00800-008A6              A7           2
                         0101B-03FFF            2FE5
        STRING           00800-008A6              A7           2
                         0101B-03FFF             100

                                  Symbol Table

?_ADCC_GetConversionResult                   cstackCOMMON 00070
?___altoft                                   cstackBANK1  000D6
?___awtoft                                   cstackBANK1  000A8
?___ftadd                                    cstackBANK1  000C8
?___ftdiv                                    cstackBANK1  000A8
?___ftmul                                    cstackBANK1  000B8
?___ftpack                                   cstackBANK1  000A0
?___ftsub                                    cstackBANK1  000E7
?___fttol                                    cstackBANK1  000C8
?___lwtoft                                   cstackCOMMON 00078
?___wmul                                     cstackBANK1  000A0
?_eval_poly                                  cstackBANK1  000D5
?_frexp                                      cstackBANK1  000A0
?_log                                        cstackBANK1  000DF
?_log10                                      cstackBANK1  000E5
?_round                                      cstackBANK2  00120
?_trunc                                      cstackBANK1  000DE
?i1___ftadd                                  cstackBANK0  00030
?i1___ftmul                                  cstackBANK0  00020
?i1___ftpack                                 cstackCOMMON 00070
ADCC_SetADIInterruptHandler@InterruptHandler cstackBANK1  000A0
ADCC_StartConversion@channel                 cstackBANK1  000A0
I2C1_GetCommand@cmd                          cstackBANK1  000A1
I2C1_GetCommandData@data                     cstackBANK1  000A2
I2C1_GetCommandData@len                      cstackBANK1  000A0
I2C1_ISR@i2c_data                            cstackCOMMON 00073
I2C1_Initialize@slave_address                cstackBANK1  000A0
I2C1_SetTransmitData@data                    cstackBANK1  000A3
I2C1_SetTransmitData@len                     cstackBANK1  000A0
I2C1_StatusCallback@i2c_bus_state            cstackCOMMON 00071
I2C1_StatusCallback@slaveWriteType           bssBANK0     0004E
IOCCF0_SetInterruptHandler@InterruptHandler  cstackBANK1  000A0
IOCCF2_SetInterruptHandler@InterruptHandler  cstackBANK1  000A0
IOCCF4_SetInterruptHandler@InterruptHandler  cstackBANK1  000A0
IOCCF6_SetInterruptHandler@InterruptHandler  cstackBANK1  000A0
SYSTEM_Initialize@slave_address              cstackBANK1  000A2
SoundLevel_GetData@data                      cstackBANK1  000A0
SoundLevel_GetData@length                    cstackBANK1  000A1
SoundLevel_GetSample@sample                  cstackBANK0  0003D
SoundLevel_GetSample@voltageToPressure       cstackBANK0  0003F
SoundLevel_Loop@startMeasurement             cstackBANK2  00137
SoundLevel_PrepareData@dBZ                   cstackBANK2  00130
SoundLevel_PrepareData@dataToSend            cstackBANK2  00133
SoundLevel_PrepareData@presAvgSquared        cstackBANK2  00127
SoundLevel_SetThreshold@metric               cstackBANK1  000A0
SoundLevel_SetThreshold@thresholdData        cstackBANK1  000A1
_ADACCH                                      (abs)        00097
_ADACCL                                      (abs)        00096
_ADACCU                                      (abs)        00098
_ADACQH                                      (abs)        0010D
_ADACQL                                      (abs)        0010C
_ADACT                                       (abs)        00117
_ADCAP                                       (abs)        0010E
_ADCC_ADI_InterruptHandler                   bssBANK0     0004B
_ADCC_DefaultInterruptHandler                text63       008A7
_ADCC_DisableContinuousConversion            text8        008B4
_ADCC_EnableContinuousConversion             text11       008B1
_ADCC_GetConversionResult                    text69       008BE
_ADCC_ISR                                    text62       0095C
_ADCC_Initialize                             text33       00AAC
_ADCC_SetADIInterruptHandler                 text34       00924
_ADCC_StartConversion                        text10       008DE
_ADCC_StopConversion                         text7        008B7
_ADCLK                                       (abs)        00118
_ADCNT                                       (abs)        00099
_ADCON0                                      (abs)        00111
_ADCON0bits                                  (abs)        00111
_ADCON1                                      (abs)        00112
_ADCON1bits                                  (abs)        00112
_ADCON2                                      (abs)        00113
_ADCON2bits                                  (abs)        00113
_ADCON3                                      (abs)        00114
_ADCON3bits                                  (abs)        00114
_ADERRH                                      (abs)        00091
_ADERRL                                      (abs)        00090
_ADFLTRH                                     (abs)        00095
_ADFLTRL                                     (abs)        00094
_ADLTHH                                      (abs)        0008D
_ADLTHL                                      (abs)        0008C
_ADPCH                                       (abs)        0009F
_ADPREH                                      (abs)        00110
_ADPREL                                      (abs)        0010F
_ADPREVH                                     (abs)        0009C
_ADPREVL                                     (abs)        0009B
_ADREF                                       (abs)        00116
_ADRESH                                      (abs)        0009E
_ADRESL                                      (abs)        0009D
_ADRPT                                       (abs)        0009A
_ADSTAT                                      (abs)        00115
_ADSTATbits                                  (abs)        00115
_ADSTPTH                                     (abs)        00093
_ADSTPTL                                     (abs)        00092
_ADUTHH                                      (abs)        0008F
_ADUTHL                                      (abs)        0008E
_ANSELA                                      (abs)        01F38
_ANSELB                                      (abs)        01F43
_ANSELC                                      (abs)        01F4E
_I2C1_CommandReceived                        text49       008AB
_I2C1_GetCommand                             text48       00941
_I2C1_GetCommandData                         text47       00A64
_I2C1_ISR                                    text60       00C6B
_I2C1_Initialize                             text44       009CC
_I2C1_SetTransmitData                        text46       00B29
_I2C1_StatusCallback                         text61       00D86
_I2C1_TxBufferEmpty                          text45       008EE
_I2C1_slaveWriteData                         dataCOMMON   0007D
_INLVLA                                      (abs)        01F3C
_INLVLB                                      (abs)        01F47
_INLVLC                                      (abs)        01F52
_INTCONbits                                  (abs)        0000B
_INTERRUPT_InterruptManager                  intentry     00004
_IOCCF0_DefaultInterruptHandler              text59       008A8
_IOCCF0_ISR                                  text58       0096B
_IOCCF0_InterruptHandler                     nvBANK0      00059
_IOCCF0_SetInterruptHandler                  text42       00900
_IOCCF2_DefaultInterruptHandler              text57       008A9
_IOCCF2_ISR                                  text56       0097A
_IOCCF2_InterruptHandler                     nvBANK0      00057
_IOCCF2_SetInterruptHandler                  text41       00909
_IOCCF4_DefaultInterruptHandler              text55       008AA
_IOCCF4_ISR                                  text54       00989
_IOCCF4_InterruptHandler                     nvBANK0      00055
_IOCCF4_SetInterruptHandler                  text40       00912
_IOCCF6_DefaultInterruptHandler              text53       00002
_IOCCF6_ISR                                  text52       00998
_IOCCF6_InterruptHandler                     nvBANK0      00053
_IOCCF6_SetInterruptHandler                  text39       0091B
_IOCCFbits                                   (abs)        01F55
_LATA                                        (abs)        00018
_LATB                                        (abs)        00019
_LATC                                        (abs)        0001A
_LATCbits                                    (abs)        0001A
_ODCONA                                      (abs)        01F3A
_ODCONB                                      (abs)        01F45
_ODCONC                                      (abs)        01F50
_OSCCON1                                     (abs)        0088D
_OSCCON3                                     (abs)        0088F
_OSCEN                                       (abs)        00891
_OSCFRQ                                      (abs)        00893
_OSCILLATOR_Initialize                       text43       008F7
_OSCTUNE                                     (abs)        00892
_PIE0bits                                    (abs)        00716
_PIE1bits                                    (abs)        00717
_PIE3bits                                    (abs)        00719
_PIN_MANAGER_IOC                             text51       00A22
_PIN_MANAGER_Initialize                      text38       00D33
_PIR0bits                                    (abs)        0070C
_PIR1bits                                    (abs)        0070D
_PIR3bits                                    (abs)        0070F
_PMD0                                        (abs)        00796
_PMD1                                        (abs)        00797
_PMD2                                        (abs)        00798
_PMD3                                        (abs)        00799
_PMD4                                        (abs)        0079A
_PMD5                                        (abs)        0079B
_PMD6                                        (abs)        0079C
_PMD7                                        (abs)        0079D
_PMD_Initialize                              text37       0092D
_RB5PPS                                      (abs)        01F1D
_RB7PPS                                      (abs)        01F1F
_SLRCONA                                     (abs)        01F3B
_SLRCONB                                     (abs)        01F46
_SLRCONC                                     (abs)        01F51
_SSP1ADD                                     (abs)        0018D
_SSP1BUF                                     (abs)        0018C
_SSP1CLKPPS                                  (abs)        01EC5
_SSP1CON1                                    (abs)        00190
_SSP1CON1bits                                (abs)        00190
_SSP1CON2                                    (abs)        00191
_SSP1CON2bits                                (abs)        00191
_SSP1CON3                                    (abs)        00192
_SSP1CON3bits                                (abs)        00192
_SSP1DATPPS                                  (abs)        01EC6
_SSP1MSK                                     (abs)        0018E
_SSP1STAT                                    (abs)        0018F
_SSP1STATbits                                (abs)        0018F
_SSP2ADD                                     (abs)        00197
_SSP2BUF                                     (abs)        00196
_SSP2CON1                                    (abs)        0019A
_SSP2CON1bits                                (abs)        0019A
_SSP2STAT                                    (abs)        00199
_SSP2STATbits                                (abs)        00199
_STATUSbits                                  (abs)        00003
_SYSTEM_Initialize                           text36       009A7
_SoundLevel_GetData                          text35       009E4
_SoundLevel_GetSample                        text64       00E3D
_SoundLevel_Init                             text32       00BBF
_SoundLevel_LedOff                           text30       008D0
_SoundLevel_LedOn                            text31       008AE
_SoundLevel_Loop                             text4        00B5A
_SoundLevel_Measure                          text3        008BA
_SoundLevel_PrepareData                      text12       002A3
_SoundLevel_PrepareData$2550                 cstackBANK2  0012A
_SoundLevel_PrepareData$2551                 cstackBANK2  0012D
_SoundLevel_SetThreshold                     text2        00B8C
_SoundLevel_StartADC                         text9        008E6
_SoundLevel_StopADC                          text6        008D7
_TRISA                                       (abs)        00012
_TRISB                                       (abs)        00013
_TRISC                                       (abs)        00014
_TRISCbits                                   (abs)        00014
_WDTCON0                                     (abs)        0080C
_WDTCON0bits                                 (abs)        0080C
_WDTCON1                                     (abs)        0080D
_WPUA                                        (abs)        01F39
_WPUB                                        (abs)        01F44
_WPUC                                        (abs)        01F4F
__CFG_BBEN$OFF                               (abs)        00000
__CFG_BBSIZE$BB512                           (abs)        00000
__CFG_BOREN$ON                               (abs)        00000
__CFG_BORV$LO                                (abs)        00000
__CFG_CLKOUTEN$OFF                           (abs)        00000
__CFG_CP$OFF                                 (abs)        00000
__CFG_CSWEN$ON                               (abs)        00000
__CFG_FCMEN$ON                               (abs)        00000
__CFG_FEXTOSC$OFF                            (abs)        00000
__CFG_LPBOREN$OFF                            (abs)        00000
__CFG_LVP$ON                                 (abs)        00000
__CFG_MCLRE$ON                               (abs)        00000
__CFG_PPS1WAY$ON                             (abs)        00000
__CFG_PWRTS$OFF                              (abs)        00000
__CFG_RSTOSC$HFINT1                          (abs)        00000
__CFG_SAFEN$OFF                              (abs)        00000
__CFG_STVREN$ON                              (abs)        00000
__CFG_WDTCCS$SC                              (abs)        00000
__CFG_WDTCPS$WDTCPS_10                       (abs)        00000
__CFG_WDTCWS$WDTCWS_7                        (abs)        00000
__CFG_WDTE$SWDTEN                            (abs)        00000
__CFG_WRTAPP$OFF                             (abs)        00000
__CFG_WRTB$OFF                               (abs)        00000
__CFG_WRTC$OFF                               (abs)        00000
__CFG_WRTD$OFF                               (abs)        00000
__CFG_WRTSAF$OFF                             (abs)        00000
__CFG_ZCDDIS$OFF                             (abs)        00000
__Habs1                                      abs1         00000
__Hbank0                                     bank0        00000
__Hbank1                                     bank1        00000
__Hbank10                                    bank10       00000
__Hbank11                                    bank11       00000
__Hbank12                                    bank12       00000
__Hbank13                                    bank13       00000
__Hbank14                                    bank14       00000
__Hbank15                                    bank15       00000
__Hbank16                                    bank16       00000
__Hbank17                                    bank17       00000
__Hbank18                                    bank18       00000
__Hbank19                                    bank19       00000
__Hbank2                                     bank2        00000
__Hbank20                                    bank20       00000
__Hbank21                                    bank21       00000
__Hbank22                                    bank22       00000
__Hbank23                                    bank23       00000
__Hbank24                                    bank24       00000
__Hbank25                                    bank25       00000
__Hbank26                                    bank26       00000
__Hbank27                                    bank27       00000
__Hbank28                                    bank28       00000
__Hbank29                                    bank29       00000
__Hbank3                                     bank3        00000
__Hbank30                                    bank30       00000
__Hbank31                                    bank31       00000
__Hbank32                                    bank32       00000
__Hbank33                                    bank33       00000
__Hbank34                                    bank34       00000
__Hbank35                                    bank35       00000
__Hbank36                                    bank36       00000
__Hbank37                                    bank37       00000
__Hbank38                                    bank38       00000
__Hbank39                                    bank39       00000
__Hbank4                                     bank4        00000
__Hbank40                                    bank40       00000
__Hbank41                                    bank41       00000
__Hbank42                                    bank42       00000
__Hbank43                                    bank43       00000
__Hbank44                                    bank44       00000
__Hbank45                                    bank45       00000
__Hbank46                                    bank46       00000
__Hbank47                                    bank47       00000
__Hbank48                                    bank48       00000
__Hbank49                                    bank49       00000
__Hbank5                                     bank5        00000
__Hbank50                                    bank50       00000
__Hbank51                                    bank51       00000
__Hbank52                                    bank52       00000
__Hbank53                                    bank53       00000
__Hbank54                                    bank54       00000
__Hbank55                                    bank55       00000
__Hbank56                                    bank56       00000
__Hbank57                                    bank57       00000
__Hbank58                                    bank58       00000
__Hbank59                                    bank59       00000
__Hbank6                                     bank6        00000
__Hbank60                                    bank60       00000
__Hbank61                                    bank61       00000
__Hbank62                                    bank62       00000
__Hbank63                                    bank63       00000
__Hbank7                                     bank7        00000
__Hbank8                                     bank8        00000
__Hbank9                                     bank9        00000
__Hbigram                                    bigram       00000
__HbssBANK0                                  bssBANK0     00000
__HbssBANK1                                  bssBANK1     00000
__HbssBANK2                                  bssBANK2     00000
__HbssBANK3                                  bssBANK3     00000
__HbssCOMMON                                 bssCOMMON    00000
__Hcinit                                     cinit        00063
__Hclrtext                                   clrtext      00000
__Hcode                                      code         00000
__Hcommon                                    common       00000
__Hconfig                                    config       0800C
__HcstackBANK0                               cstackBANK0  00000
__HcstackBANK1                               cstackBANK1  00000
__HcstackBANK2                               cstackBANK2  00000
__HcstackCOMMON                              cstackCOMMON 00000
__HdataBANK2                                 dataBANK2    00000
__HdataCOMMON                                dataCOMMON   00000
__Heeprom_data                               eeprom_data  00000
__Hend_init                                  end_init     00033
__Hfunctab                                   functab      00000
__HidataBANK2                                idataBANK2   00000
__HidataCOMMON                               idataCOMMON  00000
__Hidloc                                     idloc        00000
__Hinit                                      init         00031
__Hinittext                                  inittext     00000
__Hintentry                                  intentry     00031
__Hmaintext                                  maintext     00000
__HnvBANK0                                   nvBANK0      00000
__HnvBANK1                                   nvBANK1      00000
__HnvBANK2                                   nvBANK2      00000
__Hpowerup                                   powerup      00000
__Hram                                       ram          00000
__Hreset_vec                                 reset_vec    00002
__Hsfr0                                      sfr0         00000
__Hsfr1                                      sfr1         00000
__Hsfr10                                     sfr10        00000
__Hsfr11                                     sfr11        00000
__Hsfr12                                     sfr12        00000
__Hsfr13                                     sfr13        00000
__Hsfr14                                     sfr14        00000
__Hsfr15                                     sfr15        00000
__Hsfr16                                     sfr16        00000
__Hsfr17                                     sfr17        00000
__Hsfr18                                     sfr18        00000
__Hsfr19                                     sfr19        00000
__Hsfr2                                      sfr2         00000
__Hsfr20                                     sfr20        00000
__Hsfr21                                     sfr21        00000
__Hsfr22                                     sfr22        00000
__Hsfr23                                     sfr23        00000
__Hsfr24                                     sfr24        00000
__Hsfr25                                     sfr25        00000
__Hsfr26                                     sfr26        00000
__Hsfr27                                     sfr27        00000
__Hsfr28                                     sfr28        00000
__Hsfr29                                     sfr29        00000
__Hsfr3                                      sfr3         00000
__Hsfr30                                     sfr30        00000
__Hsfr31                                     sfr31        00000
__Hsfr32                                     sfr32        00000
__Hsfr33                                     sfr33        00000
__Hsfr34                                     sfr34        00000
__Hsfr35                                     sfr35        00000
__Hsfr36                                     sfr36        00000
__Hsfr37                                     sfr37        00000
__Hsfr38                                     sfr38        00000
__Hsfr39                                     sfr39        00000
__Hsfr4                                      sfr4         00000
__Hsfr40                                     sfr40        00000
__Hsfr41                                     sfr41        00000
__Hsfr42                                     sfr42        00000
__Hsfr43                                     sfr43        00000
__Hsfr44                                     sfr44        00000
__Hsfr45                                     sfr45        00000
__Hsfr46                                     sfr46        00000
__Hsfr47                                     sfr47        00000
__Hsfr48                                     sfr48        00000
__Hsfr49                                     sfr49        00000
__Hsfr5                                      sfr5         00000
__Hsfr50                                     sfr50        00000
__Hsfr51                                     sfr51        00000
__Hsfr52                                     sfr52        00000
__Hsfr53                                     sfr53        00000
__Hsfr54                                     sfr54        00000
__Hsfr55                                     sfr55        00000
__Hsfr56                                     sfr56        00000
__Hsfr57                                     sfr57        00000
__Hsfr58                                     sfr58        00000
__Hsfr59                                     sfr59        00000
__Hsfr6                                      sfr6         00000
__Hsfr60                                     sfr60        00000
__Hsfr61                                     sfr61        00000
__Hsfr62                                     sfr62        00000
__Hsfr63                                     sfr63        00000
__Hsfr7                                      sfr7         00000
__Hsfr8                                      sfr8         00000
__Hsfr9                                      sfr9         00000
__Hspace_0                                   (abs)        0800C
__Hspace_1                                   (abs)        001E0
__Hspace_2                                   (abs)        00000
__Hspace_3                                   (abs)        00000
__Hstack                                     stack        00000
__Hstrings                                   strings      00000
__Hstringtext1                               stringtext1  00000
__Htext                                      text         00000
__Labs1                                      abs1         00000
__Lbank0                                     bank0        00000
__Lbank1                                     bank1        00000
__Lbank10                                    bank10       00000
__Lbank11                                    bank11       00000
__Lbank12                                    bank12       00000
__Lbank13                                    bank13       00000
__Lbank14                                    bank14       00000
__Lbank15                                    bank15       00000
__Lbank16                                    bank16       00000
__Lbank17                                    bank17       00000
__Lbank18                                    bank18       00000
__Lbank19                                    bank19       00000
__Lbank2                                     bank2        00000
__Lbank20                                    bank20       00000
__Lbank21                                    bank21       00000
__Lbank22                                    bank22       00000
__Lbank23                                    bank23       00000
__Lbank24                                    bank24       00000
__Lbank25                                    bank25       00000
__Lbank26                                    bank26       00000
__Lbank27                                    bank27       00000
__Lbank28                                    bank28       00000
__Lbank29                                    bank29       00000
__Lbank3                                     bank3        00000
__Lbank30                                    bank30       00000
__Lbank31                                    bank31       00000
__Lbank32                                    bank32       00000
__Lbank33                                    bank33       00000
__Lbank34                                    bank34       00000
__Lbank35                                    bank35       00000
__Lbank36                                    bank36       00000
__Lbank37                                    bank37       00000
__Lbank38                                    bank38       00000
__Lbank39                                    bank39       00000
__Lbank4                                     bank4        00000
__Lbank40                                    bank40       00000
__Lbank41                                    bank41       00000
__Lbank42                                    bank42       00000
__Lbank43                                    bank43       00000
__Lbank44                                    bank44       00000
__Lbank45                                    bank45       00000
__Lbank46                                    bank46       00000
__Lbank47                                    bank47       00000
__Lbank48                                    bank48       00000
__Lbank49                                    bank49       00000
__Lbank5                                     bank5        00000
__Lbank50                                    bank50       00000
__Lbank51                                    bank51       00000
__Lbank52                                    bank52       00000
__Lbank53                                    bank53       00000
__Lbank54                                    bank54       00000
__Lbank55                                    bank55       00000
__Lbank56                                    bank56       00000
__Lbank57                                    bank57       00000
__Lbank58                                    bank58       00000
__Lbank59                                    bank59       00000
__Lbank6                                     bank6        00000
__Lbank60                                    bank60       00000
__Lbank61                                    bank61       00000
__Lbank62                                    bank62       00000
__Lbank63                                    bank63       00000
__Lbank7                                     bank7        00000
__Lbank8                                     bank8        00000
__Lbank9                                     bank9        00000
__Lbigram                                    bigram       00000
__LbssBANK0                                  bssBANK0     00000
__LbssBANK1                                  bssBANK1     00000
__LbssBANK2                                  bssBANK2     00000
__LbssBANK3                                  bssBANK3     00000
__LbssCOMMON                                 bssCOMMON    00000
__Lcinit                                     cinit        00033
__Lclrtext                                   clrtext      00000
__Lcode                                      code         00000
__Lcommon                                    common       00000
__Lconfig                                    config       08007
__LcstackBANK0                               cstackBANK0  00000
__LcstackBANK1                               cstackBANK1  00000
__LcstackBANK2                               cstackBANK2  00000
__LcstackCOMMON                              cstackCOMMON 00000
__LdataBANK2                                 dataBANK2    00000
__LdataCOMMON                                dataCOMMON   00000
__Leeprom_data                               eeprom_data  00000
__Lend_init                                  end_init     00031
__Lfunctab                                   functab      00000
__LidataBANK2                                idataBANK2   00000
__LidataCOMMON                               idataCOMMON  00000
__Lidloc                                     idloc        00000
__Linit                                      init         00031
__Linittext                                  inittext     00000
__Lintentry                                  intentry     00004
__Lmaintext                                  maintext     00000
__LnvBANK0                                   nvBANK0      00000
__LnvBANK1                                   nvBANK1      00000
__LnvBANK2                                   nvBANK2      00000
__Lpowerup                                   powerup      00000
__Lram                                       ram          00000
__Lreset_vec                                 reset_vec    00000
__Lsfr0                                      sfr0         00000
__Lsfr1                                      sfr1         00000
__Lsfr10                                     sfr10        00000
__Lsfr11                                     sfr11        00000
__Lsfr12                                     sfr12        00000
__Lsfr13                                     sfr13        00000
__Lsfr14                                     sfr14        00000
__Lsfr15                                     sfr15        00000
__Lsfr16                                     sfr16        00000
__Lsfr17                                     sfr17        00000
__Lsfr18                                     sfr18        00000
__Lsfr19                                     sfr19        00000
__Lsfr2                                      sfr2         00000
__Lsfr20                                     sfr20        00000
__Lsfr21                                     sfr21        00000
__Lsfr22                                     sfr22        00000
__Lsfr23                                     sfr23        00000
__Lsfr24                                     sfr24        00000
__Lsfr25                                     sfr25        00000
__Lsfr26                                     sfr26        00000
__Lsfr27                                     sfr27        00000
__Lsfr28                                     sfr28        00000
__Lsfr29                                     sfr29        00000
__Lsfr3                                      sfr3         00000
__Lsfr30                                     sfr30        00000
__Lsfr31                                     sfr31        00000
__Lsfr32                                     sfr32        00000
__Lsfr33                                     sfr33        00000
__Lsfr34                                     sfr34        00000
__Lsfr35                                     sfr35        00000
__Lsfr36                                     sfr36        00000
__Lsfr37                                     sfr37        00000
__Lsfr38                                     sfr38        00000
__Lsfr39                                     sfr39        00000
__Lsfr4                                      sfr4         00000
__Lsfr40                                     sfr40        00000
__Lsfr41                                     sfr41        00000
__Lsfr42                                     sfr42        00000
__Lsfr43                                     sfr43        00000
__Lsfr44                                     sfr44        00000
__Lsfr45                                     sfr45        00000
__Lsfr46                                     sfr46        00000
__Lsfr47                                     sfr47        00000
__Lsfr48                                     sfr48        00000
__Lsfr49                                     sfr49        00000
__Lsfr5                                      sfr5         00000
__Lsfr50                                     sfr50        00000
__Lsfr51                                     sfr51        00000
__Lsfr52                                     sfr52        00000
__Lsfr53                                     sfr53        00000
__Lsfr54                                     sfr54        00000
__Lsfr55                                     sfr55        00000
__Lsfr56                                     sfr56        00000
__Lsfr57                                     sfr57        00000
__Lsfr58                                     sfr58        00000
__Lsfr59                                     sfr59        00000
__Lsfr6                                      sfr6         00000
__Lsfr60                                     sfr60        00000
__Lsfr61                                     sfr61        00000
__Lsfr62                                     sfr62        00000
__Lsfr63                                     sfr63        00000
__Lsfr7                                      sfr7         00000
__Lsfr8                                      sfr8         00000
__Lsfr9                                      sfr9         00000
__Lspace_0                                   (abs)        00000
__Lspace_1                                   (abs)        00000
__Lspace_2                                   (abs)        00000
__Lspace_3                                   (abs)        00000
__Lstack                                     stack        00000
__Lstrings                                   strings      00000
__Lstringtext1                               stringtext1  00000
__Ltext                                      text         00000
__S0                                         (abs)        0800C
__S1                                         (abs)        001E0
__S2                                         (abs)        00000
__S3                                         (abs)        00000
___altoft                                    text16       00CAA
___altoft@c                                  cstackBANK1  000D6
___altoft@exp                                cstackBANK1  000DC
___altoft@sign                               cstackBANK1  000DD
___awtoft                                    text26       00A87
___awtoft@c                                  cstackBANK1  000A8
___awtoft@sign                               cstackBANK1  000AD
___ftadd                                     text24       00063
___ftadd@exp1                                cstackBANK1  000D4
___ftadd@exp2                                cstackBANK1  000D3
___ftadd@f1                                  cstackBANK1  000C8
___ftadd@f2                                  cstackBANK1  000CB
___ftadd@sign                                cstackBANK1  000D2
___ftdiv                                     text28       006BC
___ftdiv@cntr                                cstackBANK1  000B2
___ftdiv@exp                                 cstackBANK1  000B6
___ftdiv@f1                                  cstackBANK1  000AB
___ftdiv@f2                                  cstackBANK1  000A8
___ftdiv@f3                                  cstackBANK1  000B3
___ftdiv@sign                                cstackBANK1  000B7
___ftge                                      text25       00BF4
___ftge@ff1                                  cstackBANK1  000A0
___ftge@ff2                                  cstackBANK1  000A3
___ftmul                                     text23       00485
___ftmul@cntr                                cstackBANK1  000C6
___ftmul@exp                                 cstackBANK1  000C2
___ftmul@f1                                  cstackBANK1  000B8
___ftmul@f2                                  cstackBANK1  000BB
___ftmul@f3_as_product                       cstackBANK1  000C3
___ftmul@sign                                cstackBANK1  000C7
___ftpack                                    text29       00F8B
___ftpack@arg                                cstackBANK1  000A0
___ftpack@exp                                cstackBANK1  000A3
___ftpack@sign                               cstackBANK1  000A4
___ftsub                                     text17       00A43
___ftsub@f1                                  cstackBANK1  000EA
___ftsub@f2                                  cstackBANK1  000E7
___fttol                                     text15       0076E
___fttol@exp1                                cstackBANK1  000D5
[...]
      Params:         0       0       0       0       0       0       0       0       0       0       0       0       0       0       0       0       0       0       0       0       0       0       0       0       0       0       0
      Locals:         0       0       0       0       0       0       0       0       0       0       0       0       0       0       0       0       0       0       0       0       0       0       0       0       0       0       0
      Temps:          0       0       0       0       0       0       0       0       0       0       0       0       0       0       0       0       0       0       0       0       0       0       0       0       0       0       0
      Totals:         0       0       0       0       0       0       0       0       0       0       0       0       0       0       0       0       0       0       0       0       0       0       0       0       0       0       0
Total ram usage:        0 bytes
 Hardware stack levels used:    1
 This function calls:
		Nothing
 This function is called by:
		_ADCC_Initialize
		_ADCC_ISR
 This function uses a non-reentrant model


 *************** function _SoundLevel_GetSample *****************
 Defined at:
		line 225 in file "Sensors/sound_level.c"
 Parameters:    Size  Location     Type
		None
 Auto vars:     Size  Location     Type
  voltageToPre    3   31[BANK0 ] float 
  sample          2   29[BANK0 ] unsigned int 
 Return value:  Size  Location     Type
                  1    wreg      void 
 Registers used:
		wreg, status,2, status,0, pclath, cstack
 Tracked objects:
		On entry : 
		On exit  : 
		Unchanged: 
 Data sizes:     COMMON   BANK0   BANK1   BANK2   BANK3   BANK4   BANK5   BANK6   BANK7   BANK8   BANK9  BANK10  BANK11  BANK12  BANK13  BANK14  BANK15  BANK16  BANK17  BANK18  BANK19  BANK20  BANK21  BANK22  BANK23  BANK24  BANK25
      Params:         0       0       0       0       0       0       0       0       0       0       0       0       0       0       0       0       0       0       0       0       0       0       0       0       0       0       0
      Locals:         0       5       0       0       0       0       0       0       0       0       0       0       0       0       0       0       0       0       0       0       0       0       0       0       0       0       0
      Temps:          0       0       0       0       0       0       0       0       0       0       0       0       0       0       0       0       0       0       0       0       0       0       0       0       0       0       0
      Totals:         0       5       0       0       0       0       0       0       0       0       0       0       0       0       0       0       0       0       0       0       0       0       0       0       0       0       0
Total ram usage:        5 bytes
 Hardware stack levels used:    1
 Hardware stack levels required when called:    2
 This function calls:
		_ADCC_GetConversionResult
		___lwtoft
		i1___ftadd
		i1___ftmul
 This function is called by:
		_SoundLevel_Init
		_ADCC_ISR
 This function uses a non-reentrant model


 *************** function i1___ftmul *****************
 Defined at:
		line 62 in file "C:\Program Files (x86)\Microchip\xc8\v2.10\pic\sources\c90\common\ftmul.c"
 Parameters:    Size  Location     Type
  f1              3    0[BANK0 ] float 
  f2              3    3[BANK0 ] float 
 Auto vars:     Size  Location     Type
  __ftmul         3   11[BANK0 ] unsigned um
  __ftmul         1   15[BANK0 ] unsigned char 
  __ftmul         1   14[BANK0 ] unsigned char 
  __ftmul         1   10[BANK0 ] unsigned char 
 Return value:  Size  Location     Type
                  3    0[BANK0 ] float 
 Registers used:
		wreg, status,2, status,0, pclath, cstack
 Tracked objects:
		On entry : 
		On exit  : 
		Unchanged: 
 Data sizes:     COMMON   BANK0   BANK1   BANK2   BANK3   BANK4   BANK5   BANK6   BANK7   BANK8   BANK9  BANK10  BANK11  BANK12  BANK13  BANK14  BANK15  BANK16  BANK17  BANK18  BANK19  BANK20  BANK21  BANK22  BANK23  BANK24  BANK25
      Params:         0       6       0       0       0       0       0       0       0       0       0       0       0       0       0       0       0       0       0       0       0       0       0       0       0       0       0
      Locals:         0       6       0       0       0       0       0       0       0       0       0       0       0       0       0       0       0       0       0       0       0       0       0       0       0       0       0
      Temps:          0       4       0       0       0       0       0       0       0       0       0       0       0       0       0       0       0       0       0       0       0       0       0       0       0       0       0
      Totals:         0      16       0       0       0       0       0       0       0       0       0       0       0       0       0       0       0       0       0       0       0       0       0       0       0       0       0
Total ram usage:       16 bytes
 Hardware stack levels used:    1
 Hardware stack levels required when called:    1
 This function calls:
		i1___ftpack
 This function is called by:
		_SoundLevel_GetSample
 This function uses a non-reentrant model


 *************** function i1___ftadd *****************
 Defined at:
		line 86 in file "C:\Program Files (x86)\Microchip\xc8\v2.10\pic\sources\c90\common\ftadd.c"
 Parameters:    Size  Location     Type
  f1              3   16[BANK0 ] float 
  f2              3   19[BANK0 ] float 
 Auto vars:     Size  Location     Type
  __ftadd         1   28[BANK0 ] unsigned char 
  __ftadd         1   27[BANK0 ] unsigned char 
  __ftadd         1   26[BANK0 ] unsigned char 
 Return value:  Size  Location     Type
                  3   16[BANK0 ] float 
 Registers used:
		wreg, status,2, status,0, pclath, cstack
 Tracked objects:
		On entry : 
		On exit  : 
		Unchanged: 
 Data sizes:     COMMON   BANK0   BANK1   BANK2   BANK3   BANK4   BANK5   BANK6   BANK7   BANK8   BANK9  BANK10  BANK11  BANK12  BANK13  BANK14  BANK15  BANK16  BANK17  BANK18  BANK19  BANK20  BANK21  BANK22  BANK23  BANK24  BANK25
      Params:         0       6       0       0       0       0       0       0       0       0       0       0       0       0       0       0       0       0       0       0       0       0       0       0       0       0       0
      Locals:         0       3       0       0       0       0       0       0       0       0       0       0       0       0       0       0       0       0       0       0       0       0       0       0       0       0       0
      Temps:          0       4       0       0       0       0       0       0       0       0       0       0       0       0       0       0       0       0       0       0       0       0       0       0       0       0       0
      Totals:         0      13       0       0       0       0       0       0       0       0       0       0       0       0       0       0       0       0       0       0       0       0       0       0       0       0       0
Total ram usage:       13 bytes
 Hardware stack levels used:    1
 Hardware stack levels required when called:    1
 This function calls:
		i1___ftpack
 This function is called by:
		_SoundLevel_GetSample
 This function uses a non-reentrant model


 *************** function ___lwtoft *****************
 Defined at:
		line 28 in file "C:\Program Files (x86)\Microchip\xc8\v2.10\pic\sources\c90\common\lwtoft.c"
 Parameters:    Size  Location     Type
  c               2    8[COMMON] unsigned int 
 Auto vars:     Size  Location     Type
		None
 Return value:  Size  Location     Type
                  3    8[COMMON] float 
 Registers used:
		wreg, status,2, status,0, pclath, cstack
 Tracked objects:
		On entry : 
		On exit  : 
		Unchanged: 
 Data sizes:     COMMON   BANK0   BANK1   BANK2   BANK3   BANK4   BANK5   BANK6   BANK7   BANK8   BANK9  BANK10  BANK11  BANK12  BANK13  BANK14  BANK15  BANK16  BANK17  BANK18  BANK19  BANK20  BANK21  BANK22  BANK23  BANK24  BANK25
      Params:         3       0       0       0       0       0       0       0       0       0       0       0       0       0       0       0       0       0       0       0       0       0       0       0       0       0       0
      Locals:         0       0       0       0       0       0       0       0       0       0       0       0       0       0       0       0       0       0       0       0       0       0       0       0       0       0       0
      Temps:          1       0       0       0       0       0       0       0       0       0       0       0       0       0       0       0       0       0       0       0       0       0       0       0       0       0       0
      Totals:         4       0       0       0       0       0       0       0       0       0       0       0       0       0       0       0       0       0       0       0       0       0       0       0       0       0       0
Total ram usage:        4 bytes
 Hardware stack levels used:    1
 Hardware stack levels required when called:    1
 This function calls:
		i1___ftpack
 This function is called by:
		_SoundLevel_GetSample
 This function uses a non-reentrant model


 *************** function i1___ftpack *****************
 Defined at:
		line 62 in file "C:\Program Files (x86)\Microchip\xc8\v2.10\pic\sources\c90\common\float.c"
 Parameters:    Size  Location     Type
  arg             3    0[COMMON] unsigned um
  exp             1    3[COMMON] unsigned char 
  sign            1    4[COMMON] unsigned char 
 Auto vars:     Size  Location     Type
		None
 Return value:  Size  Location     Type
                  3    0[COMMON] float 
 Registers used:
		wreg, status,2, status,0
 Tracked objects:
		On entry : 
		On exit  : 
		Unchanged: 
 Data sizes:     COMMON   BANK0   BANK1   BANK2   BANK3   BANK4   BANK5   BANK6   BANK7   BANK8   BANK9  BANK10  BANK11  BANK12  BANK13  BANK14  BANK15  BANK16  BANK17  BANK18  BANK19  BANK20  BANK21  BANK22  BANK23  BANK24  BANK25
      Params:         5       0       0       0       0       0       0       0       0       0       0       0       0       0       0       0       0       0       0       0       0       0       0       0       0       0       0
      Locals:         0       0       0       0       0       0       0       0       0       0       0       0       0       0       0       0       0       0       0       0       0       0       0       0       0       0       0
      Temps:          3       0       0       0       0       0       0       0       0       0       0       0       0       0       0       0       0       0       0       0       0       0       0       0       0       0       0
      Totals:         8       0       0       0       0       0       0       0       0       0       0       0       0       0       0       0       0       0       0       0       0       0       0       0       0       0       0
Total ram usage:        8 bytes
 Hardware stack levels used:    1
 This function calls:
		Nothing
 This function is called by:
		___lwtoft
		i1___ftadd
		i1___ftmul
 This function uses a non-reentrant model


 *************** function _ADCC_GetConversionResult *****************
 Defined at:
		line 141 in file "mcc_generated_files/adcc.c"
 Parameters:    Size  Location     Type
		None
 Auto vars:     Size  Location     Type
		None
 Return value:  Size  Location     Type
                  2    0[COMMON] unsigned int 
 Registers used:
		wreg
 Tracked objects:
		On entry : 
		On exit  : 
		Unchanged: 
 Data sizes:     COMMON   BANK0   BANK1   BANK2   BANK3   BANK4   BANK5   BANK6   BANK7   BANK8   BANK9  BANK10  BANK11  BANK12  BANK13  BANK14  BANK15  BANK16  BANK17  BANK18  BANK19  BANK20  BANK21  BANK22  BANK23  BANK24  BANK25
      Params:         2       0       0       0       0       0       0       0       0       0       0       0       0       0       0       0       0       0       0       0       0       0       0       0       0       0       0
      Locals:         0       0       0       0       0       0       0       0       0       0       0       0       0       0       0       0       0       0       0       0       0       0       0       0       0       0       0
      Temps:          0       0       0       0       0       0       0       0       0       0       0       0       0       0       0       0       0       0       0       0       0       0       0       0       0       0       0
      Totals:         2       0       0       0       0       0       0       0       0       0       0       0       0       0       0       0       0       0       0       0       0       0       0       0       0       0       0
Total ram usage:        2 bytes
 Hardware stack levels used:    1
 This function calls:
		Nothing
 This function is called by:
		_SoundLevel_GetSample
 This function uses a non-reentrant model



MODULE INFORMATION

Module		Function		Class		Link	Load	Size
C:\Program Files (x86)\Microchip\xc8\v2.10\pic\sources\c90\common\ftdiv.c
		___ftdiv       		CODE           	06BC	0000	179

C:\Program Files (x86)\Microchip\xc8\v2.10\pic\sources\c90\common\ftdiv.c estimated size: 179

C:\Program Files (x86)\Microchip\xc8\v2.10\pic\sources\c90\common\log.c
		_log           		CODE           	0607	0000	182
		_log10         		CODE           	0AD2	0000	41

C:\Program Files (x86)\Microchip\xc8\v2.10\pic\sources\c90\common\log.c estimated size: 223

C:\Program Files (x86)\Microchip\xc8\v2.10\pic\sources\c90\common\evalpoly.c
		_eval_poly     		CODE           	0DDA	0000	100

C:\Program Files (x86)\Microchip\xc8\v2.10\pic\sources\c90\common\evalpoly.c estimated size: 100

Sensors/sound_level.c
		_SoundLevel_SetThreshold		CODE           	0B8C	0000	52
		_SoundLevel_Loop		CODE           	0B5A	0000	51
		_SoundLevel_Init		CODE           	0BBF	0000	54
		_SoundLevel_Measure		CODE           	08BA	0000	5
		_measure       		CODE           	0AFA	0000	48
		_generateInt   		CODE           	094E	0000	15
		_SoundLevel_GetSample		CODE           	0E3D	0000	105
		_SoundLevel_LedOn		CODE           	08AE	0000	4
		_SoundLevel_PrepareData		CODE           	02A3	0000	261
		_SoundLevel_StopADC		CODE           	08D7	0000	8
		_SoundLevel_LedOff		CODE           	08D0	0000	8
		_SoundLevel_StartADC		CODE           	08E6	0000	9
		_SoundLevel_GetData		CODE           	09E4	0000	31

Sensors/sound_level.c estimated size: 651

mcc_generated_files/interrupt_manager.c
		_INTERRUPT_InterruptManager		CODE           	0004	0000	46

mcc_generated_files/interrupt_manager.c estimated size: 46

C:\Program Files (x86)\Microchip\xc8\v2.10\pic\sources\c90\common\Umul16.c
		___wmul        		CODE           	0A02	0000	33

C:\Program Files (x86)\Microchip\xc8\v2.10\pic\sources\c90\common\Umul16.c estimated size: 33

C:\Program Files (x86)\Microchip\xc8\v2.10\pic\sources\c90\common\fttol.c
		___fttol       		CODE           	076E	0000	134

C:\Program Files (x86)\Microchip\xc8\v2.10\pic\sources\c90\common\fttol.c estimated size: 134

mcc_generated_files/i2c1.c
		_I2C1_CommandReceived		CODE           	08AB	0000	4
		_I2C1_StatusCallback		CODE           	0D86	0000	85
		_I2C1_ISR      		CODE           	0C6B	0000	64
		_I2C1_Initialize		CODE           	09CC	0000	25
		_I2C1_SetTransmitData		CODE           	0B29	0000	50
		_I2C1_TxBufferEmpty		CODE           	08EE	0000	10
		_I2C1_GetCommand		CODE           	0941	0000	14
		_I2C1_GetCommandData		CODE           	0A64	0000	36

mcc_generated_files/i2c1.c estimated size: 288

mcc_generated_files/pin_manager.c
		_IOCCF0_DefaultInterruptHandler		CODE           	08A8	0000	2
		_PIN_MANAGER_Initialize		CODE           	0D33	0000	84
		_IOCCF0_ISR    		CODE           	096B	0000	16
		_IOCCF6_DefaultInterruptHandler		CODE           	0002	0000	2
		_IOCCF2_SetInterruptHandler		CODE           	0909	0000	10
		_IOCCF6_ISR    		CODE           	0998	0000	16
		_IOCCF4_DefaultInterruptHandler		CODE           	08AA	0000	2
		_IOCCF0_SetInterruptHandler		CODE           	0900	0000	10
		_IOCCF4_ISR    		CODE           	0989	0000	16
		_IOCCF6_SetInterruptHandler		CODE           	091B	0000	10
		_PIN_MANAGER_IOC		CODE           	0A22	0000	34
		_IOCCF2_DefaultInterruptHandler		CODE           	08A9	0000	2
		_IOCCF2_ISR    		CODE           	097A	0000	16
		_IOCCF4_SetInterruptHandler		CODE           	0912	0000	10

mcc_generated_files/pin_manager.c estimated size: 230

C:\Program Files (x86)\Microchip\xc8\v2.10\pic\sources\c90\common\ftadd.c
		___ftadd       		CODE           	0063	0000	289

C:\Program Files (x86)\Microchip\xc8\v2.10\pic\sources\c90\common\ftadd.c estimated size: 289

C:\Program Files (x86)\Microchip\xc8\v2.10\pic\sources\c90\common\trunc.c
		_trunc         		CODE           	0CEC	0000	72

C:\Program Files (x86)\Microchip\xc8\v2.10\pic\sources\c90\common\trunc.c estimated size: 72

C:\Program Files (x86)\Microchip\xc8\v2.10\pic\sources\c90\common\round.c
		_round         		CODE           	0EA5	0000	115

C:\Program Files (x86)\Microchip\xc8\v2.10\pic\sources\c90\common\round.c estimated size: 115

shared
		i1___ftadd     		CODE           	0183	0000	289
		i1___ftmul     		CODE           	0546	0000	194
		i1___ftpack    		CODE           	0F17	0000	117
		__initialization		CODE           	0033	0000	45
		log@coeff      		STRCODE        	1000	0000	28

shared estimated size: 673

C:\Program Files (x86)\Microchip\xc8\v2.10\pic\sources\c90\common\ftsub.c
		___ftsub       		CODE           	0A43	0000	34

C:\Program Files (x86)\Microchip\xc8\v2.10\pic\sources\c90\common\ftsub.c estimated size: 34

mcc_generated_files/mcc.c
		_PMD_Initialize		CODE           	092D	0000	11
		_OSCILLATOR_Initialize		CODE           	08F7	0000	10
		_SYSTEM_Initialize		CODE           	09A7	0000	18

mcc_generated_files/mcc.c estimated size: 39

C:\Program Files (x86)\Microchip\xc8\v2.10\pic\sources\c90\common\float.c
		___ftpack      		CODE           	0F8B	0000	118

C:\Program Files (x86)\Microchip\xc8\v2.10\pic\sources\c90\common\float.c estimated size: 118

C:\Program Files (x86)\Microchip\xc8\v2.10\pic\sources\c90\common\lwtoft.c
		___lwtoft      		CODE           	09B8	0000	21

C:\Program Files (x86)\Microchip\xc8\v2.10\pic\sources\c90\common\lwtoft.c estimated size: 21

C:\Program Files (x86)\Microchip\xc8\v2.10\pic\sources\c90\common\awtoft.c
		___awtoft      		CODE           	0A87	0000	38

C:\Program Files (x86)\Microchip\xc8\v2.10\pic\sources\c90\common\awtoft.c estimated size: 38

C:\Program Files (x86)\Microchip\xc8\v2.10\pic\sources\c90\common\altoft.c
		___altoft      		CODE           	0CAA	0000	67

C:\Program Files (x86)\Microchip\xc8\v2.10\pic\sources\c90\common\altoft.c estimated size: 67

C:\Program Files (x86)\Microchip\xc8\v2.10\pic\sources\c90\common\ftge.c
		___ftge        		CODE           	0BF4	0000	58

C:\Program Files (x86)\Microchip\xc8\v2.10\pic\sources\c90\common\ftge.c estimated size: 58

mcc_generated_files/adcc.c
		_ADCC_StopConversion		CODE           	08B7	0000	4
		_ADCC_DisableContinuousConversion		CODE           	08B4	0000	4
		_ADCC_DefaultInterruptHandler		CODE           	08A7	0000	2
		_ADCC_EnableContinuousConversion		CODE           	08B1	0000	4
		_ADCC_GetConversionResult		CODE           	08BE	0000	7
		_ADCC_SetADIInterruptHandler		CODE           	0924	0000	10
		_ADCC_ISR      		CODE           	095C	0000	16
		_ADCC_StartConversion		CODE           	08DE	0000	9
		_ADCC_Initialize		CODE           	0AAC	0000	39

mcc_generated_files/adcc.c estimated size: 95

C:\Program Files (x86)\Microchip\xc8\v2.10\pic\sources\c90\common\frexp.c
		_frexp         		CODE           	0C2D	0000	63

C:\Program Files (x86)\Microchip\xc8\v2.10\pic\sources\c90\common\frexp.c estimated size: 63

main.c
		_main          		CODE           	03A7	0000	223
		_toggleInt     		CODE           	07F3	0000	14

main.c estimated size: 237

C:\Program Files (x86)\Microchip\xc8\v2.10\pic\sources\c90\common\ftmul.c
		___ftmul       		CODE           	0485	0000	194

C:\Program Files (x86)\Microchip\xc8\v2.10\pic\sources\c90\common\ftmul.c estimated size: 194

