Microchip MPLAB XC8 Compiler V2.30

Linker command line:

-W-3 --edf=C:\Program Files\Microchip\xc8\v2.30\pic\dat\en_msgs.txt -cn \
  -h+dist/soundlevel/debug\Sound_Level.debug.sym \
  --cmf=dist/soundlevel/debug\Sound_Level.debug.cmf -z -Q16F18446 \
  -oC:\Users\JONACA~1\AppData\Local\Temp\sf3cx2 --defsym=__MPLAB_BUILD=1 \
  -Mdist/soundlevel/debug/Sound_Level.debug.map -E1 -ver=XC8 Compiler \
  -ASTACK=0212Ah-024CFh -pstack=STACK -ACODE=00h-07FFhx8 \
  -ASTRCODE=00h-03FFFh -ASTRING=00h-0FFhx64 -ACONST=00h-0FFhx64 \
  -AENTRY=00h-0FFhx64 -ACOMMON=070h-07Fh -ABANK0=020h-06Fh \
  -ABANK1=0A0h-0EFh -ABANK2=0120h-016Fh -ABANK3=01A0h-01EFh \
  -ABANK4=0220h-026Fh -ABANK5=02A0h-02EFh -ABANK6=0320h-036Fh \
  -ABANK7=03A0h-03EFh -ABANK8=0420h-046Fh -ABANK9=04A0h-04EFh \
  -ABANK10=0520h-056Fh -ABANK11=05A0h-05EFh -ABANK12=0620h-066Fh \
  -ABANK13=06A0h-06EFh -ABANK14=0720h-076Fh -ABANK15=07A0h-07EFh \
  -ABANK16=0820h-086Fh -ABANK17=08A0h-08EFh -ABANK18=0920h-096Fh \
  -ABANK19=09A0h-09EFh -ABANK20=0A20h-0A6Fh -ABANK21=0AA0h-0AEFh \
  -ABANK22=0B20h-0B6Fh -ABANK23=0BA0h-0BEFh -ABANK24=0C20h-0C6Fh \
  -ABANK25=0CA0h-0CBFh -ABIGRAM=02000h-027EFh \
  -ARAM=020h-06Fh,0A0h-0EFh,0120h-016Fh,01A0h-01EFh,0220h-026Fh,02A0h-02EFh,0320h-036Fh,03A0h-03EFh,0420h-046Fh,04A0h-04EFh,0520h-056Fh,05A0h-05EFh,0620h-066Fh,06A0h-06EFh,0720h-076Fh,07A0h-07EFh,0820h-086Fh,08A0h-08EFh,0920h-096Fh,09A0h-09EFh,0A20h-0A6Fh,0AA0h-0AEFh,0B20h-0B6Fh,0BA0h-0BEFh,0C20h-0C6Fh,0CA0h-0CBFh \
  -AABS1=020h-07Fh,0A0h-0EFh,0120h-016Fh,01A0h-01EFh,0220h-026Fh,02A0h-02EFh,0320h-036Fh,03A0h-03EFh,0420h-046Fh,04A0h-04EFh,0520h-056Fh,05A0h-05EFh,0620h-066Fh,06A0h-06EFh,0720h-076Fh,07A0h-07EFh,0820h-086Fh,08A0h-08EFh,0920h-096Fh,09A0h-09EFh,0A20h-0A6Fh,0AA0h-0AEFh,0B20h-0B6Fh,0BA0h-0BEFh,0C20h-0C6Fh,0CA0h-0CBFh \
  -ASFR0=00h-01Fh -ASFR1=080h-09Fh -ASFR2=0100h-011Fh -ASFR3=0180h-019Fh \
  -ASFR4=0200h-021Fh -ASFR5=0280h-029Fh -ASFR6=0300h-031Fh \
  -ASFR7=0380h-039Fh -ASFR8=0400h-041Fh -ASFR9=0480h-049Fh \
  -ASFR10=0500h-051Fh -ASFR11=0580h-059Fh -ASFR12=0600h-061Fh \
  -ASFR13=0680h-069Fh -ASFR14=0700h-071Fh -ASFR15=0780h-079Fh \
  -ASFR16=0800h-081Fh -ASFR17=0880h-089Fh -ASFR18=0900h-091Fh \
  -ASFR19=0980h-099Fh -ASFR20=0A00h-0A1Fh -ASFR21=0A80h-0A9Fh \
  -ASFR22=0B00h-0B1Fh -ASFR23=0B80h-0B9Fh -ASFR24=0C00h-0C1Fh \
  -ASFR25=0C80h-0C9Fh -ASFR26=0D00h-0D6Fh -ASFR27=0D80h-0DEFh \
  -ASFR28=0E00h-0E6Fh -ASFR29=0E80h-0EEFh -ASFR30=0F00h-0F6Fh \
  -ASFR31=0F80h-0FEFh -ASFR32=01000h-0106Fh -ASFR33=01080h-010EFh \
  -ASFR34=01100h-0116Fh -ASFR35=01180h-011EFh -ASFR36=01200h-0126Fh \
  -ASFR37=01280h-012EFh -ASFR38=01300h-0136Fh -ASFR39=01380h-013EFh \
  -ASFR40=01400h-0146Fh -ASFR41=01480h-014EFh -ASFR42=01500h-0156Fh \
  -ASFR43=01580h-015EFh -ASFR44=01600h-0166Fh -ASFR45=01680h-016EFh \
  -ASFR46=01700h-0176Fh -ASFR47=01780h-017EFh -ASFR48=01800h-0186Fh \
  -ASFR49=01880h-018EFh -ASFR50=01900h-0196Fh -ASFR51=01980h-019EFh \
  -ASFR52=01A00h-01A6Fh -ASFR53=01A80h-01AEFh -ASFR54=01B00h-01B6Fh \
  -ASFR55=01B80h-01BEFh -ASFR56=01C00h-01C6Fh -ASFR57=01C80h-01CEFh \
  -ASFR58=01D00h-01D6Fh -ASFR59=01D80h-01DEFh -ASFR60=01E00h-01E6Fh \
  -ASFR61=01E80h-01EEFh -ASFR62=01F00h-01F6Fh -ASFR63=01F80h-01FEFh \
  -ACONFIG=08007h-0800Bh -DCONFIG=2 -AIDLOC=08000h-08003h -DIDLOC=2 \
  -AEEDATA=00h-0FFh/0F000h -peeprom_data=EEDATA -DEEDATA=2 -DCODE=2 \
  -DSTRCODE=2 -DSTRING=2 -DCONST=2 -DENTRY=2 \
  -preset_vec=00h,intentry=04h,init,end_init -ppowerup=CODE -pcinit=CODE \
  -pfunctab=ENTRY -k C:\Users\JONACA~1\AppData\Local\Temp\sf3cxg.o \
  dist/soundlevel/debug\Sound_Level.debug.o 

Object code version is 3.11

Machine type is 16F18446



                Name                               Link     Load   Length Selector   Space Scale
C:\Users\JONACA~1\AppData\Local\Temp\sf3cxg.o
                end_init                             31       31        2        8       0
                reset_vec                             0        0        2        0       0
                config                             8007     8007        5        0       4
dist/soundlevel/debug\Sound_Level.debug.o
                cinit                                33       33       47        8       0
                intentry                              4        4       2D        8       0
                config                             8007     8007        5        0       4
                text71                              8E8      8E8        6     11D0       0
                text70                              8C3      8C3        3     1186       0
                text69                              8C6      8C6        3     118C       0
                text68                              906      906        7     120C       0
                text67                              BAE      BAE       2B     175C       0
                text66                              8C1      8C1        1     1182       0
                text65                              9A8      9A8        F     1350       0
                text64                              D8D      D8D       52     1B1A       0
                text63                              C83      C83       3F     1906       0
                text62                              8C9      8C9        3     1192       0
                text61                              8CC      8CC        3     1198       0
                text60                              8CF      8CF        3     119E       0
                text59                              93F      93F        A     127E       0
                text58                              9B7      9B7        F     136E       0
                text57                              A3C      A3C       21     1478       0
                text55                                2        2        2        0       0
                text54                              969      969        C     12D2       0
                text53                              A5D      A5D       21     14BA       0
                text52                              B5A      B5A       2A     16B4       0
                text51                              914      914        8     1228       0
                text50                              B84      B84       2A     1708       0
                text49                              8EE      8EE        6     11DC       0
                text48                              9D8      9D8       13     13B0       0
                text47                              A9F      A9F       22     153E       0
                text46                              A01      A01       1B     1402       0
                text45                              924      924        9     1248       0
                text44                              B0A      B0A       28     1614       0
                text43                              8E3      8E3        5     11C6       0
                text42                              92D      92D        9     125A       0
                text41                              8D2      8D2        3     11A4       0
                text40                              8D5      8D5        3     11AA       0
                text39                              E98      E98       6E     1D30       0
                text38                              953      953        B     12A6       0
                text37                              8DB      8DB        4     11B6       0
                text36                              8F4      8F4        6     11E8       0
                text35                              95E      95E        B     12BC       0
                text34                              8FA      8FA        6     11F4       0
                text33                              900      900        6     1200       0
                text32                              7FA      7FA        6        8       0
                text31                              DDF      DDF       56     1BBE       0
                text30                              90D      90D        7     121A       0
                text29                              99A      99A        E     1334       0
                text28                              AC1      AC1       24     1582       0
                text27                              9C6      9C6       12     138C       0
                text26                              F06      F06       75     1E0C       0
                text25                              700      700       B2        8       0
                text24                              9EB      9EB       16     13D6       0
                text23                              AE5      AE5       25     15CA       0
                text22                              C0C      C0C       39     1818       0
                text21                              2BC      2BC      120        8       0
                text20                              58A      58A       C1        8       0
                text19                              A1C      A1C       20     1438       0
                text18                              E35      E35       63     1C6A       0
                text17                              C45      C45       3E     188A       0
                text16                              64B      64B       B5        8       0
                text15                              B32      B32       28     1664       0
                text14                              A7E      A7E       21     14FC       0
                text13                              CC2      CC2       42     1984       0
                text12                              F7B      F7B       85     1EF6       0
                text11                              D46      D46       47     1A8C       0
                text10                              7B2      7B2       48        8       0
                text9                                7A       7A      242        8       0
                text8                               8D8      8D8        3     11B0       0
                text7                               936      936        9     126C       0
                text6                               91C      91C        8     1238       0
                text5                               BD9      BD9       33     17B2       0
                text4                               4C8      4C8       C2        8       0
                text3                               8DF      8DF        4     11BE       0
                text2                               D04      D04       42     1A08       0
                text1                               98D      98D        D     131A       0
                maintext                            3DC      3DC       EC        8       0
                cstackBANK0                          20       20       4D       20       1
                cstackCOMMON                         70       70        6       70       1
                cstackBANK1                          A0       A0       22       A0       1
                cstackBANK3                         1C0      1C0       1A      1A0       1
                clrtext                             975      975        C     12EA       0
                inittext                            981      981        C     1302       0
                bssBANK3                            1A0      1A0       20      1A0       1
                dataBANK2                           14B      14B        A      120       1
                bssBANK2                            120      120       2B      120       1
                bssBANK1                             C2       C2       15       A0       1
                dataCOMMON                           7B       7B        1       70       1
                bssCOMMON                            76       76        5       70       1
                nvBANK2                             155      155        2      120       1
                nvBANK1                              D7       D7        1       A0       1
                stringtext1                        1000     1000       1B     2000       0
                idataBANK2                          949      949        A     1292       0
                idataCOMMON                         8C2      8C2        1     1184       0

TOTAL           Name                               Link     Load   Length     Space
        CLASS   STACK          

        CLASS   CODE           
                end_init                             31       31        2         0
                cinit                                33       33       47         0
                intentry                              4        4       2D         0
                reset_vec                             0        0        2         0
                text71                              8E8      8E8        6         0
                text70                              8C3      8C3        3         0
                text69                              8C6      8C6        3         0
                text68                              906      906        7         0
                text67                              BAE      BAE       2B         0
                text66                              8C1      8C1        1         0
                text65                              9A8      9A8        F         0
                text64                              D8D      D8D       52         0
                text63                              C83      C83       3F         0
                text62                              8C9      8C9        3         0
                text61                              8CC      8CC        3         0
                text60                              8CF      8CF        3         0
                text59                              93F      93F        A         0
                text58                              9B7      9B7        F         0
                text57                              A3C      A3C       21         0
                text55                                2        2        2         0
                text54                              969      969        C         0
                text53                              A5D      A5D       21         0
                text52                              B5A      B5A       2A         0
                text51                              914      914        8         0
                text50                              B84      B84       2A         0
                text49                              8EE      8EE        6         0
                text48                              9D8      9D8       13         0
                text47                              A9F      A9F       22         0
                text46                              A01      A01       1B         0
                text45                              924      924        9         0
                text44                              B0A      B0A       28         0
                text43                              8E3      8E3        5         0
                text42                              92D      92D        9         0
                text41                              8D2      8D2        3         0
                text40                              8D5      8D5        3         0
                text39                              E98      E98       6E         0
                text38                              953      953        B         0
                text37                              8DB      8DB        4         0
                text36                              8F4      8F4        6         0
                text35                              95E      95E        B         0
                text34                              8FA      8FA        6         0
                text33                              900      900        6         0
                text32                              7FA      7FA        6         0
                text31                              DDF      DDF       56         0
                text30                              90D      90D        7         0
                text29                              99A      99A        E         0
                text28                              AC1      AC1       24         0
                text27                              9C6      9C6       12         0
                text26                              F06      F06       75         0
                text25                              700      700       B2         0
                text24                              9EB      9EB       16         0
                text23                              AE5      AE5       25         0
                text22                              C0C      C0C       39         0
                text21                              2BC      2BC      120         0
                text20                              58A      58A       C1         0
                text19                              A1C      A1C       20         0
                text18                              E35      E35       63         0
                text17                              C45      C45       3E         0
                text16                              64B      64B       B5         0
                text15                              B32      B32       28         0
                text14                              A7E      A7E       21         0
                text13                              CC2      CC2       42         0
                text12                              F7B      F7B       85         0
                text11                              D46      D46       47         0
                text10                              7B2      7B2       48         0
                text9                                7A       7A      242         0
                text8                               8D8      8D8        3         0
                text7                               936      936        9         0
                text6                               91C      91C        8         0
                text5                               BD9      BD9       33         0
                text4                               4C8      4C8       C2         0
                text3                               8DF      8DF        4         0
                text2                               D04      D04       42         0
                text1                               98D      98D        D         0
                maintext                            3DC      3DC       EC         0
                clrtext                             975      975        C         0
                inittext                            981      981        C         0
                idataBANK2                          949      949        A         0
                idataCOMMON                         8C2      8C2        1         0

        CLASS   STRCODE        
                stringtext1                        1000     1000       1B         0

        CLASS   STRING         

        CLASS   CONST          

        CLASS   ENTRY          

        CLASS   COMMON         
                cstackCOMMON                         70       70        6         1
                dataCOMMON                           7B       7B        1         1
                bssCOMMON                            76       76        5         1

        CLASS   BANK0          
                cstackBANK0                          20       20       4D         1

        CLASS   BANK1          
                cstackBANK1                          A0       A0       22         1
                bssBANK1                             C2       C2       15         1
                nvBANK1                              D7       D7        1         1

        CLASS   BANK2          
                dataBANK2                           14B      14B        A         1
                bssBANK2                            120      120       2B         1
                nvBANK2                             155      155        2         1

        CLASS   BANK3          
                cstackBANK3                         1C0      1C0       1A         1
                bssBANK3                            1A0      1A0       20         1

        CLASS   BANK4          

        CLASS   BANK5          

        CLASS   BANK6          

        CLASS   BANK7          

        CLASS   BANK8          

        CLASS   BANK9          

        CLASS   BANK10         

        CLASS   BANK11         

        CLASS   BANK12         

        CLASS   BANK13         

        CLASS   BANK14         

        CLASS   BANK15         

        CLASS   BANK16         

        CLASS   BANK17         

        CLASS   BANK18         

        CLASS   BANK19         

        CLASS   BANK20         

        CLASS   BANK21         

        CLASS   BANK22         

        CLASS   BANK23         

        CLASS   BANK24         

        CLASS   BANK25         

        CLASS   BIGRAM         

        CLASS   RAM            

        CLASS   ABS1           
                abs_s1                               7E       7E        2         1
                abs_s1                              7C0      7C0       30         1
                abs_s1                              820      820       50         1
                abs_s1                              8A0      8A0       50         1
                abs_s1                              920      920       50         1
                abs_s1                              9A0      9A0       50         1
                abs_s1                              A20      A20       50         1
                abs_s1                              AA0      AA0       50         1
                abs_s1                              B20      B20       50         1
                abs_s1                              BA0      BA0       50         1
                abs_s1                              C20      C20       50         1
                abs_s1                              CA0      CA0       20         1
                abs_s1                             24D0     24D0        0         1

        CLASS   SFR0           

        CLASS   SFR1           

        CLASS   SFR2           

        CLASS   SFR3           

        CLASS   SFR4           

        CLASS   SFR5           

        CLASS   SFR6           

        CLASS   SFR7           

        CLASS   SFR8           

        CLASS   SFR9           

        CLASS   SFR10          

        CLASS   SFR11          

        CLASS   SFR12          

        CLASS   SFR13          

        CLASS   SFR14          

        CLASS   SFR15          

        CLASS   SFR16          

        CLASS   SFR17          

        CLASS   SFR18          

        CLASS   SFR19          

        CLASS   SFR20          

        CLASS   SFR21          

        CLASS   SFR22          

        CLASS   SFR23          

        CLASS   SFR24          

        CLASS   SFR25          

        CLASS   SFR26          

        CLASS   SFR27          

        CLASS   SFR28          

        CLASS   SFR29          

        CLASS   SFR30          

        CLASS   SFR31          

        CLASS   SFR32          

        CLASS   SFR33          

        CLASS   SFR34          

        CLASS   SFR35          

        CLASS   SFR36          

        CLASS   SFR37          

        CLASS   SFR38          

        CLASS   SFR39          

        CLASS   SFR40          

        CLASS   SFR41          

        CLASS   SFR42          

        CLASS   SFR43          

        CLASS   SFR44          

        CLASS   SFR45          

        CLASS   SFR46          

        CLASS   SFR47          

        CLASS   SFR48          

        CLASS   SFR49          

        CLASS   SFR50          

        CLASS   SFR51          

        CLASS   SFR52          

        CLASS   SFR53          

        CLASS   SFR54          

        CLASS   SFR55          

        CLASS   SFR56          

        CLASS   SFR57          

        CLASS   SFR58          

        CLASS   SFR59          

        CLASS   SFR60          

        CLASS   SFR61          

        CLASS   SFR62          

        CLASS   SFR63          

        CLASS   CONFIG         
                config                             8007     8007        5         4

        CLASS   IDLOC          

        CLASS   EEDATA         

        CLASS   BANK63         

        CLASS   BANK62         

        CLASS   BANK61         

        CLASS   BANK60         

        CLASS   BANK59         

        CLASS   BANK58         

        CLASS   BANK57         

        CLASS   BANK56         

        CLASS   BANK55         

        CLASS   BANK54         

        CLASS   BANK53         

        CLASS   BANK52         

        CLASS   BANK51         

        CLASS   BANK50         

        CLASS   BANK49         

        CLASS   BANK48         

        CLASS   BANK47         

        CLASS   BANK46         

        CLASS   BANK45         

        CLASS   BANK44         

        CLASS   BANK43         

        CLASS   BANK42         

        CLASS   BANK41         

        CLASS   BANK40         

        CLASS   BANK39         

        CLASS   BANK38         

        CLASS   BANK37         

        CLASS   BANK36         

        CLASS   BANK35         

        CLASS   BANK34         

        CLASS   BANK33         

        CLASS   BANK32         

        CLASS   BANK31         

        CLASS   BANK30         

        CLASS   BANK29         

        CLASS   BANK28         

        CLASS   BANK27         

        CLASS   BANK26         



SEGMENTS        Name                           Load    Length   Top    Selector   Space  Class     Delta

                reset_vec                      000000  000004  000004         0       0  CODE        2
                intentry                       000004  0007FC  000800         8       0  CODE        2
                cstackBANK0                    000020  00004D  00006D        20       1  BANK0       1
                cstackCOMMON                   000070  00000C  00007C        70       1  COMMON      1
                cstackBANK1                    0000A0  000038  0000D8        A0       1  BANK1       1
                bssBANK2                       000120  000037  000157       120       1  BANK2       1
                bssBANK3                       0001A0  00003A  0001DA       1A0       1  BANK3       1
                text66                         0008C1  000001  0008C2      1182       0  CODE        2
                idataCOMMON                    0008C2  000001  0008C3      1184       0  CODE        2
                text70                         0008C3  000003  0008C6      1186       0  CODE        2
                text69                         0008C6  000003  0008C9      118C       0  CODE        2
                text62                         0008C9  000003  0008CC      1192       0  CODE        2
                text61                         0008CC  000003  0008CF      1198       0  CODE        2
                text60                         0008CF  000003  0008D2      119E       0  CODE        2
                text41                         0008D2  000003  0008D5      11A4       0  CODE        2
                text40                         0008D5  000003  0008D8      11AA       0  CODE        2
                text8                          0008D8  000003  0008DB      11B0       0  CODE        2
                text37                         0008DB  000004  0008DF      11B6       0  CODE        2
                text3                          0008DF  000004  0008E3      11BE       0  CODE        2
                text43                         0008E3  000005  0008E8      11C6       0  CODE        2
                text71                         0008E8  000006  0008EE      11D0       0  CODE        2
                text49                         0008EE  000006  0008F4      11DC       0  CODE        2
                text36                         0008F4  000006  0008FA      11E8       0  CODE        2
                text34                         0008FA  000006  000900      11F4       0  CODE        2
                text33                         000900  000006  000906      1200       0  CODE        2
                text68                         000906  000007  00090D      120C       0  CODE        2
                text30                         00090D  000007  000914      121A       0  CODE        2
                text51                         000914  000008  00091C      1228       0  CODE        2
                text6                          00091C  000008  000924      1238       0  CODE        2
                text45                         000924  000009  00092D      1248       0  CODE        2
                text42                         00092D  000009  000936      125A       0  CODE        2
                text7                          000936  000009  00093F      126C       0  CODE        2
                text59                         00093F  00000A  000949      127E       0  CODE        2
                idataBANK2                     000949  00000A  000953      1292       0  CODE        2
                text38                         000953  00000B  00095E      12A6       0  CODE        2
                text35                         00095E  00000B  000969      12BC       0  CODE        2
                text54                         000969  00000C  000975      12D2       0  CODE        2
                clrtext                        000975  00000C  000981      12EA       0  CODE        2
                inittext                       000981  00000C  00098D      1302       0  CODE        2
                text1                          00098D  00000D  00099A      131A       0  CODE        2
                text29                         00099A  00000E  0009A8      1334       0  CODE        2
                text65                         0009A8  00000F  0009B7      1350       0  CODE        2
                text58                         0009B7  00000F  0009C6      136E       0  CODE        2
                text27                         0009C6  000012  0009D8      138C       0  CODE        2
                text48                         0009D8  000013  0009EB      13B0       0  CODE        2
                text24                         0009EB  000016  000A01      13D6       0  CODE        2
                text46                         000A01  00001B  000A1C      1402       0  CODE        2
                text19                         000A1C  000020  000A3C      1438       0  CODE        2
                text57                         000A3C  000021  000A5D      1478       0  CODE        2
                text53                         000A5D  000021  000A7E      14BA       0  CODE        2
                text14                         000A7E  000021  000A9F      14FC       0  CODE        2
                text47                         000A9F  000022  000AC1      153E       0  CODE        2
                text28                         000AC1  000024  000AE5      1582       0  CODE        2
                text23                         000AE5  000025  000B0A      15CA       0  CODE        2
                text44                         000B0A  000028  000B32      1614       0  CODE        2
                text15                         000B32  000028  000B5A      1664       0  CODE        2
                text52                         000B5A  00002A  000B84      16B4       0  CODE        2
                text50                         000B84  00002A  000BAE      1708       0  CODE        2
                text67                         000BAE  00002B  000BD9      175C       0  CODE        2
                text5                          000BD9  000033  000C0C      17B2       0  CODE        2
                text22                         000C0C  000039  000C45      1818       0  CODE        2
                text17                         000C45  00003E  000C83      188A       0  CODE        2
                text63                         000C83  00003F  000CC2      1906       0  CODE        2
                text13                         000CC2  000042  000D04      1984       0  CODE        2
                text2                          000D04  000042  000D46      1A08       0  CODE        2
                text11                         000D46  000047  000D8D      1A8C       0  CODE        2
                text64                         000D8D  000052  000DDF      1B1A       0  CODE        2
                text31                         000DDF  000056  000E35      1BBE       0  CODE        2
                text18                         000E35  000063  000E98      1C6A       0  CODE        2
                text39                         000E98  00006E  000F06      1D30       0  CODE        2
                text26                         000F06  000075  000F7B      1E0C       0  CODE        2
                text12                         000F7B  000085  001000      1EF6       0  CODE        2
                stringtext1                    001000  00001B  00101B      2000       0  STRCODE     2


UNUSED ADDRESS RANGES

        Name                Unused          Largest block    Delta
        BANK0            0006D-0006F               3           1
        BANK1            000D8-000EF              18           1
        BANK10           00520-0056F              50           1
        BANK11           005A0-005EF              50           1
        BANK12           00620-0066F              50           1
        BANK13           006A0-006EF              50           1
        BANK14           00720-0076F              50           1
        BANK15           007A0-007BF              20           1
        BANK2            00157-0016F              19           1
        BANK3            001DA-001EF              16           1
        BANK4            00220-0026F              50           1
        BANK5            002A0-002EF              50           1
        BANK6            00320-0036F              50           1
        BANK7            003A0-003EF              50           1
        BANK8            00420-0046F              50           1
        BANK9            004A0-004EF              50           1
        BIGRAM           02000-027EF             7F0           1
        CODE             00800-008C0              C1           2
                         0101B-03FFF             800
        COMMON           0007C-0007D               2           1
        CONST            00800-008C0              C1           2
                         0101B-03FFF             100
        EEDATA           0F000-0F0FF             100           2
        ENTRY            00800-008C0              C1           2
                         0101B-03FFF             100
        IDLOC            08000-08003               4           2
        RAM              0006D-0006F               3           1
                         000D8-000EF              18
                         00157-0016F              19
                         001DA-001EF              16
                         00220-0026F              50
                         002A0-002EF              50
                         00320-0036F              50
                         003A0-003EF              50
                         00420-0046F              50
                         004A0-004EF              50
                         00520-0056F              50
                         005A0-005EF              50
                         00620-0066F              50
                         006A0-006EF              50
                         00720-0076F              50
                         007A0-007BF              20
        SFR0             00000-0001F              20           1
        SFR1             00080-0009F              20           1
        SFR10            00500-0051F              20           1
        SFR11            00580-0059F              20           1
        SFR12            00600-0061F              20           1
        SFR13            00680-0069F              20           1
        SFR14            00700-0071F              20           1
        SFR15            00780-0079F              20           1
        SFR16            00800-0081F              20           1
        SFR17            00880-0089F              20           1
        SFR18            00900-0091F              20           1
        SFR19            00980-0099F              20           1
        SFR2             00100-0011F              20           1
        SFR20            00A00-00A1F              20           1
        SFR21            00A80-00A9F              20           1
        SFR22            00B00-00B1F              20           1
        SFR23            00B80-00B9F              20           1
        SFR24            00C00-00C1F              20           1
        SFR25            00C80-00C9F              20           1
        SFR26            00D00-00D6F              70           1
        SFR27            00D80-00DEF              70           1
        SFR28            00E00-00E6F              70           1
        SFR29            00E80-00EEF              70           1
        SFR3             00180-0019F              20           1
        SFR30            00F00-00F6F              70           1
        SFR31            00F80-00FEF              70           1
        SFR32            01000-0106F              70           1
        SFR33            01080-010EF              70           1
        SFR34            01100-0116F              70           1
        SFR35            01180-011EF              70           1
        SFR36            01200-0126F              70           1
        SFR37            01280-012EF              70           1
        SFR38            01300-0136F              70           1
        SFR39            01380-013EF              70           1
        SFR4             00200-0021F              20           1
        SFR40            01400-0146F              70           1
        SFR41            01480-014EF              70           1
        SFR42            01500-0156F              70           1
        SFR43            01580-015EF              70           1
        SFR44            01600-0166F              70           1
        SFR45            01680-016EF              70           1
        SFR46            01700-0176F              70           1
        SFR47            01780-017EF              70           1
        SFR48            01800-0186F              70           1
        SFR49            01880-018EF              70           1
        SFR5             00280-0029F              20           1
        SFR50            01900-0196F              70           1
        SFR51            01980-019EF              70           1
        SFR52            01A00-01A6F              70           1
        SFR53            01A80-01AEF              70           1
        SFR54            01B00-01B6F              70           1
        SFR55            01B80-01BEF              70           1
        SFR56            01C00-01C6F              70           1
        SFR57            01C80-01CEF              70           1
        SFR58            01D00-01D6F              70           1
        SFR59            01D80-01DEF              70           1
        SFR6             00300-0031F              20           1
        SFR60            01E00-01E6F              70           1
        SFR61            01E80-01EEF              70           1
        SFR62            01F00-01F6F              70           1
        SFR63            01F80-01FEF              70           1
        SFR7             00380-0039F              20           1
        SFR8             00400-0041F              20           1
        SFR9             00480-0049F              20           1
        STACK            0212A-024CF             3A6           1
        STRCODE          00800-008C0              C1           2
                         0101B-03FFF            2FE5
        STRING           00800-008C0              C1           2
                         0101B-03FFF             100

                                  Symbol Table

?_ADCC_GetConversionResult                   cstackCOMMON 00070
?___altoft                                   cstackBANK0  0002E
?___awtoft                                   cstackBANK0  00028
?___ftadd                                    cstackBANK0  0002E
?___ftdiv                                    cstackBANK0  00028
?___ftmul                                    cstackBANK0  00045
?___ftpack                                   cstackBANK0  00020
?___ftsub                                    cstackBANK0  0003F
?___fttol                                    cstackBANK0  00020
?___lwtoft                                   cstackBANK0  00028
?___wmul                                     cstackBANK0  00020
?_eval_poly                                  cstackBANK0  00055
?_frexp                                      cstackBANK0  00020
?_log                                        cstackBANK0  0005F
?_log10                                      cstackBANK0  00065
?_round                                      cstackBANK0  00055
?_trunc                                      cstackBANK0  00036
ADCC_SetADIInterruptHandler@InterruptHandler cstackBANK0  00020
ADCC_StartConversion@channel                 cstackBANK0  00020
AMPS_enable@enable                           cstackBANK0  00022
I2C1_GetCommand@cmd                          cstackBANK0  00021
I2C1_GetCommandData@data                     cstackBANK0  00022
I2C1_GetCommandData@len                      cstackBANK0  00020
I2C1_ISR@i2c_data                            cstackCOMMON 00073
I2C1_Initialize@slave_address                cstackBANK0  00020
I2C1_SetTransmitData@data                    cstackBANK0  00020
I2C1_SetTransmitData@len                     cstackBANK0  00022
I2C1_StatusCallback@i2c_bus_state            cstackCOMMON 00071
I2C1_StatusCallback@slaveWriteType           bssBANK1     000CD
IOCCF6_SetInterruptHandler@InterruptHandler  cstackBANK0  00020
MIC_Mode@mode                                cstackBANK0  00020
SYSTEM_Initialize@slave_address              cstackBANK0  00021
SoundLevel_GetData@data                      cstackBANK0  00020
SoundLevel_GetData@length                    cstackBANK0  00021
SoundLevel_PrepareData@dBZ                   cstackBANK1  000B3
SoundLevel_PrepareData@dataToSend            cstackBANK1  000B1
SoundLevel_PrepareData@i                     cstackBANK1  000B9
SoundLevel_PrepareData@i_663                 cstackBANK1  000BB
SoundLevel_PrepareData@mean                  cstackBANK1  000BD
SoundLevel_PrepareData@presAvgSquared        cstackBANK1  000AE
SoundLevel_PrepareData@sampleSum             cstackBANK1  000A4
SoundLevel_PrepareData@signal                cstackBANK1  000B6
SoundLevel_SetThreshold@metric               cstackBANK0  00021
SoundLevel_SetThreshold@thresholdData        cstackBANK0  00022
_ADACCH                                      (abs)        00097
_ADACCL                                      (abs)        00096
_ADACCU                                      (abs)        00098
_ADACQH                                      (abs)        0010D
_ADACQL                                      (abs)        0010C
_ADACT                                       (abs)        00117
_ADCAP                                       (abs)        0010E
_ADCC_ADI_InterruptHandler                   bssBANK1     000C7
_ADCC_DefaultInterruptHandler                text66       008C1
_ADCC_DisableContinuousConversion            text70       008C3
_ADCC_EnableContinuousConversion             text8        008D8
_ADCC_GetConversionResult                    text71       008E8
_ADCC_ISR                                    text65       009A8
_ADCC_Initialize                             text44       00B0A
_ADCC_SetADIInterruptHandler                 text45       00924
_ADCC_StartConversion                        text7        00936
_ADCC_StopConversion                         text69       008C6
_ADCLK                                       (abs)        00118
_ADCNT                                       (abs)        00099
_ADCON0                                      (abs)        00111
_ADCON0bits                                  (abs)        00111
_ADCON1                                      (abs)        00112
_ADCON1bits                                  (abs)        00112
_ADCON2                                      (abs)        00113
_ADCON2bits                                  (abs)        00113
_ADCON3                                      (abs)        00114
_ADCON3bits                                  (abs)        00114
_ADERRH                                      (abs)        00091
_ADERRL                                      (abs)        00090
_ADFLTRH                                     (abs)        00095
_ADFLTRL                                     (abs)        00094
_ADLTHH                                      (abs)        0008D
_ADLTHL                                      (abs)        0008C
_ADPCH                                       (abs)        0009F
_ADPREH                                      (abs)        00110
_ADPREL                                      (abs)        0010F
_ADPREVH                                     (abs)        0009C
_ADPREVL                                     (abs)        0009B
_ADREF                                       (abs)        00116
_ADRESH                                      (abs)        0009E
_ADRESL                                      (abs)        0009D
_ADRPT                                       (abs)        0009A
_ADSTAT                                      (abs)        00115
_ADSTATbits                                  (abs)        00115
_ADSTPTH                                     (abs)        00093
_ADSTPTL                                     (abs)        00092
_ADUTHH                                      (abs)        0008F
_ADUTHL                                      (abs)        0008E
_AMPS_enable                                 text28       00AC1
_ANSELA                                      (abs)        01F38
_ANSELB                                      (abs)        01F43
_ANSELBbits                                  (abs)        01F43
_ANSELC                                      (abs)        01F4E
_ANSELCbits                                  (abs)        01F4E
_CPUDOZEbits                                 (abs)        0088C
_DOUT_Init                                   text43       008E3
_EnterSleep                                  text30       0090D
_I2C1_CommandReceived                        text55       00002
_I2C1_GetCommand                             text54       00969
_I2C1_GetCommandData                         text53       00A5D
_I2C1_ISR                                    text63       00C83
_I2C1_Initialize                             text50       00B84
_I2C1_SetTransmitData                        text52       00B5A
_I2C1_StatusCallback                         text64       00D8D
_I2C1_TxBufferEmpty                          text51       00914
_I2C1_slaveWriteData                         dataCOMMON   0007B
_INTCONbits                                  (abs)        0000B
_INTERRUPT_InterruptManager                  intentry     00004
_IOCCF0_ISR                                  text62       008C9
_IOCCF0_InterruptHandler                     bssBANK2     00129
_IOCCF2_ISR                                  text61       008CC
_IOCCF2_InterruptHandler                     bssBANK2     00127
_IOCCF4_ISR                                  text60       008CF
_IOCCF4_InterruptHandler                     bssBANK2     00125
_IOCCF6_ISR                                  text58       009B7
_IOCCF6_InterruptHandler                     bssBANK1     000C5
_IOCCF6_SetInterruptHandler                  text42       0092D
_IOCCFbits                                   (abs)        01F55
_IOCCNbits                                   (abs)        01F54
_IOCCPbits                                   (abs)        01F53
_ISR_MIC_Wake                                text59       0093F
_LATA                                        (abs)        00018
_LATB                                        (abs)        00019
_LATBbits                                    (abs)        00019
_LATC                                        (abs)        0001A
_LATCbits                                    (abs)        0001A
_LED_Blink                                   text39       00E98
_LED_Init                                    text38       00953
_MIC_Mode                                    text27       009C6
_OSCCON1                                     (abs)        0088D
_OSCFRQ                                      (abs)        00893
_OSCILLATOR_Initialize                       text49       008EE
_PIE0bits                                    (abs)        00716
_PIE1bits                                    (abs)        00717
_PIE3bits                                    (abs)        00719
_PIN_MANAGER_IOC                             text57       00A3C
_PIR0bits                                    (abs)        0070C
_PIR1bits                                    (abs)        0070D
_PIR3bits                                    (abs)        0070F
_PMD0                                        (abs)        00796
_PMD0bits                                    (abs)        00796
_PMD1                                        (abs)        00797
_PMD2                                        (abs)        00798
_PMD3                                        (abs)        00799
_PMD3bits                                    (abs)        00799
_PMD4                                        (abs)        0079A
_PMD5                                        (abs)        0079B
_PMD6                                        (abs)        0079C
_PMD6bits                                    (abs)        0079C
_PMD7                                        (abs)        0079D
_PMD_Initialize                              text48       009D8
_RB5PPS                                      (abs)        01F1D
_RB7PPS                                      (abs)        01F1F
_READY_Init                                  text37       008DB
_SSP1ADD                                     (abs)        0018D
_SSP1BUF                                     (abs)        0018C
_SSP1CLKPPS                                  (abs)        01EC5
_SSP1CON1                                    (abs)        00190
_SSP1CON1bits                                (abs)        00190
_SSP1CON2                                    (abs)        00191
_SSP1CON2bits                                (abs)        00191
_SSP1CON3                                    (abs)        00192
_SSP1CON3bits                                (abs)        00192
_SSP1DATPPS                                  (abs)        01EC6
_SSP1MSK                                     (abs)        0018E
_SSP1STAT                                    (abs)        0018F
_SSP1STATbits                                (abs)        0018F
_STATUSbits                                  (abs)        00003
_SYSTEM_Initialize                           text47       00A9F
_SoundLevel_GetData                          text46       00A01
_SoundLevel_GetSample                        text67       00BAE
_SoundLevel_Init                             text31       00DDF
_SoundLevel_LedOff                           text41       008D2
_SoundLevel_LedOn                            text40       008D5
_SoundLevel_Loop                             text4        004C8
_SoundLevel_Measure                          text3        008DF
_SoundLevel_PrepareData                      text9        0007A
_SoundLevel_PrepareData$2651                 cstackBANK1  000A8
_SoundLevel_PrepareData$2652                 cstackBANK1  000AB
_SoundLevel_SetThreshold                     text2        00D04
_SoundLevel_StartADC                         text6        0091C
_SoundLevel_StopADC                          text68       00906
_TRISA                                       (abs)        00012
_TRISB                                       (abs)        00013
_TRISBbits                                   (abs)        00013
_TRISC                                       (abs)        00014
_TRISCbits                                   (abs)        00014
_VDDAMP_Init                                 text36       008F4
_VDDBIAS_Init                                text35       0095E
_VREGCONbits                                 (abs)        00812
_WDTCON0                                     (abs)        0080C
_WDTCON0bits                                 (abs)        0080C
_WDTCON1                                     (abs)        0080D
_WDT_Init                                    text34       008FA
__Habs1                                      abs1         00000
__Hbank0                                     bank0        00000
__Hbank1                                     bank1        00000
__Hbank10                                    bank10       00000
__Hbank11                                    bank11       00000
__Hbank12                                    bank12       00000
__Hbank13                                    bank13       00000
__Hbank14                                    bank14       00000
__Hbank15                                    bank15       00000
__Hbank16                                    bank16       00000
__Hbank17                                    bank17       00000
__Hbank18                                    bank18       00000
__Hbank19                                    bank19       00000
__Hbank2                                     bank2        00000
__Hbank20                                    bank20       00000
__Hbank21                                    bank21       00000
__Hbank22                                    bank22       00000
__Hbank23                                    bank23       00000
__Hbank24                                    bank24       00000
__Hbank25                                    bank25       00000
__Hbank26                                    bank26       00000
__Hbank27                                    bank27       00000
__Hbank28                                    bank28       00000
__Hbank29                                    bank29       00000
__Hbank3                                     bank3        00000
__Hbank30                                    bank30       00000
__Hbank31                                    bank31       00000
__Hbank32                                    bank32       00000
__Hbank33                                    bank33       00000
__Hbank34                                    bank34       00000
__Hbank35                                    bank35       00000
__Hbank36                                    bank36       00000
__Hbank37                                    bank37       00000
__Hbank38                                    bank38       00000
__Hbank39                                    bank39       00000
__Hbank4                                     bank4        00000
__Hbank40                                    bank40       00000
__Hbank41                                    bank41       00000
__Hbank42                                    bank42       00000
__Hbank43                                    bank43       00000
__Hbank44                                    bank44       00000
__Hbank45                                    bank45       00000
__Hbank46                                    bank46       00000
__Hbank47                                    bank47       00000
__Hbank48                                    bank48       00000
__Hbank49                                    bank49       00000
__Hbank5                                     bank5        00000
__Hbank50                                    bank50       00000
__Hbank51                                    bank51       00000
__Hbank52                                    bank52       00000
__Hbank53                                    bank53       00000
__Hbank54                                    bank54       00000
__Hbank55                                    bank55       00000
__Hbank56                                    bank56       00000
__Hbank57                                    bank57       00000
__Hbank58                                    bank58       00000
__Hbank59                                    bank59       00000
__Hbank6                                     bank6        00000
__Hbank60                                    bank60       00000
__Hbank61                                    bank61       00000
__Hbank62                                    bank62       00000
__Hbank63                                    bank63       00000
__Hbank7                                     bank7        00000
__Hbank8                                     bank8        00000
__Hbank9                                     bank9        00000
__Hbigram                                    bigram       00000
__HbssBANK1                                  bssBANK1     00000
__HbssBANK2                                  bssBANK2     00000
__HbssBANK3                                  bssBANK3     00000
__HbssCOMMON                                 bssCOMMON    00000
__Hcinit                                     cinit        0007A
__Hclrtext                                   clrtext      00000
__Hcode                                      code         00000
__Hcommon                                    common       00000
__Hconfig                                    config       0800C
__HcstackBANK0                               cstackBANK0  00000
__HcstackBANK1                               cstackBANK1  00000
__HcstackBANK3                               cstackBANK3  00000
__HcstackCOMMON                              cstackCOMMON 00000
__HdataBANK2                                 dataBANK2    00000
__HdataCOMMON                                dataCOMMON   00000
__Heeprom_data                               eeprom_data  00000
__Hend_init                                  end_init     00033
__Hfunctab                                   functab      00000
__HidataBANK2                                idataBANK2   00000
__HidataCOMMON                               idataCOMMON  00000
__Hinit                                      init         00031
__Hinittext                                  inittext     00000
__Hintentry                                  intentry     00031
__Hmaintext                                  maintext     00000
__HnvBANK1                                   nvBANK1      00000
__HnvBANK2                                   nvBANK2      00000
__Hpowerup                                   powerup      00000
__Hram                                       ram          00000
__Hreset_vec                                 reset_vec    00002
__Hsfr0                                      sfr0         00000
__Hsfr1                                      sfr1         00000
__Hsfr10                                     sfr10        00000
__Hsfr11                                     sfr11        00000
__Hsfr12                                     sfr12        00000
__Hsfr13                                     sfr13        00000
__Hsfr14                                     sfr14        00000
__Hsfr15                                     sfr15        00000
__Hsfr16                                     sfr16        00000
__Hsfr17                                     sfr17        00000
__Hsfr18                                     sfr18        00000
__Hsfr19                                     sfr19        00000
__Hsfr2                                      sfr2         00000
__Hsfr20                                     sfr20        00000
__Hsfr21                                     sfr21        00000
__Hsfr22                                     sfr22        00000
__Hsfr23                                     sfr23        00000
__Hsfr24                                     sfr24        00000
__Hsfr25                                     sfr25        00000
__Hsfr26                                     sfr26        00000
__Hsfr27                                     sfr27        00000
__Hsfr28                                     sfr28        00000
__Hsfr29                                     sfr29        00000
__Hsfr3                                      sfr3         00000
__Hsfr30                                     sfr30        00000
__Hsfr31                                     sfr31        00000
__Hsfr32                                     sfr32        00000
__Hsfr33                                     sfr33        00000
__Hsfr34                                     sfr34        00000
__Hsfr35                                     sfr35        00000
__Hsfr36                                     sfr36        00000
__Hsfr37                                     sfr37        00000
__Hsfr38                                     sfr38        00000
__Hsfr39                                     sfr39        00000
__Hsfr4                                      sfr4         00000
__Hsfr40                                     sfr40        00000
__Hsfr41                                     sfr41        00000
__Hsfr42                                     sfr42        00000
__Hsfr43                                     sfr43        00000
__Hsfr44                                     sfr44        00000
__Hsfr45                                     sfr45        00000
__Hsfr46                                     sfr46        00000
__Hsfr47                                     sfr47        00000
__Hsfr48                                     sfr48        00000
__Hsfr49                                     sfr49        00000
__Hsfr5                                      sfr5         00000
__Hsfr50                                     sfr50        00000
__Hsfr51                                     sfr51        00000
__Hsfr52                                     sfr52        00000
__Hsfr53                                     sfr53        00000
__Hsfr54                                     sfr54        00000
__Hsfr55                                     sfr55        00000
__Hsfr56                                     sfr56        00000
__Hsfr57                                     sfr57        00000
__Hsfr58                                     sfr58        00000
__Hsfr59                                     sfr59        00000
__Hsfr6                                      sfr6         00000
__Hsfr60                                     sfr60        00000
__Hsfr61                                     sfr61        00000
__Hsfr62                                     sfr62        00000
__Hsfr63                                     sfr63        00000
__Hsfr7                                      sfr7         00000
__Hsfr8                                      sfr8         00000
__Hsfr9                                      sfr9         00000
__Hspace_0                                   (abs)        0101B
__Hspace_1                                   (abs)        001DA
__Hspace_2                                   (abs)        00000
__Hspace_3                                   (abs)        00000
__Hspace_4                                   (abs)        10013
__Hstack                                     stack        00000
__Hstrings                                   strings      00000
__Hstringtext1                               stringtext1  00000
__Htext                                      text         00000
__Labs1                                      abs1         00000
__Lbank0                                     bank0        00000
__Lbank1                                     bank1        00000
__Lbank10                                    bank10       00000
__Lbank11                                    bank11       00000
__Lbank12                                    bank12       00000
__Lbank13                                    bank13       00000
__Lbank14                                    bank14       00000
__Lbank15                                    bank15       00000
__Lbank16                                    bank16       00000
__Lbank17                                    bank17       00000
__Lbank18                                    bank18       00000
__Lbank19                                    bank19       00000
__Lbank2                                     bank2        00000
__Lbank20                                    bank20       00000
__Lbank21                                    bank21       00000
__Lbank22                                    bank22       00000
__Lbank23                                    bank23       00000
__Lbank24                                    bank24       00000
__Lbank25                                    bank25       00000
__Lbank26                                    bank26       00000
__Lbank27                                    bank27       00000
__Lbank28                                    bank28       00000
__Lbank29                                    bank29       00000
__Lbank3                                     bank3        00000
__Lbank30                                    bank30       00000
__Lbank31                                    bank31       00000
__Lbank32                                    bank32       00000
__Lbank33                                    bank33       00000
__Lbank34                                    bank34       00000
__Lbank35                                    bank35       00000
__Lbank36                                    bank36       00000
__Lbank37                                    bank37       00000
__Lbank38                                    bank38       00000
__Lbank39                                    bank39       00000
__Lbank4                                     bank4        00000
__Lbank40                                    bank40       00000
__Lbank41                                    bank41       00000
__Lbank42                                    bank42       00000
__Lbank43                                    bank43       00000
__Lbank44                                    bank44       00000
__Lbank45                                    bank45       00000
__Lbank46                                    bank46       00000
__Lbank47                                    bank47       00000
__Lbank48                                    bank48       00000
__Lbank49                                    bank49       00000
__Lbank5                                     bank5        00000
__Lbank50                                    bank50       00000
__Lbank51                                    bank51       00000
__Lbank52                                    bank52       00000
__Lbank53                                    bank53       00000
__Lbank54                                    bank54       00000
__Lbank55                                    bank55       00000
__Lbank56                                    bank56       00000
__Lbank57                                    bank57       00000
__Lbank58                                    bank58       00000
__Lbank59                                    bank59       00000
__Lbank6                                     bank6        00000
__Lbank60                                    bank60       00000
__Lbank61                                    bank61       00000
__Lbank62                                    bank62       00000
__Lbank63                                    bank63       00000
__Lbank7                                     bank7        00000
__Lbank8                                     bank8        00000
__Lbank9                                     bank9        00000
__Lbigram                                    bigram       00000
__LbssBANK1                                  bssBANK1     00000
__LbssBANK2                                  bssBANK2     00000
__LbssBANK3                                  bssBANK3     00000
__LbssCOMMON                                 bssCOMMON    00000
__Lcinit                                     cinit        00033
__Lclrtext                                   clrtext      00000
__Lcode                                      code         00000
__Lcommon                                    common       00000
__Lconfig                                    config       00000
__LcstackBANK0                               cstackBANK0  00000
__LcstackBANK1                               cstackBANK1  00000
__LcstackBANK3                               cstackBANK3  00000
__LcstackCOMMON                              cstackCOMMON 00000
__LdataBANK2                                 dataBANK2    00000
__LdataCOMMON                                dataCOMMON   00000
__Leeprom_data                               eeprom_data  00000
__Lend_init                                  end_init     00031
__Lfunctab                                   functab      00000
__LidataBANK2                                idataBANK2   00000
__LidataCOMMON                               idataCOMMON  00000
__Linit                                      init         00031
__Linittext                                  inittext     00000
__Lintentry                                  intentry     00004
__Lmaintext                                  maintext     00000
__LnvBANK1                                   nvBANK1      00000
__LnvBANK2                                   nvBANK2      00000
__Lpowerup                                   powerup      00000
__Lram                                       ram          00000
__Lreset_vec                                 reset_vec    00000
__Lsfr0                                      sfr0         00000
__Lsfr1                                      sfr1         00000
__Lsfr10                                     sfr10        00000
__Lsfr11                                     sfr11        00000
__Lsfr12                                     sfr12        00000
__Lsfr13                                     sfr13        00000
__Lsfr14                                     sfr14        00000
__Lsfr15                                     sfr15        00000
__Lsfr16                                     sfr16        00000
__Lsfr17                                     sfr17        00000
__Lsfr18                                     sfr18        00000
__Lsfr19                                     sfr19        00000
__Lsfr2                                      sfr2         00000
__Lsfr20                                     sfr20        00000
__Lsfr21                                     sfr21        00000
__Lsfr22                                     sfr22        00000
__Lsfr23                                     sfr23        00000
__Lsfr24                                     sfr24        00000
__Lsfr25                                     sfr25        00000
__Lsfr26                                     sfr26        00000
__Lsfr27                                     sfr27        00000
__Lsfr28                                     sfr28        00000
__Lsfr29                                     sfr29        00000
__Lsfr3                                      sfr3         00000
__Lsfr30                                     sfr30        00000
__Lsfr31                                     sfr31        00000
__Lsfr32                                     sfr32        00000
__Lsfr33                                     sfr33        00000
__Lsfr34                                     sfr34        00000
__Lsfr35                                     sfr35        00000
__Lsfr36                                     sfr36        00000
__Lsfr37                                     sfr37        00000
__Lsfr38                                     sfr38        00000
__Lsfr39                                     sfr39        00000
__Lsfr4                                      sfr4         00000
__Lsfr40                                     sfr40        00000
__Lsfr41                                     sfr41        00000
__Lsfr42                                     sfr42        00000
__Lsfr43                                     sfr43        00000
__Lsfr44                                     sfr44        00000
__Lsfr45                                     sfr45        00000
__Lsfr46                                     sfr46        00000
__Lsfr47                                     sfr47        00000
__Lsfr48                                     sfr48        00000
__Lsfr49                                     sfr49        00000
__Lsfr5                                      sfr5         00000
__Lsfr50                                     sfr50        00000
__Lsfr51                                     sfr51        00000
__Lsfr52                                     sfr52        00000
__Lsfr53                                     sfr53        00000
__Lsfr54                                     sfr54        00000
__Lsfr55                                     sfr55        00000
__Lsfr56                                     sfr56        00000
__Lsfr57                                     sfr57        00000
__Lsfr58                                     sfr58        00000
__Lsfr59                                     sfr59        00000
__Lsfr6                                      sfr6         00000
__Lsfr60                                     sfr60        00000
__Lsfr61                                     sfr61        00000
__Lsfr62                                     sfr62        00000
__Lsfr63                                     sfr63        00000
__Lsfr7                                      sfr7         00000
__Lsfr8                                      sfr8         00000
__Lsfr9                                      sfr9         00000
__Lspace_0                                   (abs)        00000
__Lspace_1                                   (abs)        00000
__Lspace_2                                   (abs)        00000
__Lspace_3                                   (abs)        00000
__Lspace_4                                   (abs)        00000
__Lstack                                     stack        00000
__Lstrings                                   strings      00000
__Lstringtext1                               stringtext1  00000
__Ltext                                      text         00000
__S0                                         (abs)        0101B
__S1                                         (abs)        001DA
__S2                                         (abs)        00000
__S3                                         (abs)        00000
___altoft                                    text13       00CC2
___altoft@c                                  cstackBANK0  0002E
___altoft@exp                                cstackBANK0  00034
___altoft@sign                               cstackBANK0  00035
___awtoft                                    text23       00AE5
___awtoft@c                                  cstackBANK0  00028
___awtoft@sign                               cstackBANK0  0002D
___ftadd                                     text21       002BC
___ftadd@exp1                                cstackBANK0  0003A
___ftadd@exp2                                cstackBANK0  00039
___ftadd@f1                                  cstackBANK0  0002E
___ftadd@f2                                  cstackBANK0  00031
___ftadd@sign                                cstackBANK0  00038
___ftdiv                                     text25       00700
___ftdiv@cntr                                cstackBANK0  00032
___ftdiv@exp                                 cstackBANK0  00033
___ftdiv@f1                                  cstackBANK0  0002B
___ftdiv@f2                                  cstackBANK0  00028
___ftdiv@f3                                  cstackBANK0  00034
___ftdiv@sign                                cstackBANK0  00037
___ftge                                      text22       00C0C
___ftge@ff1                                  cstackBANK0  00020
___ftge@ff2                                  cstackBANK0  00023
___ftmul                                     text20       0058A
___ftmul@cntr                                cstackBANK0  00053
___ftmul@exp                                 cstackBANK0  0004F
___ftmul@f1                                  cstackBANK0  00045
___ftmul@f2                                  cstackBANK0  00048
___ftmul@f3_as_product                       cstackBANK0  00050
___ftmul@sign                                cstackBANK0  00054
___ftpack                                    text26       00F06
___ftpack@arg                                cstackBANK0  00020
___ftpack@exp                                cstackBANK0  00023
___ftpack@sign                               cstackBANK0  00024
___ftsub                                     text14       00A7E
___ftsub@f1                                  cstackBANK0  00042
___ftsub@f2                                  cstackBANK0  0003F
___fttol                                     text12       00F7B
___fttol@exp1                                cstackBANK0  0002D
___fttol@f1                                  cstackBANK0  00020
___fttol@lval                                cstackBANK0  00029
___fttol@sign1                               cstackBANK0  00028
___int_sp                                    stack        00000
___latbits                                   (abs)        00003
___lwtoft                                    text24       009EB
___lwtoft@c                                  cstackBANK0  00028
___sp                                        stack        00000
___stackhi                                   (abs)        024CF
___stacklo                                   (abs)        0212A
___wmul                                      text19       00A1C
___wmul@multiplicand                         cstackBANK0  00022
___wmul@multiplier                           cstackBANK0  00020
___wmul@product                              cstackBANK0  00024
__end_of_ADCC_DefaultInterruptHandler        text66       008C2
__end_of_ADCC_DisableContinuousConversion    text70       008C6
__end_of_ADCC_EnableContinuousConversion     text8        008DB
__end_of_ADCC_GetConversionResult            text71       008EE
__end_of_ADCC_ISR                            text65       009B7
__end_of_ADCC_Initialize                     text44       00B32
__end_of_ADCC_SetADIInterruptHandler         text45       0092D
__end_of_ADCC_StartConversion                text7        0093F
__end_of_ADCC_StopConversion                 text69       008C9
__end_of_AMPS_enable                         text28       00AE5
__end_of_DOUT_Init                           text43       008E8
__end_of_EnterSleep                          text30       00914
__end_of_I2C1_CommandReceived                text55       00004
__end_of_I2C1_GetCommand                     text54       00975
__end_of_I2C1_GetCommandData                 text53       00A7E
__end_of_I2C1_ISR                            text63       00CC2
__end_of_I2C1_Initialize                     text50       00BAE
__end_of_I2C1_SetTransmitData                text52       00B84
__end_of_I2C1_StatusCallback                 text64       00DDF
__end_of_I2C1_TxBufferEmpty                  text51       0091C
__end_of_INTERRUPT_InterruptManager          intentry     00031
__end_of_IOCCF0_ISR                          text62       008CC
[...]
      Temps:          1       0       0       0       0       0       0       0       0       0       0       0       0       0       0       0       0       0       0       0       0       0       0       0       0       0       0
      Totals:         2       0       0       0       0       0       0       0       0       0       0       0       0       0       0       0       0       0       0       0       0       0       0       0       0       0       0
Total ram usage:        2 bytes
 Hardware stack levels used:    1
 This function calls:
		Nothing
 This function is called by:
		_I2C1_ISR
 This function uses a non-reentrant model


 *************** function _ADCC_ISR *****************
 Defined at:
		line 283 in file "system/adcc.c"
 Parameters:    Size  Location     Type
		None
 Auto vars:     Size  Location     Type
		None
 Return value:  Size  Location     Type
                  1    wreg      void 
 Registers used:
		wreg, fsr1l, fsr1h, status,2, status,0, pclath, cstack
 Tracked objects:
		On entry : 
		On exit  : 
		Unchanged: 
 Data sizes:     COMMON   BANK0   BANK1   BANK2   BANK3   BANK4   BANK5   BANK6   BANK7   BANK8   BANK9  BANK10  BANK11  BANK12  BANK13  BANK14  BANK15  BANK16  BANK17  BANK18  BANK19  BANK20  BANK21  BANK22  BANK23  BANK24  BANK25
      Params:         0       0       0       0       0       0       0       0       0       0       0       0       0       0       0       0       0       0       0       0       0       0       0       0       0       0       0
      Locals:         0       0       0       0       0       0       0       0       0       0       0       0       0       0       0       0       0       0       0       0       0       0       0       0       0       0       0
      Temps:          0       0       0       0       0       0       0       0       0       0       0       0       0       0       0       0       0       0       0       0       0       0       0       0       0       0       0
      Totals:         0       0       0       0       0       0       0       0       0       0       0       0       0       0       0       0       0       0       0       0       0       0       0       0       0       0       0
Total ram usage:        0 bytes
 Hardware stack levels used:    1
 Hardware stack levels required when called:    3
 This function calls:
		Absolute function
		_ADCC_DefaultInterruptHandler
		_SoundLevel_GetSample
 This function is called by:
		_INTERRUPT_InterruptManager
 This function uses a non-reentrant model


 *************** function _ADCC_DefaultInterruptHandler *****************
 Defined at:
		line 296 in file "system/adcc.c"
 Parameters:    Size  Location     Type
		None
 Auto vars:     Size  Location     Type
		None
 Return value:  Size  Location     Type
                  1    wreg      void 
 Registers used:
		None
 Tracked objects:
		On entry : 
		On exit  : 
		Unchanged: 
 Data sizes:     COMMON   BANK0   BANK1   BANK2   BANK3   BANK4   BANK5   BANK6   BANK7   BANK8   BANK9  BANK10  BANK11  BANK12  BANK13  BANK14  BANK15  BANK16  BANK17  BANK18  BANK19  BANK20  BANK21  BANK22  BANK23  BANK24  BANK25
      Params:         0       0       0       0       0       0       0       0       0       0       0       0       0       0       0       0       0       0       0       0       0       0       0       0       0       0       0
      Locals:         0       0       0       0       0       0       0       0       0       0       0       0       0       0       0       0       0       0       0       0       0       0       0       0       0       0       0
      Temps:          0       0       0       0       0       0       0       0       0       0       0       0       0       0       0       0       0       0       0       0       0       0       0       0       0       0       0
      Totals:         0       0       0       0       0       0       0       0       0       0       0       0       0       0       0       0       0       0       0       0       0       0       0       0       0       0       0
Total ram usage:        0 bytes
 Hardware stack levels used:    1
 This function calls:
		Nothing
 This function is called by:
		_ADCC_Initialize
		_ADCC_ISR
 This function uses a non-reentrant model


 *************** function _SoundLevel_GetSample *****************
 Defined at:
		line 537 in file "Sensors/sound_level.c"
 Parameters:    Size  Location     Type
		None
 Auto vars:     Size  Location     Type
		None
 Return value:  Size  Location     Type
                  1    wreg      void 
 Registers used:
		wreg, fsr1l, fsr1h, status,2, status,0, pclath, cstack
 Tracked objects:
		On entry : 
		On exit  : 
		Unchanged: 
 Data sizes:     COMMON   BANK0   BANK1   BANK2   BANK3   BANK4   BANK5   BANK6   BANK7   BANK8   BANK9  BANK10  BANK11  BANK12  BANK13  BANK14  BANK15  BANK16  BANK17  BANK18  BANK19  BANK20  BANK21  BANK22  BANK23  BANK24  BANK25
      Params:         0       0       0       0       0       0       0       0       0       0       0       0       0       0       0       0       0       0       0       0       0       0       0       0       0       0       0
      Locals:         0       0       0       0       0       0       0       0       0       0       0       0       0       0       0       0       0       0       0       0       0       0       0       0       0       0       0
      Temps:          4       0       0       0       0       0       0       0       0       0       0       0       0       0       0       0       0       0       0       0       0       0       0       0       0       0       0
      Totals:         4       0       0       0       0       0       0       0       0       0       0       0       0       0       0       0       0       0       0       0       0       0       0       0       0       0       0
Total ram usage:        4 bytes
 Hardware stack levels used:    1
 Hardware stack levels required when called:    2
 This function calls:
		_ADCC_GetConversionResult
		_SoundLevel_StopADC
 This function is called by:
		_SoundLevel_Init
		_ADCC_ISR
 This function uses a non-reentrant model


 *************** function _SoundLevel_StopADC *****************
 Defined at:
		line 559 in file "Sensors/sound_level.c"
 Parameters:    Size  Location     Type
		None
 Auto vars:     Size  Location     Type
		None
 Return value:  Size  Location     Type
                  1    wreg      void 
 Registers used:
		status,2, status,0, pclath, cstack
 Tracked objects:
		On entry : 
		On exit  : 
		Unchanged: 
 Data sizes:     COMMON   BANK0   BANK1   BANK2   BANK3   BANK4   BANK5   BANK6   BANK7   BANK8   BANK9  BANK10  BANK11  BANK12  BANK13  BANK14  BANK15  BANK16  BANK17  BANK18  BANK19  BANK20  BANK21  BANK22  BANK23  BANK24  BANK25
      Params:         0       0       0       0       0       0       0       0       0       0       0       0       0       0       0       0       0       0       0       0       0       0       0       0       0       0       0
      Locals:         0       0       0       0       0       0       0       0       0       0       0       0       0       0       0       0       0       0       0       0       0       0       0       0       0       0       0
      Temps:          0       0       0       0       0       0       0       0       0       0       0       0       0       0       0       0       0       0       0       0       0       0       0       0       0       0       0
      Totals:         0       0       0       0       0       0       0       0       0       0       0       0       0       0       0       0       0       0       0       0       0       0       0       0       0       0       0
Total ram usage:        0 bytes
 Hardware stack levels used:    1
 Hardware stack levels required when called:    1
 This function calls:
		_ADCC_DisableContinuousConversion
		_ADCC_StopConversion
 This function is called by:
		_SoundLevel_GetSample
 This function uses a non-reentrant model


 *************** function _ADCC_StopConversion *****************
 Defined at:
		line 146 in file "system/adcc.c"
 Parameters:    Size  Location     Type
		None
 Auto vars:     Size  Location     Type
		None
 Return value:  Size  Location     Type
                  1    wreg      void 
 Registers used:
		None
 Tracked objects:
		On entry : 
		On exit  : 
		Unchanged: 
 Data sizes:     COMMON   BANK0   BANK1   BANK2   BANK3   BANK4   BANK5   BANK6   BANK7   BANK8   BANK9  BANK10  BANK11  BANK12  BANK13  BANK14  BANK15  BANK16  BANK17  BANK18  BANK19  BANK20  BANK21  BANK22  BANK23  BANK24  BANK25
      Params:         0       0       0       0       0       0       0       0       0       0       0       0       0       0       0       0       0       0       0       0       0       0       0       0       0       0       0
      Locals:         0       0       0       0       0       0       0       0       0       0       0       0       0       0       0       0       0       0       0       0       0       0       0       0       0       0       0
      Temps:          0       0       0       0       0       0       0       0       0       0       0       0       0       0       0       0       0       0       0       0       0       0       0       0       0       0       0
      Totals:         0       0       0       0       0       0       0       0       0       0       0       0       0       0       0       0       0       0       0       0       0       0       0       0       0       0       0
Total ram usage:        0 bytes
 Hardware stack levels used:    1
 This function calls:
		Nothing
 This function is called by:
		_SoundLevel_StopADC
 This function uses a non-reentrant model


 *************** function _ADCC_DisableContinuousConversion *****************
 Defined at:
		line 259 in file "system/adcc.c"
 Parameters:    Size  Location     Type
		None
 Auto vars:     Size  Location     Type
		None
 Return value:  Size  Location     Type
                  1    wreg      void 
 Registers used:
		None
 Tracked objects:
		On entry : 
		On exit  : 
		Unchanged: 
 Data sizes:     COMMON   BANK0   BANK1   BANK2   BANK3   BANK4   BANK5   BANK6   BANK7   BANK8   BANK9  BANK10  BANK11  BANK12  BANK13  BANK14  BANK15  BANK16  BANK17  BANK18  BANK19  BANK20  BANK21  BANK22  BANK23  BANK24  BANK25
      Params:         0       0       0       0       0       0       0       0       0       0       0       0       0       0       0       0       0       0       0       0       0       0       0       0       0       0       0
      Locals:         0       0       0       0       0       0       0       0       0       0       0       0       0       0       0       0       0       0       0       0       0       0       0       0       0       0       0
      Temps:          0       0       0       0       0       0       0       0       0       0       0       0       0       0       0       0       0       0       0       0       0       0       0       0       0       0       0
      Totals:         0       0       0       0       0       0       0       0       0       0       0       0       0       0       0       0       0       0       0       0       0       0       0       0       0       0       0
Total ram usage:        0 bytes
 Hardware stack levels used:    1
 This function calls:
		Nothing
 This function is called by:
		_SoundLevel_StopADC
 This function uses a non-reentrant model


 *************** function _ADCC_GetConversionResult *****************
 Defined at:
		line 115 in file "system/adcc.c"
 Parameters:    Size  Location     Type
		None
 Auto vars:     Size  Location     Type
		None
 Return value:  Size  Location     Type
                  2    0[COMMON] unsigned int 
 Registers used:
		wreg
 Tracked objects:
		On entry : 
		On exit  : 
		Unchanged: 
 Data sizes:     COMMON   BANK0   BANK1   BANK2   BANK3   BANK4   BANK5   BANK6   BANK7   BANK8   BANK9  BANK10  BANK11  BANK12  BANK13  BANK14  BANK15  BANK16  BANK17  BANK18  BANK19  BANK20  BANK21  BANK22  BANK23  BANK24  BANK25
      Params:         2       0       0       0       0       0       0       0       0       0       0       0       0       0       0       0       0       0       0       0       0       0       0       0       0       0       0
      Locals:         0       0       0       0       0       0       0       0       0       0       0       0       0       0       0       0       0       0       0       0       0       0       0       0       0       0       0
      Temps:          0       0       0       0       0       0       0       0       0       0       0       0       0       0       0       0       0       0       0       0       0       0       0       0       0       0       0
      Totals:         2       0       0       0       0       0       0       0       0       0       0       0       0       0       0       0       0       0       0       0       0       0       0       0       0       0       0
Total ram usage:        2 bytes
 Hardware stack levels used:    1
 This function calls:
		Nothing
 This function is called by:
		_SoundLevel_GetSample
 This function uses a non-reentrant model



MODULE INFORMATION

Module		Function		Class		Link	Load	Size
C:\Program Files\Microchip\xc8\v2.30\pic\sources\c90\common\round.c
		_round         		CODE           	07B2	0000	72

C:\Program Files\Microchip\xc8\v2.30\pic\sources\c90\common\round.c estimated size: 72

C:\Program Files\Microchip\xc8\v2.30\pic\sources\c90\common\ftge.c
		___ftge        		CODE           	0C0C	0000	57

C:\Program Files\Microchip\xc8\v2.30\pic\sources\c90\common\ftge.c estimated size: 57

system/pin_manager.c
		_IOCCF0_ISR    		CODE           	08C9	0000	3
		_IOCCF6_ISR    		CODE           	09B7	0000	15
		_IOCCF4_ISR    		CODE           	08CF	0000	3
		_IOCCF6_SetInterruptHandler		CODE           	092D	0000	9
		_PIN_MANAGER_IOC		CODE           	0A3C	0000	33
		_IOCCF2_ISR    		CODE           	08CC	0000	3

system/pin_manager.c estimated size: 66

C:\Program Files\Microchip\xc8\v2.30\pic\sources\c90\common\frexp.c
		_frexp         		CODE           	0C45	0000	62

C:\Program Files\Microchip\xc8\v2.30\pic\sources\c90\common\frexp.c estimated size: 62

C:\Program Files\Microchip\xc8\v2.30\pic\sources\c90\common\awtoft.c
		___awtoft      		CODE           	0AE5	0000	37

C:\Program Files\Microchip\xc8\v2.30\pic\sources\c90\common\awtoft.c estimated size: 37

system/interrupt.c
		_INTERRUPT_InterruptManager		CODE           	0004	0000	45

system/interrupt.c estimated size: 45

C:\Program Files\Microchip\xc8\v2.30\pic\sources\c90\common\altoft.c
		___altoft      		CODE           	0CC2	0000	66

C:\Program Files\Microchip\xc8\v2.30\pic\sources\c90\common\altoft.c estimated size: 66

Sensors/sound_level.c
		_SoundLevel_SetThreshold		CODE           	0D04	0000	66
		_LED_Init      		CODE           	0953	0000	11
		_VDDAMP_Init   		CODE           	08F4	0000	6
		_VDDBIAS_Init  		CODE           	095E	0000	11
		_LED_Blink     		CODE           	0E98	0000	110
		_SoundLevel_Loop		CODE           	04C8	0000	194
		_SoundLevel_Init		CODE           	0DDF	0000	86
		_SoundLevel_Measure		CODE           	08DF	0000	4
		_measure       		CODE           	0BD9	0000	51
		_READY_Init    		CODE           	08DB	0000	4
		_EnterSleep    		CODE           	090D	0000	7
		_DOUT_Init     		CODE           	08E3	0000	5
		_generateInt   		CODE           	099A	0000	14
		_SoundLevel_GetSample		CODE           	0BAE	0000	43
		_SoundLevel_LedOn		CODE           	08D5	0000	3
		_nWakeMic_Init 		CODE           	0900	0000	6
		_SoundLevel_PrepareData		CODE           	007A	0000	578
		_MIC_Mode      		CODE           	09C6	0000	18
		_SoundLevel_StopADC		CODE           	0906	0000	7
		_SoundLevel_LedOff		CODE           	08D2	0000	3
		_AMPS_enable   		CODE           	0AC1	0000	36
		_ISR_MIC_Wake  		CODE           	093F	0000	10
		_WDT_Init      		CODE           	08FA	0000	6
		_SoundLevel_StartADC		CODE           	091C	0000	8
		_powerMic_Init 		CODE           	07FA	0000	6
		_SoundLevel_GetData		CODE           	0A01	0000	27

Sensors/sound_level.c estimated size: 1320

C:\Program Files\Microchip\xc8\v2.30\pic\sources\c90\common\ftmul.c
		___ftmul       		CODE           	058A	0000	193

C:\Program Files\Microchip\xc8\v2.30\pic\sources\c90\common\ftmul.c estimated size: 193

C:\Program Files\Microchip\xc8\v2.30\pic\sources\c90\common\ftdiv.c
		___ftdiv       		CODE           	0700	0000	178

C:\Program Files\Microchip\xc8\v2.30\pic\sources\c90\common\ftdiv.c estimated size: 178

C:\Program Files\Microchip\xc8\v2.30\pic\sources\c90\common\lwtoft.c
		___lwtoft      		CODE           	09EB	0000	22

C:\Program Files\Microchip\xc8\v2.30\pic\sources\c90\common\lwtoft.c estimated size: 22

system/i2c1.c
		_I2C1_CommandReceived		CODE           	0002	0000	2
		_I2C1_StatusCallback		CODE           	0D8D	0000	82
		_I2C1_ISR      		CODE           	0C83	0000	63
		_I2C1_Initialize		CODE           	0B84	0000	42
		_I2C1_SetTransmitData		CODE           	0B5A	0000	42
		_I2C1_TxBufferEmpty		CODE           	0914	0000	8
		_I2C1_GetCommand		CODE           	0969	0000	12
		_I2C1_GetCommandData		CODE           	0A5D	0000	33

system/i2c1.c estimated size: 284

C:\Program Files\Microchip\xc8\v2.30\pic\sources\c90\common\log.c
		_log           		CODE           	064B	0000	181
		_log10         		CODE           	0B32	0000	40

C:\Program Files\Microchip\xc8\v2.30\pic\sources\c90\common\log.c estimated size: 221

C:\Program Files\Microchip\xc8\v2.30\pic\sources\c90\common\fttol.c
		___fttol       		CODE           	0F7B	0000	133

C:\Program Files\Microchip\xc8\v2.30\pic\sources\c90\common\fttol.c estimated size: 133

system/system.c
		_PMD_Initialize		CODE           	09D8	0000	19
		_OSCILLATOR_Initialize		CODE           	08EE	0000	6
		_SYSTEM_Initialize		CODE           	0A9F	0000	34

system/system.c estimated size: 59

C:\Program Files\Microchip\xc8\v2.30\pic\sources\c90\common\ftadd.c
		___ftadd       		CODE           	02BC	0000	288

C:\Program Files\Microchip\xc8\v2.30\pic\sources\c90\common\ftadd.c estimated size: 288

shared
		__initialization		CODE           	0033	0000	67
		log@coeff      		STRCODE        	1000	0000	27

shared estimated size: 94

C:\Program Files\Microchip\xc8\v2.30\pic\sources\c90\common\Umul16.c
		___wmul        		CODE           	0A1C	0000	32

C:\Program Files\Microchip\xc8\v2.30\pic\sources\c90\common\Umul16.c estimated size: 32

C:\Program Files\Microchip\xc8\v2.30\pic\sources\c90\common\trunc.c
		_trunc         		CODE           	0D46	0000	71

C:\Program Files\Microchip\xc8\v2.30\pic\sources\c90\common\trunc.c estimated size: 71

C:\Program Files\Microchip\xc8\v2.30\pic\sources\c90\common\evalpoly.c
		_eval_poly     		CODE           	0E35	0000	99

C:\Program Files\Microchip\xc8\v2.30\pic\sources\c90\common\evalpoly.c estimated size: 99

main.c
		_main          		CODE           	03DC	0000	236
		_toggleInt     		CODE           	098D	0000	13

main.c estimated size: 249

C:\Program Files\Microchip\xc8\v2.30\pic\sources\c90\common\ftsub.c
		___ftsub       		CODE           	0A7E	0000	33

C:\Program Files\Microchip\xc8\v2.30\pic\sources\c90\common\ftsub.c estimated size: 33

C:\Program Files\Microchip\xc8\v2.30\pic\sources\c90\common\float.c
		___ftpack      		CODE           	0F06	0000	117

C:\Program Files\Microchip\xc8\v2.30\pic\sources\c90\common\float.c estimated size: 117

system/adcc.c
		_ADCC_StopConversion		CODE           	08C6	0000	3
		_ADCC_DisableContinuousConversion		CODE           	08C3	0000	3
		_ADCC_DefaultInterruptHandler		CODE           	08C1	0000	1
		_ADCC_EnableContinuousConversion		CODE           	08D8	0000	3
		_ADCC_GetConversionResult		CODE           	08E8	0000	6
		_ADCC_SetADIInterruptHandler		CODE           	0924	0000	9
		_ADCC_ISR      		CODE           	09A8	0000	15
		_ADCC_StartConversion		CODE           	0936	0000	9
		_ADCC_Initialize		CODE           	0B0A	0000	40

system/adcc.c estimated size: 89

