Microchip MPLAB XC8 Compiler V2.30

Linker command line:

-W-3 --edf=C:\Program Files\Microchip\xc8\v2.30\pic\dat\en_msgs.txt -cn \
  -h+dist/soundlevel/production\Power_Module.production.sym \
  --cmf=dist/soundlevel/production\Power_Module.production.cmf -z \
  -Q16F18446 -oC:\Users\JONACA~1\AppData\Local\Temp\s5m4x2 \
  --defsym=__MPLAB_BUILD=1 \
  -Mdist/soundlevel/production/Power_Module.production.map -E1 \
  -ver=XC8 Compiler -ASTACK=0215Ah-027EFh -pstack=STACK -ACODE=00h-07FFhx8 \
  -ASTRCODE=00h-03FFFh -ASTRING=00h-0FFhx64 -ACONST=00h-0FFhx64 \
  -AENTRY=00h-0FFhx64 -ACOMMON=070h-07Fh -ABANK0=020h-06Fh \
  -ABANK1=0A0h-0EFh -ABANK2=0120h-016Fh -ABANK3=01A0h-01EFh \
  -ABANK4=0220h-026Fh -ABANK5=02A0h-02EFh -ABANK6=0320h-036Fh \
  -ABANK7=03A0h-03EFh -ABANK8=0420h-046Fh -ABANK9=04A0h-04EFh \
  -ABANK10=0520h-056Fh -ABANK11=05A0h-05EFh -ABANK12=0620h-066Fh \
  -ABANK13=06A0h-06EFh -ABANK14=0720h-076Fh -ABANK15=07A0h-07EFh \
  -ABANK16=0820h-086Fh -ABANK17=08A0h-08EFh -ABANK18=0920h-096Fh \
  -ABANK19=09A0h-09EFh -ABANK20=0A20h-0A6Fh -ABANK21=0AA0h-0AEFh \
  -ABANK22=0B20h-0B6Fh -ABANK23=0BA0h-0BEFh -ABANK24=0C20h-0C6Fh \
  -ABANK25=0CA0h-0CBFh -ABIGRAM=02000h-027EFh \
  -ARAM=020h-06Fh,0A0h-0EFh,0120h-016Fh,01A0h-01EFh,0220h-026Fh,02A0h-02EFh,0320h-036Fh,03A0h-03EFh,0420h-046Fh,04A0h-04EFh,0520h-056Fh,05A0h-05EFh,0620h-066Fh,06A0h-06EFh,0720h-076Fh,07A0h-07EFh,0820h-086Fh,08A0h-08EFh,0920h-096Fh,09A0h-09EFh,0A20h-0A6Fh,0AA0h-0AEFh,0B20h-0B6Fh,0BA0h-0BEFh,0C20h-0C6Fh,0CA0h-0CBFh \
  -AABS1=020h-07Fh,0A0h-0EFh,0120h-016Fh,01A0h-01EFh,0220h-026Fh,02A0h-02EFh,0320h-036Fh,03A0h-03EFh,0420h-046Fh,04A0h-04EFh,0520h-056Fh,05A0h-05EFh,0620h-066Fh,06A0h-06EFh,0720h-076Fh,07A0h-07EFh,0820h-086Fh,08A0h-08EFh,0920h-096Fh,09A0h-09EFh,0A20h-0A6Fh,0AA0h-0AEFh,0B20h-0B6Fh,0BA0h-0BEFh,0C20h-0C6Fh,0CA0h-0CBFh \
  -ASFR0=00h-01Fh -ASFR1=080h-09Fh -ASFR2=0100h-011Fh -ASFR3=0180h-019Fh \
  -ASFR4=0200h-021Fh -ASFR5=0280h-029Fh -ASFR6=0300h-031Fh \
  -ASFR7=0380h-039Fh -ASFR8=0400h-041Fh -ASFR9=0480h-049Fh \
  -ASFR10=0500h-051Fh -ASFR11=0580h-059Fh -ASFR12=0600h-061Fh \
  -ASFR13=0680h-069Fh -ASFR14=0700h-071Fh -ASFR15=0780h-079Fh \
  -ASFR16=0800h-081Fh -ASFR17=0880h-089Fh -ASFR18=0900h-091Fh \
  -ASFR19=0980h-099Fh -ASFR20=0A00h-0A1Fh -ASFR21=0A80h-0A9Fh \
  -ASFR22=0B00h-0B1Fh -ASFR23=0B80h-0B9Fh -ASFR24=0C00h-0C1Fh \
  -ASFR25=0C80h-0C9Fh -ASFR26=0D00h-0D6Fh -ASFR27=0D80h-0DEFh \
  -ASFR28=0E00h-0E6Fh -ASFR29=0E80h-0EEFh -ASFR30=0F00h-0F6Fh \
  -ASFR31=0F80h-0FEFh -ASFR32=01000h-0106Fh -ASFR33=01080h-010EFh \
  -ASFR34=01100h-0116Fh -ASFR35=01180h-011EFh -ASFR36=01200h-0126Fh \
  -ASFR37=01280h-012EFh -ASFR38=01300h-0136Fh -ASFR39=01380h-013EFh \
  -ASFR40=01400h-0146Fh -ASFR41=01480h-014EFh -ASFR42=01500h-0156Fh \
  -ASFR43=01580h-015EFh -ASFR44=01600h-0166Fh -ASFR45=01680h-016EFh \
  -ASFR46=01700h-0176Fh -ASFR47=01780h-017EFh -ASFR48=01800h-0186Fh \
  -ASFR49=01880h-018EFh -ASFR50=01900h-0196Fh -ASFR51=01980h-019EFh \
  -ASFR52=01A00h-01A6Fh -ASFR53=01A80h-01AEFh -ASFR54=01B00h-01B6Fh \
  -ASFR55=01B80h-01BEFh -ASFR56=01C00h-01C6Fh -ASFR57=01C80h-01CEFh \
  -ASFR58=01D00h-01D6Fh -ASFR59=01D80h-01DEFh -ASFR60=01E00h-01E6Fh \
  -ASFR61=01E80h-01EEFh -ASFR62=01F00h-01F6Fh -ASFR63=01F80h-01FEFh \
  -ACONFIG=08007h-0800Bh -DCONFIG=2 -AIDLOC=08000h-08003h -DIDLOC=2 \
  -AEEDATA=00h-0FFh/0F000h -peeprom_data=EEDATA -DEEDATA=2 -DCODE=2 \
  -DSTRCODE=2 -DSTRING=2 -DCONST=2 -DENTRY=2 \
  -preset_vec=00h,intentry=04h,init,end_init -ppowerup=CODE -pcinit=CODE \
  -pfunctab=ENTRY -k C:\Users\JONACA~1\AppData\Local\Temp\s5m4xg.o \
  dist/soundlevel/production\Power_Module.production.o 

Object code version is 3.11

Machine type is 16F18446



                Name                               Link     Load   Length Selector   Space Scale
C:\Users\JONACA~1\AppData\Local\Temp\s5m4xg.o
                end_init                             31       31        2        8       0
                reset_vec                             0        0        2        0       0
                config                             8007     8007        5        0       4
dist/soundlevel/production\Power_Module.production.o
                cinit                                33       33       30        8       0
                intentry                              4        4       2D        8       0
                config                             8007     8007        5        0       4
                text53                              C24      C24        1     1848       0
                text52                              CA5      CA5        F     194A       0
                text51                              FAD      FAD       53     1F5A       0
                text50                              F5E      F5E       4F     1EBC       0
                text49                              C25      C25        1     184A       0
                text48                              CB4      CB4        F     1968       0
                text47                              C26      C26        1     184C       0
                text46                              CC3      CC3        F     1986       0
                text45                                2        2        1        0       0
                text44                              CD2      CD2        F     19A4       0
                text43                                3        3        1        6       0
                text42                              CE1      CE1        F     19C2       0
                text41                              DCA      DCA       21     1B94       0
                text39                              C27      C27        3     184E       0
                text38                              CF0      CF0        F     19E0       0
                text37                              DEB      DEB       23     1BD6       0
                text36                              E0E      E0E       2B     1C1C       0
                text35                              C41      C41        8     1882       0
                text34                              D6D      D6D       1D     1ADA       0
                text33                              D8A      D8A       20     1B14       0
                text32                              58A      58A       9E        8       0
                text31                              DAA      DAA       20     1B54       0
                text30                              C3A      C3A        7     1874       0
                text29                              D27      D27       16     1A4E       0
                text28                              CFF      CFF       13     19FE       0
                text27                              6AD      6AD       75        8       0
                text26                              4D8      4D8       B2        8       0
                text25                              E9C      E9C       39     1D38       0
                text24                              417      417       C1        8       0
                text23                              D3D      D3D       16     1A7A       0
                text22                              207      207      120        8       0
                text21                              7CD      7CD       31        8       0
                text20                              ED5      ED5       42     1DAA       0
                text19                              628      628       85        8       0
                text18                              E64      E64       38     1CC8       0
                text17                              F17      F17       47     1E2E       0
                text16                              722      722       58        8       0
                text15                               63       63      1A4        8       0
                text14                              C97      C97        E     192E       0
                text13                              D53      D53       1A     1AA6       0
                text12                              C2A      C2A        4     1854       0
                text11                              7FF      7FF        1        8       0
                text10                              E39      E39       2B     1C72       0
                text9                               C49      C49        9     1892       0
                text8                               C52      C52        9     18A4       0
                text7                               C5B      C5B        9     18B6       0
                text6                               C64      C64        9     18C8       0
                text5                               C6D      C6D        9     18DA       0
                text4                               77A      77A       53        8       0
                text3                               C76      C76        A     18EC       0
                text2                               D12      D12       15     1A24       0
                text1                               C8A      C8A        D     1914       0
                maintext                            327      327       F0        8       0
                cstackBANK0                          20       20       4F       20       1
                cstackCOMMON                         70       70        5       70       1
                cstackBANK1                          C8       C8       12       A0       1
                cstackBANK4                         220      220       1A      220       1
                clrtext                             C2E      C2E        6     185C       0
                inittext                            C34      C34        6     1868       0
                bssBANK3                            1A0      1A0       40      1A0       1
                dataBANK2                           14A      14A        A      120       1
                bssBANK2                            120      120       2A      120       1
                bssBANK1                             A0       A0       28       A0       1
                dataCOMMON                           79       79        1       70       1
                bssCOMMON                            75       75        4       70       1
                nvBANK2                             154      154        8      120       1
                idataBANK2                          C80      C80        A     1900       0
                idataCOMMON                         7FE      7FE        1        8       0

TOTAL           Name                               Link     Load   Length     Space
        CLASS   STACK          

        CLASS   CODE           
                end_init                             31       31        2         0
                cinit                                33       33       30         0
                intentry                              4        4       2D         0
                reset_vec                             0        0        2         0
                text53                              C24      C24        1         0
                text52                              CA5      CA5        F         0
                text51                              FAD      FAD       53         0
                text50                              F5E      F5E       4F         0
                text49                              C25      C25        1         0
                text48                              CB4      CB4        F         0
                text47                              C26      C26        1         0
                text46                              CC3      CC3        F         0
                text45                                2        2        1         0
                text44                              CD2      CD2        F         0
                text43                                3        3        1         0
                text42                              CE1      CE1        F         0
                text41                              DCA      DCA       21         0
                text39                              C27      C27        3         0
                text38                              CF0      CF0        F         0
                text37                              DEB      DEB       23         0
                text36                              E0E      E0E       2B         0
                text35                              C41      C41        8         0
                text34                              D6D      D6D       1D         0
                text33                              D8A      D8A       20         0
                text32                              58A      58A       9E         0
                text31                              DAA      DAA       20         0
                text30                              C3A      C3A        7         0
                text29                              D27      D27       16         0
                text28                              CFF      CFF       13         0
                text27                              6AD      6AD       75         0
                text26                              4D8      4D8       B2         0
                text25                              E9C      E9C       39         0
                text24                              417      417       C1         0
                text23                              D3D      D3D       16         0
                text22                              207      207      120         0
                text21                              7CD      7CD       31         0
                text20                              ED5      ED5       42         0
                text19                              628      628       85         0
                text18                              E64      E64       38         0
                text17                              F17      F17       47         0
                text16                              722      722       58         0
                text15                               63       63      1A4         0
                text14                              C97      C97        E         0
                text13                              D53      D53       1A         0
                text12                              C2A      C2A        4         0
                text11                              7FF      7FF        1         0
                text10                              E39      E39       2B         0
                text9                               C49      C49        9         0
                text8                               C52      C52        9         0
                text7                               C5B      C5B        9         0
                text6                               C64      C64        9         0
                text5                               C6D      C6D        9         0
                text4                               77A      77A       53         0
                text3                               C76      C76        A         0
                text2                               D12      D12       15         0
                text1                               C8A      C8A        D         0
                maintext                            327      327       F0         0
                clrtext                             C2E      C2E        6         0
                inittext                            C34      C34        6         0
                idataBANK2                          C80      C80        A         0
                idataCOMMON                         7FE      7FE        1         0

        CLASS   STRCODE        

        CLASS   STRING         

        CLASS   CONST          

        CLASS   ENTRY          

        CLASS   COMMON         
                cstackCOMMON                         70       70        5         1
                dataCOMMON                           79       79        1         1
                bssCOMMON                            75       75        4         1

        CLASS   BANK0          
                cstackBANK0                          20       20       4F         1

        CLASS   BANK1          
                cstackBANK1                          C8       C8       12         1
                bssBANK1                             A0       A0       28         1

        CLASS   BANK2          
                dataBANK2                           14A      14A        A         1
                bssBANK2                            120      120       2A         1
                nvBANK2                             154      154        8         1

        CLASS   BANK3          
                bssBANK3                            1A0      1A0       40         1

        CLASS   BANK4          
                cstackBANK4                         220      220       1A         1

        CLASS   BANK5          

        CLASS   BANK6          

        CLASS   BANK7          

        CLASS   BANK8          

        CLASS   BANK9          

        CLASS   BANK10         

        CLASS   BANK11         

        CLASS   BANK12         

        CLASS   BANK13         

        CLASS   BANK14         

        CLASS   BANK15         

        CLASS   BANK16         

        CLASS   BANK17         

        CLASS   BANK18         

        CLASS   BANK19         

        CLASS   BANK20         

        CLASS   BANK21         

        CLASS   BANK22         

        CLASS   BANK23         

        CLASS   BANK24         

        CLASS   BANK25         

        CLASS   BIGRAM         

        CLASS   RAM            

        CLASS   ABS1           
                abs_s1                               7E       7E        2         1

        CLASS   SFR0           

        CLASS   SFR1           

        CLASS   SFR2           

        CLASS   SFR3           

        CLASS   SFR4           

        CLASS   SFR5           

        CLASS   SFR6           

        CLASS   SFR7           

        CLASS   SFR8           

        CLASS   SFR9           

        CLASS   SFR10          

        CLASS   SFR11          

        CLASS   SFR12          

        CLASS   SFR13          

        CLASS   SFR14          

        CLASS   SFR15          

        CLASS   SFR16          

        CLASS   SFR17          

        CLASS   SFR18          

        CLASS   SFR19          

        CLASS   SFR20          

        CLASS   SFR21          

        CLASS   SFR22          

        CLASS   SFR23          

        CLASS   SFR24          

        CLASS   SFR25          

        CLASS   SFR26          

        CLASS   SFR27          

        CLASS   SFR28          

        CLASS   SFR29          

        CLASS   SFR30          

        CLASS   SFR31          

        CLASS   SFR32          

        CLASS   SFR33          

        CLASS   SFR34          

        CLASS   SFR35          

        CLASS   SFR36          

        CLASS   SFR37          

        CLASS   SFR38          

        CLASS   SFR39          

        CLASS   SFR40          

        CLASS   SFR41          

        CLASS   SFR42          

        CLASS   SFR43          

        CLASS   SFR44          

        CLASS   SFR45          

        CLASS   SFR46          

        CLASS   SFR47          

        CLASS   SFR48          

        CLASS   SFR49          

        CLASS   SFR50          

        CLASS   SFR51          

        CLASS   SFR52          

        CLASS   SFR53          

        CLASS   SFR54          

        CLASS   SFR55          

        CLASS   SFR56          

        CLASS   SFR57          

        CLASS   SFR58          

        CLASS   SFR59          

        CLASS   SFR60          

        CLASS   SFR61          

        CLASS   SFR62          

        CLASS   SFR63          

        CLASS   CONFIG         
                config                             8007     8007        5         4

        CLASS   IDLOC          

        CLASS   EEDATA         

        CLASS   BANK63         

        CLASS   BANK62         

        CLASS   BANK61         

        CLASS   BANK60         

        CLASS   BANK59         

        CLASS   BANK58         

        CLASS   BANK57         

        CLASS   BANK56         

        CLASS   BANK55         

        CLASS   BANK54         

        CLASS   BANK53         

        CLASS   BANK52         

        CLASS   BANK51         

        CLASS   BANK50         

        CLASS   BANK49         

        CLASS   BANK48         

        CLASS   BANK47         

        CLASS   BANK46         

        CLASS   BANK45         

        CLASS   BANK44         

        CLASS   BANK43         

        CLASS   BANK42         

        CLASS   BANK41         

        CLASS   BANK40         

        CLASS   BANK39         

        CLASS   BANK38         

        CLASS   BANK37         

        CLASS   BANK36         

        CLASS   BANK35         

        CLASS   BANK34         

        CLASS   BANK33         

        CLASS   BANK32         

        CLASS   BANK31         

        CLASS   BANK30         

        CLASS   BANK29         

        CLASS   BANK28         

        CLASS   BANK27         

        CLASS   BANK26         



SEGMENTS        Name                           Load    Length   Top    Selector   Space  Class     Delta

                reset_vec                      000000  000003  000003         0       0  CODE        2
                text43                         000003  000001  000004         6       0  CODE        2
                intentry                       000004  0007FC  000800         8       0  CODE        2
                cstackBANK0                    000020  00004F  00006F        20       1  BANK0       1
                cstackCOMMON                   000070  00000A  00007A        70       1  COMMON      1
                bssBANK1                       0000A0  00003A  0000DA        A0       1  BANK1       1
                bssBANK2                       000120  00003C  00015C       120       1  BANK2       1
                bssBANK3                       0001A0  000040  0001E0       1A0       1  BANK3       1
                cstackBANK4                    000220  00001A  00023A       220       1  BANK4       1
                text53                         000C24  000001  000C25      1848       0  CODE        2
                text49                         000C25  000001  000C26      184A       0  CODE        2
                text47                         000C26  000001  000C27      184C       0  CODE        2
                text39                         000C27  000003  000C2A      184E       0  CODE        2
                text12                         000C2A  000004  000C2E      1854       0  CODE        2
                clrtext                        000C2E  000006  000C34      185C       0  CODE        2
                inittext                       000C34  000006  000C3A      1868       0  CODE        2
                text30                         000C3A  000007  000C41      1874       0  CODE        2
                text35                         000C41  000008  000C49      1882       0  CODE        2
                text9                          000C49  000009  000C52      1892       0  CODE        2
                text8                          000C52  000009  000C5B      18A4       0  CODE        2
                text7                          000C5B  000009  000C64      18B6       0  CODE        2
                text6                          000C64  000009  000C6D      18C8       0  CODE        2
                text5                          000C6D  000009  000C76      18DA       0  CODE        2
                text3                          000C76  00000A  000C80      18EC       0  CODE        2
                idataBANK2                     000C80  00000A  000C8A      1900       0  CODE        2
                text1                          000C8A  00000D  000C97      1914       0  CODE        2
                text14                         000C97  00000E  000CA5      192E       0  CODE        2
                text52                         000CA5  00000F  000CB4      194A       0  CODE        2
                text48                         000CB4  00000F  000CC3      1968       0  CODE        2
                text46                         000CC3  00000F  000CD2      1986       0  CODE        2
                text44                         000CD2  00000F  000CE1      19A4       0  CODE        2
                text42                         000CE1  00000F  000CF0      19C2       0  CODE        2
                text38                         000CF0  00000F  000CFF      19E0       0  CODE        2
                text28                         000CFF  000013  000D12      19FE       0  CODE        2
                text2                          000D12  000015  000D27      1A24       0  CODE        2
                text29                         000D27  000016  000D3D      1A4E       0  CODE        2
                text23                         000D3D  000016  000D53      1A7A       0  CODE        2
                text13                         000D53  00001A  000D6D      1AA6       0  CODE        2
                text34                         000D6D  00001D  000D8A      1ADA       0  CODE        2
                text33                         000D8A  000020  000DAA      1B14       0  CODE        2
                text31                         000DAA  000020  000DCA      1B54       0  CODE        2
                text41                         000DCA  000021  000DEB      1B94       0  CODE        2
                text37                         000DEB  000023  000E0E      1BD6       0  CODE        2
                text36                         000E0E  00002B  000E39      1C1C       0  CODE        2
                text10                         000E39  00002B  000E64      1C72       0  CODE        2
                text18                         000E64  000038  000E9C      1CC8       0  CODE        2
                text25                         000E9C  000039  000ED5      1D38       0  CODE        2
                text20                         000ED5  000042  000F17      1DAA       0  CODE        2
                text17                         000F17  000047  000F5E      1E2E       0  CODE        2
                text50                         000F5E  00004F  000FAD      1EBC       0  CODE        2
                text51                         000FAD  000053  001000      1F5A       0  CODE        2


UNUSED ADDRESS RANGES

        Name                Unused          Largest block    Delta
        BANK0            0006F-0006F               1           1
        BANK1            000DA-000EF              16           1
        BANK10           00520-0056F              50           1
        BANK11           005A0-005EF              50           1
        BANK12           00620-0066F              50           1
        BANK13           006A0-006EF              50           1
        BANK14           00720-0076F              50           1
        BANK15           007A0-007EF              50           1
        BANK16           00820-0086F              50           1
        BANK17           008A0-008EF              50           1
        BANK18           00920-0096F              50           1
        BANK19           009A0-009EF              50           1
        BANK2            0015C-0016F              14           1
        BANK20           00A20-00A6F              50           1
        BANK21           00AA0-00AEF              50           1
        BANK22           00B20-00B6F              50           1
        BANK23           00BA0-00BEF              50           1
        BANK24           00C20-00C6F              50           1
        BANK25           00CA0-00CBF              20           1
        BANK3            001E0-001EF              10           1
        BANK4            0023A-0026F              36           1
        BANK5            002A0-002EF              50           1
        BANK6            00320-0036F              50           1
        BANK7            003A0-003EF              50           1
        BANK8            00420-0046F              50           1
        BANK9            004A0-004EF              50           1
        BIGRAM           02000-027EF             7F0           1
        CODE             00800-00C23             424           2
                         01000-03FFF             800
        COMMON           0007A-0007D               4           1
        CONST            00800-00C23             100           2
                         01000-03FFF             100
        EEDATA           0F000-0F0FF             100           2
        ENTRY            00800-00C23             100           2
                         01000-03FFF             100
        IDLOC            08000-08003               4           2
        RAM              0006F-0006F               1           1
                         000DA-000EF              16
                         0015C-0016F              14
                         001E0-001EF              10
                         0023A-0026F              36
                         002A0-002EF              50
                         00320-0036F              50
                         003A0-003EF              50
                         00420-0046F              50
                         004A0-004EF              50
                         00520-0056F              50
                         005A0-005EF              50
                         00620-0066F              50
                         006A0-006EF              50
                         00720-0076F              50
                         007A0-007EF              50
                         00820-0086F              50
                         008A0-008EF              50
                         00920-0096F              50
                         009A0-009EF              50
                         00A20-00A6F              50
                         00AA0-00AEF              50
                         00B20-00B6F              50
                         00BA0-00BEF              50
                         00C20-00C6F              50
                         00CA0-00CBF              20
        SFR0             00000-0001F              20           1
        SFR1             00080-0009F              20           1
        SFR10            00500-0051F              20           1
        SFR11            00580-0059F              20           1
        SFR12            00600-0061F              20           1
        SFR13            00680-0069F              20           1
        SFR14            00700-0071F              20           1
        SFR15            00780-0079F              20           1
        SFR16            00800-0081F              20           1
        SFR17            00880-0089F              20           1
        SFR18            00900-0091F              20           1
        SFR19            00980-0099F              20           1
        SFR2             00100-0011F              20           1
        SFR20            00A00-00A1F              20           1
        SFR21            00A80-00A9F              20           1
        SFR22            00B00-00B1F              20           1
        SFR23            00B80-00B9F              20           1
        SFR24            00C00-00C1F              20           1
        SFR25            00C80-00C9F              20           1
        SFR26            00D00-00D6F              70           1
        SFR27            00D80-00DEF              70           1
        SFR28            00E00-00E6F              70           1
        SFR29            00E80-00EEF              70           1
        SFR3             00180-0019F              20           1
        SFR30            00F00-00F6F              70           1
        SFR31            00F80-00FEF              70           1
        SFR32            01000-0106F              70           1
        SFR33            01080-010EF              70           1
        SFR34            01100-0116F              70           1
        SFR35            01180-011EF              70           1
        SFR36            01200-0126F              70           1
        SFR37            01280-012EF              70           1
        SFR38            01300-0136F              70           1
        SFR39            01380-013EF              70           1
        SFR4             00200-0021F              20           1
        SFR40            01400-0146F              70           1
        SFR41            01480-014EF              70           1
        SFR42            01500-0156F              70           1
        SFR43            01580-015EF              70           1
        SFR44            01600-0166F              70           1
        SFR45            01680-016EF              70           1
        SFR46            01700-0176F              70           1
        SFR47            01780-017EF              70           1
        SFR48            01800-0186F              70           1
        SFR49            01880-018EF              70           1
        SFR5             00280-0029F              20           1
        SFR50            01900-0196F              70           1
        SFR51            01980-019EF              70           1
        SFR52            01A00-01A6F              70           1
        SFR53            01A80-01AEF              70           1
        SFR54            01B00-01B6F              70           1
        SFR55            01B80-01BEF              70           1
        SFR56            01C00-01C6F              70           1
        SFR57            01C80-01CEF              70           1
        SFR58            01D00-01D6F              70           1
        SFR59            01D80-01DEF              70           1
        SFR6             00300-0031F              20           1
        SFR60            01E00-01E6F              70           1
        SFR61            01E80-01EEF              70           1
        SFR62            01F00-01F6F              70           1
        SFR63            01F80-01FEF              70           1
        SFR7             00380-0039F              20           1
        SFR8             00400-0041F              20           1
        SFR9             00480-0049F              20           1
        STACK            0215A-027EF             696           1
        STRCODE          00800-00C23             424           2
                         01000-03FFF            3000
        STRING           00800-00C23             100           2
                         01000-03FFF             100

                                  Symbol Table

?_ADCC_GetSingleConversion                  cstackBANK0  00020
?___altoft                                  cstackBANK0  0005A
?___ftadd                                   cstackBANK0  00028
?___ftdiv                                   cstackBANK0  0002C
?___ftmul                                   cstackBANK0  0003C
?___ftpack                                  cstackBANK0  00020
?___ftsub                                   cstackBANK1  000C8
?___fttol                                   cstackBANK0  0004C
?___lwtoft                                  cstackBANK0  00028
?_round                                     cstackBANK0  0006B
?_trunc                                     cstackBANK0  00062
ADCC_GetSingleConversion@channel            cstackBANK0  00023
ADC_Fixed_Voltage_Ref@mode                  cstackBANK0  00020
I2C1_GetCommand@cmd                         cstackBANK0  00021
I2C1_GetCommandData@data                    cstackBANK0  00022
I2C1_GetCommandData@len                     cstackBANK0  00020
I2C1_ISR@ctr                                cstackCOMMON 00073
I2C1_ISR@i2c_data                           cstackCOMMON 00074
I2C1_Initialize@slave_address               cstackBANK0  00020
I2C1_SetTransmitData@data                   cstackBANK0  00020
I2C1_SetTransmitData@len                    cstackBANK0  00022
I2C1_StatusCallback@i2c_bus_state           cstackCOMMON 00071
I2C1_StatusCallback@slaveWriteType          bssBANK1     000BD
IOCCF0_SetInterruptHandler@InterruptHandler cstackBANK0  00020
IOCCF2_SetInterruptHandler@InterruptHandler cstackBANK0  00020
IOCCF4_SetInterruptHandler@InterruptHandler cstackBANK0  00020
IOCCF6_SetInterruptHandler@InterruptHandler cstackBANK0  00020
Measure@databatvoltage                      cstackBANK1  000D1
Measure@datasolvoltage                      cstackBANK1  000D3
Power_GetData@data                          cstackBANK0  00020
Power_GetData@length                        cstackBANK0  00021
Power_SetThreshold@metric                   cstackBANK0  00020
Power_SetThreshold@thresholdData            cstackBANK0  00021
SYSTEM_Initialize@slave_address             cstackBANK0  00022
TMR4_ISR@CountCallBack                      bssBANK1     000AE
_ADACCH                                     (abs)        00097
_ADACCL                                     (abs)        00096
_ADACCU                                     (abs)        00098
_ADACQH                                     (abs)        0010D
_ADACQL                                     (abs)        0010C
_ADACT                                      (abs)        00117
_ADCAP                                      (abs)        0010E
_ADCC_ADI_InterruptHandler                  bssBANK1     000B8
_ADCC_DefaultInterruptHandler               text53       00C24
_ADCC_GetSingleConversion                   text29       00D27
_ADCC_ISR                                   text52       00CA5
_ADCLK                                      (abs)        00118
_ADCNT                                      (abs)        00099
_ADCON0                                     (abs)        00111
_ADCON0bits                                 (abs)        00111
_ADCON1                                     (abs)        00112
_ADCON1bits                                 (abs)        00112
_ADCON2                                     (abs)        00113
_ADCON2bits                                 (abs)        00113
_ADCON3                                     (abs)        00114
_ADCON3bits                                 (abs)        00114
_ADC_Fixed_Voltage_Ref                      text28       00CFF
_ADC_Init                                   text33       00D8A
_ADERRH                                     (abs)        00091
_ADERRL                                     (abs)        00090
_ADFLTRH                                    (abs)        00095
_ADFLTRL                                    (abs)        00094
_ADLTHH                                     (abs)        0008D
_ADLTHL                                     (abs)        0008C
_ADPCH                                      (abs)        0009F
_ADPREH                                     (abs)        00110
_ADPREL                                     (abs)        0010F
_ADPREVH                                    (abs)        0009C
_ADPREVL                                    (abs)        0009B
_ADREF                                      (abs)        00116
_ADRESH                                     (abs)        0009E
_ADRESL                                     (abs)        0009D
_ADRPT                                      (abs)        0009A
_ADSTAT                                     (abs)        00115
_ADSTATbits                                 (abs)        00115
_ADSTPTH                                    (abs)        00093
_ADSTPTL                                    (abs)        00092
_ADUTHH                                     (abs)        0008F
_ADUTHL                                     (abs)        0008E
_ANSELA                                     (abs)        01F38
_ANSELB                                     (abs)        01F43
_ANSELBbits                                 (abs)        01F43
_ANSELC                                     (abs)        01F4E
_ANSELCbits                                 (abs)        01F4E
_BAUD1CON                                   (abs)        0011F
_CPUDOZEbits                                (abs)        0088C
_EUSART1_DefaultErrorHandler                (abs)        00000
_EUSART1_DefaultFramingErrorHandler         (abs)        00000
_EUSART1_DefaultOverrunErrorHandler         (abs)        00000
_EUSART1_ErrorHandler                       bssBANK2     00142
_EUSART1_FramingErrorHandler                bssBANK1     000B4
_EUSART1_OverrunErrorHandler                bssBANK1     000B2
_EUSART1_Transmit_ISR                       (abs)        00000
_EUSART1_TxDefaultInterruptHandler          bssBANK1     000B6
_Enter_sleep                                text30       00C3A
_FVRCON                                     (abs)        0090C
_I2C1_CommandReceived                       text39       00C27
_I2C1_GetCommand                            text38       00CF0
_I2C1_GetCommandData                        text37       00DEB
_I2C1_ISR                                   text50       00F5E
_I2C1_Initialize                            text10       00E39
_I2C1_SetTransmitData                       text36       00E0E
_I2C1_StatusCallback                        text51       00FAD
_I2C1_TxBufferEmpty                         text35       00C41
_I2C1_slaveWriteData                        dataCOMMON   00079
_INLVLA                                     (abs)        01F3C
_INLVLB                                     (abs)        01F47
_INLVLC                                     (abs)        01F52
_INTCONbits                                 (abs)        0000B
_INTERRUPT_InterruptManager                 intentry     00004
_IOCCF0_DefaultInterruptHandler             text49       00C25
_IOCCF0_ISR                                 text48       00CB4
_IOCCF0_InterruptHandler                    nvBANK2      0015A
_IOCCF0_SetInterruptHandler                 text8        00C52
_IOCCF2_DefaultInterruptHandler             text47       00C26
_IOCCF2_ISR                                 text46       00CC3
_IOCCF2_InterruptHandler                    nvBANK2      00158
_IOCCF2_SetInterruptHandler                 text7        00C5B
_IOCCF4_DefaultInterruptHandler             text45       00002
_IOCCF4_ISR                                 text44       00CD2
_IOCCF4_InterruptHandler                    nvBANK2      00156
_IOCCF4_SetInterruptHandler                 text6        00C64
_IOCCF6_DefaultInterruptHandler             text43       00003
_IOCCF6_ISR                                 text42       00CE1
_IOCCF6_InterruptHandler                    nvBANK2      00154
_IOCCF6_SetInterruptHandler                 text5        00C6D
_IOCCFbits                                  (abs)        01F55
_LATA                                       (abs)        00018
_LATB                                       (abs)        00019
_LATBbits                                   (abs)        00019
_LATC                                       (abs)        0001A
_LATCbits                                   (abs)        0001A
_LED_Blink                                  text32       0058A
_Measure                                    text15       00063
_Measure$3258                               cstackBANK1  000D5
_NVMADRH                                    (abs)        0081B
_NVMADRL                                    (abs)        0081A
_NVMCON1bits                                (abs)        0081E
_NVMCON2                                    (abs)        0081F
_NVMDATH                                    (abs)        0081D
_NVMDATL                                    (abs)        0081C
_ODCONA                                     (abs)        01F3A
_ODCONB                                     (abs)        01F45
_ODCONC                                     (abs)        01F50
_OSCCON1                                    (abs)        0088D
_OSCCON3                                    (abs)        0088F
_OSCEN                                      (abs)        00891
_OSCFRQ                                     (abs)        00893
_OSCILLATOR_Initialize                      text9        00C49
_OSCTUNE                                    (abs)        00892
_PIE0bits                                   (abs)        00716
_PIE1bits                                   (abs)        00717
_PIE3bits                                   (abs)        00719
_PIE4bits                                   (abs)        0071A
_PIN_MANAGER_IOC                            text41       00DCA
_PIN_MANAGER_Initialize                     text4        0077A
_PIR0bits                                   (abs)        0070C
_PIR1bits                                   (abs)        0070D
_PIR3bits                                   (abs)        0070F
_PIR4bits                                   (abs)        00710
_PMD0                                       (abs)        00796
_PMD0bits                                   (abs)        00796
_PMD1                                       (abs)        00797
_PMD2                                       (abs)        00798
_PMD3                                       (abs)        00799
_PMD4                                       (abs)        0079A
_PMD5                                       (abs)        0079B
_PMD6                                       (abs)        0079C
_PMD6bits                                   (abs)        0079C
_PMD7                                       (abs)        0079D
_PMD_Initialize                             text3        00C76
_PR4                                        (abs)        00293
_Power_GetData                              text34       00D6D
_Power_Init                                 text31       00DAA
_Power_Loop                                 text13       00D53
_Power_Measure                              text12       00C2A
_Power_SetThreshold                         text11       007FF
_RB5PPS                                     (abs)        01F1D
_RB7PPS                                     (abs)        01F1F
_RC1REG                                     (abs)        00119
_RC1STA                                     (abs)        0011D
_RC1STAbits                                 (abs)        0011D
_SLRCONA                                    (abs)        01F3B
_SLRCONB                                    (abs)        01F46
_SLRCONC                                    (abs)        01F51
_SP1BRGH                                    (abs)        0011C
_SP1BRGL                                    (abs)        0011B
_SSP1ADD                                    (abs)        0018D
_SSP1BUF                                    (abs)        0018C
_SSP1CLKPPS                                 (abs)        01EC5
_SSP1CON1                                   (abs)        00190
_SSP1CON1bits                               (abs)        00190
_SSP1CON2                                   (abs)        00191
_SSP1CON2bits                               (abs)        00191
_SSP1CON3                                   (abs)        00192
_SSP1CON3bits                               (abs)        00192
_SSP1DATPPS                                 (abs)        01EC6
_SSP1MSK                                    (abs)        0018E
_SSP1STAT                                   (abs)        0018F
_SSP1STATbits                               (abs)        0018F
_SSP2ADD                                    (abs)        00197
_SSP2BUF                                    (abs)        00196
_SSP2CON1                                   (abs)        0019A
_SSP2CON1bits                               (abs)        0019A
_SSP2STAT                                   (abs)        00199
_SSP2STATbits                               (abs)        00199
_SYSTEM_Initialize                          text2        00D12
_T4CLKCON                                   (abs)        00296
_T4CON                                      (abs)        00294
_T4CONbits                                  (abs)        00294
_T4HLT                                      (abs)        00295
_T4HLTbits                                  (abs)        00295
_T4PR                                       (abs)        00293
_T4RST                                      (abs)        00297
_T4RSTbits                                  (abs)        00297
_T4TMR                                      (abs)        00292
_TMR4                                       (abs)        00292
_TMR4_DefaultInterruptHandler               (abs)        00000
_TMR4_InterruptHandler                      bssBANK1     000B0
_TRISA                                      (abs)        00012
_TRISB                                      (abs)        00013
_TRISBbits                                  (abs)        00013
_TRISC                                      (abs)        00014
_TRISCbits                                  (abs)        00014
_TX1REG                                     (abs)        0011A
_TX1STA                                     (abs)        0011E
_TX1STAbits                                 (abs)        0011E
_VREGCONbits                                (abs)        00812
_WPUA                                       (abs)        01F39
_WPUB                                       (abs)        01F44
_WPUC                                       (abs)        01F4F
__Habs1                                     abs1         00000
__Hbank0                                    bank0        00000
__Hbank1                                    bank1        00000
__Hbank10                                   bank10       00000
__Hbank11                                   bank11       00000
__Hbank12                                   bank12       00000
__Hbank13                                   bank13       00000
__Hbank14                                   bank14       00000
__Hbank15                                   bank15       00000
__Hbank16                                   bank16       00000
__Hbank17                                   bank17       00000
__Hbank18                                   bank18       00000
__Hbank19                                   bank19       00000
__Hbank2                                    bank2        00000
__Hbank20                                   bank20       00000
__Hbank21                                   bank21       00000
__Hbank22                                   bank22       00000
__Hbank23                                   bank23       00000
__Hbank24                                   bank24       00000
__Hbank25                                   bank25       00000
__Hbank26                                   bank26       00000
__Hbank27                                   bank27       00000
__Hbank28                                   bank28       00000
__Hbank29                                   bank29       00000
__Hbank3                                    bank3        00000
__Hbank30                                   bank30       00000
__Hbank31                                   bank31       00000
__Hbank32                                   bank32       00000
__Hbank33                                   bank33       00000
__Hbank34                                   bank34       00000
__Hbank35                                   bank35       00000
__Hbank36                                   bank36       00000
__Hbank37                                   bank37       00000
__Hbank38                                   bank38       00000
__Hbank39                                   bank39       00000
__Hbank4                                    bank4        00000
__Hbank40                                   bank40       00000
__Hbank41                                   bank41       00000
__Hbank42                                   bank42       00000
__Hbank43                                   bank43       00000
__Hbank44                                   bank44       00000
__Hbank45                                   bank45       00000
__Hbank46                                   bank46       00000
__Hbank47                                   bank47       00000
__Hbank48                                   bank48       00000
__Hbank49                                   bank49       00000
__Hbank5                                    bank5        00000
__Hbank50                                   bank50       00000
__Hbank51                                   bank51       00000
__Hbank52                                   bank52       00000
__Hbank53                                   bank53       00000
__Hbank54                                   bank54       00000
__Hbank55                                   bank55       00000
__Hbank56                                   bank56       00000
__Hbank57                                   bank57       00000
__Hbank58                                   bank58       00000
__Hbank59                                   bank59       00000
__Hbank6                                    bank6        00000
__Hbank60                                   bank60       00000
__Hbank61                                   bank61       00000
__Hbank62                                   bank62       00000
__Hbank63                                   bank63       00000
__Hbank7                                    bank7        00000
__Hbank8                                    bank8        00000
__Hbank9                                    bank9        00000
__Hbigram                                   bigram       00000
__HbssBANK1                                 bssBANK1     00000
__HbssBANK2                                 bssBANK2     00000
__HbssBANK3                                 bssBANK3     00000
__HbssCOMMON                                bssCOMMON    00000
__Hcinit                                    cinit        00063
__Hclrtext                                  clrtext      00000
__Hcode                                     code         00000
__Hcommon                                   common       00000
__Hconfig                                   config       0800C
__HcstackBANK0                              cstackBANK0  00000
__HcstackBANK1                              cstackBANK1  00000
__HcstackBANK4                              cstackBANK4  00000
__HcstackCOMMON                             cstackCOMMON 00000
__HdataBANK2                                dataBANK2    00000
__HdataCOMMON                               dataCOMMON   00000
__Heeprom_data                              eeprom_data  00000
__Hend_init                                 end_init     00033
__Hfunctab                                  functab      00000
__HidataBANK2                               idataBANK2   00000
__HidataCOMMON                              idataCOMMON  00000
__Hinit                                     init         00031
__Hinittext                                 inittext     00000
__Hintentry                                 intentry     00031
__Hmaintext                                 maintext     00000
__HnvBANK2                                  nvBANK2      00000
__Hpowerup                                  powerup      00000
__Hram                                      ram          00000
__Hreset_vec                                reset_vec    00002
__Hsfr0                                     sfr0         00000
__Hsfr1                                     sfr1         00000
__Hsfr10                                    sfr10        00000
__Hsfr11                                    sfr11        00000
__Hsfr12                                    sfr12        00000
__Hsfr13                                    sfr13        00000
__Hsfr14                                    sfr14        00000
__Hsfr15                                    sfr15        00000
__Hsfr16                                    sfr16        00000
__Hsfr17                                    sfr17        00000
__Hsfr18                                    sfr18        00000
__Hsfr19                                    sfr19        00000
__Hsfr2                                     sfr2         00000
__Hsfr20                                    sfr20        00000
__Hsfr21                                    sfr21        00000
__Hsfr22                                    sfr22        00000
__Hsfr23                                    sfr23        00000
__Hsfr24                                    sfr24        00000
__Hsfr25                                    sfr25        00000
__Hsfr26                                    sfr26        00000
__Hsfr27                                    sfr27        00000
__Hsfr28                                    sfr28        00000
__Hsfr29                                    sfr29        00000
__Hsfr3                                     sfr3         00000
__Hsfr30                                    sfr30        00000
__Hsfr31                                    sfr31        00000
__Hsfr32                                    sfr32        00000
__Hsfr33                                    sfr33        00000
__Hsfr34                                    sfr34        00000
__Hsfr35                                    sfr35        00000
__Hsfr36                                    sfr36        00000
__Hsfr37                                    sfr37        00000
__Hsfr38                                    sfr38        00000
__Hsfr39                                    sfr39        00000
__Hsfr4                                     sfr4         00000
__Hsfr40                                    sfr40        00000
__Hsfr41                                    sfr41        00000
__Hsfr42                                    sfr42        00000
__Hsfr43                                    sfr43        00000
__Hsfr44                                    sfr44        00000
__Hsfr45                                    sfr45        00000
__Hsfr46                                    sfr46        00000
__Hsfr47                                    sfr47        00000
__Hsfr48                                    sfr48        00000
__Hsfr49                                    sfr49        00000
__Hsfr5                                     sfr5         00000
__Hsfr50                                    sfr50        00000
__Hsfr51                                    sfr51        00000
__Hsfr52                                    sfr52        00000
__Hsfr53                                    sfr53        00000
__Hsfr54                                    sfr54        00000
__Hsfr55                                    sfr55        00000
__Hsfr56                                    sfr56        00000
__Hsfr57                                    sfr57        00000
__Hsfr58                                    sfr58        00000
__Hsfr59                                    sfr59        00000
__Hsfr6                                     sfr6         00000
__Hsfr60                                    sfr60        00000
__Hsfr61                                    sfr61        00000
__Hsfr62                                    sfr62        00000
__Hsfr63                                    sfr63        00000
__Hsfr7                                     sfr7         00000
__Hsfr8                                     sfr8         00000
__Hsfr9                                     sfr9         00000
__Hspace_0                                  (abs)        01000
__Hspace_1                                  (abs)        0023A
__Hspace_2                                  (abs)        00000
__Hspace_3                                  (abs)        00000
__Hspace_4                                  (abs)        10013
__Hstack                                    stack        00000
__Hstrings                                  strings      00000
__Htext                                     text         00000
__Labs1                                     abs1         00000
__Lbank0                                    bank0        00000
__Lbank1                                    bank1        00000
__Lbank10                                   bank10       00000
__Lbank11                                   bank11       00000
__Lbank12                                   bank12       00000
__Lbank13                                   bank13       00000
__Lbank14                                   bank14       00000
__Lbank15                                   bank15       00000
__Lbank16                                   bank16       00000
__Lbank17                                   bank17       00000
__Lbank18                                   bank18       00000
__Lbank19                                   bank19       00000
__Lbank2                                    bank2        00000
__Lbank20                                   bank20       00000
__Lbank21                                   bank21       00000
__Lbank22                                   bank22       00000
__Lbank23                                   bank23       00000
__Lbank24                                   bank24       00000
__Lbank25                                   bank25       00000
__Lbank26                                   bank26       00000
__Lbank27                                   bank27       00000
__Lbank28                                   bank28       00000
__Lbank29                                   bank29       00000
__Lbank3                                    bank3        00000
__Lbank30                                   bank30       00000
__Lbank31                                   bank31       00000
__Lbank32                                   bank32       00000
__Lbank33                                   bank33       00000
__Lbank34                                   bank34       00000
__Lbank35                                   bank35       00000
__Lbank36                                   bank36       00000
__Lbank37                                   bank37       00000
__Lbank38                                   bank38       00000
__Lbank39                                   bank39       00000
__Lbank4                                    bank4        00000
__Lbank40                                   bank40       00000
__Lbank41                                   bank41       00000
__Lbank42                                   bank42       00000
__Lbank43                                   bank43       00000
__Lbank44                                   bank44       00000
__Lbank45                                   bank45       00000
__Lbank46                                   bank46       00000
__Lbank47                                   bank47       00000
__Lbank48                                   bank48       00000
__Lbank49                                   bank49       00000
__Lbank5                                    bank5        00000
__Lbank50                                   bank50       00000
__Lbank51                                   bank51       00000
__Lbank52                                   bank52       00000
__Lbank53                                   bank53       00000
__Lbank54                                   bank54       00000
__Lbank55                                   bank55       00000
__Lbank56                                   bank56       00000
__Lbank57                                   bank57       00000
__Lbank58                                   bank58       00000
__Lbank59                                   bank59       00000
__Lbank6                                    bank6        00000
__Lbank60                                   bank60       00000
__Lbank61                                   bank61       00000
__Lbank62                                   bank62       00000
__Lbank63                                   bank63       00000
__Lbank7                                    bank7        00000
__Lbank8                                    bank8        00000
__Lbank9                                    bank9        00000
__Lbigram                                   bigram       00000
__LbssBANK1                                 bssBANK1     00000
__LbssBANK2                                 bssBANK2     00000
__LbssBANK3                                 bssBANK3     00000
__LbssCOMMON                                bssCOMMON    00000
__Lcinit                                    cinit        00033
__Lclrtext                                  clrtext      00000
__Lcode                                     code         00000
__Lcommon                                   common       00000
__Lconfig                                   config       00000
__LcstackBANK0                              cstackBANK0  00000
__LcstackBANK1                              cstackBANK1  00000
__LcstackBANK4                              cstackBANK4  00000
__LcstackCOMMON                             cstackCOMMON 00000
__LdataBANK2                                dataBANK2    00000
__LdataCOMMON                               dataCOMMON   00000
__Leeprom_data                              eeprom_data  00000
__Lend_init                                 end_init     00031
__Lfunctab                                  functab      00000
__LidataBANK2                               idataBANK2   00000
__LidataCOMMON                              idataCOMMON  00000
__Linit                                     init         00031
__Linittext                                 inittext     00000
__Lintentry                                 intentry     00004
__Lmaintext                                 maintext     00000
__LnvBANK2                                  nvBANK2      00000
__Lpowerup                                  powerup      00000
__Lram                                      ram          00000
__Lreset_vec                                reset_vec    00000
__Lsfr0                                     sfr0         00000
__Lsfr1                                     sfr1         00000
__Lsfr10                                    sfr10        00000
__Lsfr11                                    sfr11        00000
__Lsfr12                                    sfr12        00000
__Lsfr13                                    sfr13        00000
__Lsfr14                                    sfr14        00000
__Lsfr15                                    sfr15        00000
__Lsfr16                                    sfr16        00000
__Lsfr17                                    sfr17        00000
__Lsfr18                                    sfr18        00000
__Lsfr19                                    sfr19        00000
__Lsfr2                                     sfr2         00000
__Lsfr20                                    sfr20        00000
__Lsfr21                                    sfr21        00000
__Lsfr22                                    sfr22        00000
__Lsfr23                                    sfr23        00000
__Lsfr24                                    sfr24        00000
__Lsfr25                                    sfr25        00000
__Lsfr26                                    sfr26        00000
__Lsfr27                                    sfr27        00000
__Lsfr28                                    sfr28        00000
__Lsfr29                                    sfr29        00000
__Lsfr3                                     sfr3         00000
__Lsfr30                                    sfr30        00000
__Lsfr31                                    sfr31        00000
__Lsfr32                                    sfr32        00000
__Lsfr33                                    sfr33        00000
__Lsfr34                                    sfr34        00000
__Lsfr35                                    sfr35        00000
__Lsfr36                                    sfr36        00000
__Lsfr37                                    sfr37        00000
__Lsfr38                                    sfr38        00000
__Lsfr39                                    sfr39        00000
__Lsfr4                                     sfr4         00000
__Lsfr40                                    sfr40        00000
__Lsfr41                                    sfr41        00000
__Lsfr42                                    sfr42        00000
__Lsfr43                                    sfr43        00000
__Lsfr44                                    sfr44        00000
__Lsfr45                                    sfr45        00000
__Lsfr46                                    sfr46        00000
__Lsfr47                                    sfr47        00000
__Lsfr48                                    sfr48        00000
__Lsfr49                                    sfr49        00000
__Lsfr5                                     sfr5         00000
__Lsfr50                                    sfr50        00000
__Lsfr51                                    sfr51        00000
__Lsfr52                                    sfr52        00000
__Lsfr53                                    sfr53        00000
__Lsfr54                                    sfr54        00000
__Lsfr55                                    sfr55        00000
__Lsfr56                                    sfr56        00000
__Lsfr57                                    sfr57        00000
__Lsfr58                                    sfr58        00000
__Lsfr59                                    sfr59        00000
__Lsfr6                                     sfr6         00000
__Lsfr60                                    sfr60        00000
__Lsfr61                                    sfr61        00000
__Lsfr62                                    sfr62        00000
__Lsfr63                                    sfr63        00000
__Lsfr7                                     sfr7         00000
__Lsfr8                                     sfr8         00000
__Lsfr9                                     sfr9         00000
__Lspace_0                                  (abs)        00000
__Lspace_1                                  (abs)        00000
__Lspace_2                                  (abs)        00000
__Lspace_3                                  (abs)        00000
__Lspace_4                                  (abs)        00000
__Lstack                                    stack        00000
__Lstrings                                  strings      00000
__Ltext                                     text         00000
__S0                                        (abs)        01000
__S1                                        (abs)        0023A
__S2                                        (abs)        00000
__S3                                        (abs)        00000
___altoft                                   text20       00ED5
___altoft@c                                 cstackBANK0  0005A
___altoft@exp                               cstackBANK0  00060
___altoft@sign                              cstackBANK0  00061
___ftadd                                    text22       00207
___ftadd@exp1                               cstackBANK0  00034
___ftadd@exp2                               cstackBANK0  00033
___ftadd@f1                                 cstackBANK0  00028
___ftadd@f2                                 cstackBANK0  0002B
___ftadd@sign                               cstackBANK0  00032
___ftdiv                                    text26       004D8
___ftdiv@cntr                               cstackBANK0  00036
___ftdiv@exp                                cstackBANK0  0003A
___ftdiv@f1                                 cstackBANK0  0002F
___ftdiv@f2                                 cstackBANK0  0002C
___ftdiv@f3                                 cstackBANK0  00037
___ftdiv@sign                               cstackBANK0  0003B
___ftge                                     text25       00E9C
___ftge@ff1                                 cstackBANK0  00020
___ftge@ff2                                 cstackBANK0  00023
___ftmul                                    text24       00417
___ftmul@cntr                               cstackBANK0  0004A
___ftmul@exp                                cstackBANK0  00046
___ftmul@f1                                 cstackBANK0  0003C
___ftmul@f2                                 cstackBANK0  0003F
___ftmul@f3_as_product                      cstackBANK0  00047
___ftmul@sign                               cstackBANK0  0004B
___ftpack                                   text27       006AD
___ftpack@arg                               cstackBANK0  00020
___ftpack@exp                               cstackBANK0  00023
___ftpack@sign                              cstackBANK0  00024
___ftsub                                    text21       007CD
___ftsub@f1                                 cstackBANK1  000CB
___ftsub@f2                                 cstackBANK1  000C8
___fttol                                    text19       00628
___fttol@exp1                               cstackBANK0  00059
___fttol@f1                                 cstackBANK0  0004C
___fttol@lval                               cstackBANK0  00055
___fttol@sign1                              cstackBANK0  00054
___int_sp                                   stack        00000
___latbits                                  (abs)        00003
___lwtoft                                   text23       00D3D
___lwtoft@c                                 cstackBANK0  00028
___sp                                       stack        00000
___stackhi                                  (abs)        027EF
___stacklo                                  (abs)        0215A
__end_of_ADCC_DefaultInterruptHandler       text53       00C25
__end_of_ADCC_GetSingleConversion           text29       00D3D
__end_of_ADCC_ISR                           text52       00CB4
__end_of_ADC_Fixed_Voltage_Ref              text28       00D12
__end_of_ADC_Init                           text33       00DAA
__end_of_Enter_sleep                        text30       00C41
__end_of_I2C1_CommandReceived               text39       00C2A
__end_of_I2C1_GetCommand                    text38       00CFF
__end_of_I2C1_GetCommandData                text37       00E0E
__end_of_I2C1_ISR                           text50       00FAD
__end_of_I2C1_Initialize                    text10       00E64
__end_of_I2C1_SetTransmitData               text36       00E39
__end_of_I2C1_StatusCallback                text51       01000
__end_of_I2C1_TxBufferEmpty                 text35       00C49
__end_of_INTERRUPT_InterruptManager         intentry     00031
__end_of_IOCCF0_DefaultInterruptHandler     text49       00C26
__end_of_IOCCF0_ISR                         text48       00CC3
__end_of_IOCCF0_SetInterruptHandler         text8        00C5B
__end_of_IOCCF2_DefaultInterruptHandler     text47       00C27
__end_of_IOCCF2_ISR                         text46       00CD2
__end_of_IOCCF2_SetInterruptHandler         text7        00C64
__end_of_IOCCF4_DefaultInterruptHandler     text45       00003
__end_of_IOCCF4_ISR                         text44       00CE1
__end_of_IOCCF4_SetInterruptHandler         text6        00C6D
__end_of_IOCCF6_DefaultInterruptHandler     text43       00004
__end_of_IOCCF6_ISR                         text42       00CF0
__end_of_IOCCF6_SetInterruptHandler         text5        00C76
__end_of_LED_Blink                          text32       00628
__end_of_Measure                            text15       00207
__end_of_OSCILLATOR_Initialize              text9        00C52
__end_of_PIN_MANAGER_IOC                    text41       00DEB
__end_of_PIN_MANAGER_Initialize             text4        007CD
__end_of_PMD_Initialize                     text3        00C80
__end_of_Power_GetData                      text34       00D8A
__end_of_Power_Init                         text31       00DCA
__end_of_Power_Loop                         text13       00D6D
__end_of_Power_Measure                      text12       00C2E
__end_of_Power_SetThreshold                 text11       00800
__end_of_SYSTEM_Initialize                  text2        00D27
__end_of___altoft                           text20       00F17
__end_of___ftadd                            text22       00327
__end_of___ftdiv                            text26       0058A
__end_of___ftge                             text25       00ED5
__end_of___ftmul                            text24       004D8
__end_of___ftpack                           text27       00722
__end_of___ftsub                            text21       007FE
__end_of___fttol                            text19       006AD
__end_of___lwtoft                           text23       00D53
__end_of__initialization                    cinit        0005F
__end_of_frexp                              text18       00E9C
__end_of_generateIntPower                   text14       00CA5
__end_of_main                               maintext     00417
__end_of_round                              text16       0077A
__end_of_toggleInt                          text1        00C97
__end_of_trunc                              text17       00F5E
__initialization                            cinit        00033
__pbssBANK1                                 bssBANK1     000A0
__pbssBANK2                                 bssBANK2     00120
__pbssBANK3                                 bssBANK3     001A0
__pbssCOMMON                                bssCOMMON    00075
__pcstackBANK0                              cstackBANK0  00020
__pcstackBANK1                              cstackBANK1  000C8
__pcstackBANK4                              cstackBANK4  00220
__pcstackCOMMON                             cstackCOMMON 00070
__pdataBANK2                                dataBANK2    0014A
__pdataCOMMON                               dataCOMMON   00079
__pidataBANK2                               idataBANK2   00C80
__pidataCOMMON                              idataCOMMON  007FE
__pintentry                                 intentry     00004
__pmaintext                                 maintext     00327
__pnvBANK2                                  nvBANK2      00154
__ptext1                                    text1        00C8A
__ptext10                                   text10       00E39
__ptext11                                   text11       007FF
__ptext12                                   text12       00C2A
__ptext13                                   text13       00D53
__ptext14                                   text14       00C97
__ptext15                                   text15       00063
__ptext16                                   text16       00722
__ptext17                                   text17       00F17
__ptext18                                   text18       00E64
__ptext19                                   text19       00628
__ptext2                                    text2        00D12
__ptext20                                   text20       00ED5
__ptext21                                   text21       007CD
__ptext22                                   text22       00207
__ptext23                                   text23       00D3D
__ptext24                                   text24       00417
__ptext25                                   text25       00E9C
__ptext26                                   text26       004D8
__ptext27                                   text27       006AD
__ptext28                                   text28       00CFF
__ptext29                                   text29       00D27
__ptext3                                    text3        00C76
__ptext30                                   text30       00C3A
__ptext31                                   text31       00DAA
__ptext32                                   text32       0058A
[...]
 Defined at:
		line 206 in file "mcc_generated_files/pin_manager.c"
 Parameters:    Size  Location     Type
		None
 Auto vars:     Size  Location     Type
		None
 Return value:  Size  Location     Type
                  1    wreg      void 
 Registers used:
		wreg, status,2, status,0, pclath, cstack
 Tracked objects:
		On entry : 
		On exit  : 
		Unchanged: 
 Data sizes:     COMMON   BANK0   BANK1   BANK2   BANK3   BANK4   BANK5   BANK6   BANK7   BANK8   BANK9  BANK10  BANK11  BANK12  BANK13  BANK14  BANK15  BANK16  BANK17  BANK18  BANK19  BANK20  BANK21  BANK22  BANK23  BANK24  BANK25
      Params:         0       0       0       0       0       0       0       0       0       0       0       0       0       0       0       0       0       0       0       0       0       0       0       0       0       0       0
      Locals:         0       0       0       0       0       0       0       0       0       0       0       0       0       0       0       0       0       0       0       0       0       0       0       0       0       0       0
      Temps:          0       0       0       0       0       0       0       0       0       0       0       0       0       0       0       0       0       0       0       0       0       0       0       0       0       0       0
      Totals:         0       0       0       0       0       0       0       0       0       0       0       0       0       0       0       0       0       0       0       0       0       0       0       0       0       0       0
Total ram usage:        0 bytes
 Hardware stack levels used:    1
 Hardware stack levels required when called:    1
 This function calls:
		Absolute function
		_IOCCF2_DefaultInterruptHandler
 This function is called by:
		_PIN_MANAGER_IOC
 This function uses a non-reentrant model


 *************** function _IOCCF2_DefaultInterruptHandler *****************
 Defined at:
		line 228 in file "mcc_generated_files/pin_manager.c"
 Parameters:    Size  Location     Type
		None
 Auto vars:     Size  Location     Type
		None
 Return value:  Size  Location     Type
                  1    wreg      void 
 Registers used:
		None
 Tracked objects:
		On entry : 
		On exit  : 
		Unchanged: 
 Data sizes:     COMMON   BANK0   BANK1   BANK2   BANK3   BANK4   BANK5   BANK6   BANK7   BANK8   BANK9  BANK10  BANK11  BANK12  BANK13  BANK14  BANK15  BANK16  BANK17  BANK18  BANK19  BANK20  BANK21  BANK22  BANK23  BANK24  BANK25
      Params:         0       0       0       0       0       0       0       0       0       0       0       0       0       0       0       0       0       0       0       0       0       0       0       0       0       0       0
      Locals:         0       0       0       0       0       0       0       0       0       0       0       0       0       0       0       0       0       0       0       0       0       0       0       0       0       0       0
      Temps:          0       0       0       0       0       0       0       0       0       0       0       0       0       0       0       0       0       0       0       0       0       0       0       0       0       0       0
      Totals:         0       0       0       0       0       0       0       0       0       0       0       0       0       0       0       0       0       0       0       0       0       0       0       0       0       0       0
Total ram usage:        0 bytes
 Hardware stack levels used:    1
 This function calls:
		Nothing
 This function is called by:
		_PIN_MANAGER_Initialize
		_IOCCF2_ISR
 This function uses a non-reentrant model


 *************** function _IOCCF0_ISR *****************
 Defined at:
		line 176 in file "mcc_generated_files/pin_manager.c"
 Parameters:    Size  Location     Type
		None
 Auto vars:     Size  Location     Type
		None
 Return value:  Size  Location     Type
                  1    wreg      void 
 Registers used:
		wreg, status,2, status,0, pclath, cstack
 Tracked objects:
		On entry : 
		On exit  : 
		Unchanged: 
 Data sizes:     COMMON   BANK0   BANK1   BANK2   BANK3   BANK4   BANK5   BANK6   BANK7   BANK8   BANK9  BANK10  BANK11  BANK12  BANK13  BANK14  BANK15  BANK16  BANK17  BANK18  BANK19  BANK20  BANK21  BANK22  BANK23  BANK24  BANK25
      Params:         0       0       0       0       0       0       0       0       0       0       0       0       0       0       0       0       0       0       0       0       0       0       0       0       0       0       0
      Locals:         0       0       0       0       0       0       0       0       0       0       0       0       0       0       0       0       0       0       0       0       0       0       0       0       0       0       0
      Temps:          0       0       0       0       0       0       0       0       0       0       0       0       0       0       0       0       0       0       0       0       0       0       0       0       0       0       0
      Totals:         0       0       0       0       0       0       0       0       0       0       0       0       0       0       0       0       0       0       0       0       0       0       0       0       0       0       0
Total ram usage:        0 bytes
 Hardware stack levels used:    1
 Hardware stack levels required when called:    1
 This function calls:
		Absolute function
		_IOCCF0_DefaultInterruptHandler
 This function is called by:
		_PIN_MANAGER_IOC
 This function uses a non-reentrant model


 *************** function _IOCCF0_DefaultInterruptHandler *****************
 Defined at:
		line 198 in file "mcc_generated_files/pin_manager.c"
 Parameters:    Size  Location     Type
		None
 Auto vars:     Size  Location     Type
		None
 Return value:  Size  Location     Type
                  1    wreg      void 
 Registers used:
		None
 Tracked objects:
		On entry : 
		On exit  : 
		Unchanged: 
 Data sizes:     COMMON   BANK0   BANK1   BANK2   BANK3   BANK4   BANK5   BANK6   BANK7   BANK8   BANK9  BANK10  BANK11  BANK12  BANK13  BANK14  BANK15  BANK16  BANK17  BANK18  BANK19  BANK20  BANK21  BANK22  BANK23  BANK24  BANK25
      Params:         0       0       0       0       0       0       0       0       0       0       0       0       0       0       0       0       0       0       0       0       0       0       0       0       0       0       0
      Locals:         0       0       0       0       0       0       0       0       0       0       0       0       0       0       0       0       0       0       0       0       0       0       0       0       0       0       0
      Temps:          0       0       0       0       0       0       0       0       0       0       0       0       0       0       0       0       0       0       0       0       0       0       0       0       0       0       0
      Totals:         0       0       0       0       0       0       0       0       0       0       0       0       0       0       0       0       0       0       0       0       0       0       0       0       0       0       0
Total ram usage:        0 bytes
 Hardware stack levels used:    1
 This function calls:
		Nothing
 This function is called by:
		_PIN_MANAGER_Initialize
		_IOCCF0_ISR
 This function uses a non-reentrant model


 *************** function _I2C1_ISR *****************
 Defined at:
		line 133 in file "mcc_generated_files/i2c1.c"
 Parameters:    Size  Location     Type
		None
 Auto vars:     Size  Location     Type
  ctr             1    3[COMMON] unsigned char 
  i2c_data        1    4[COMMON] unsigned char 
 Return value:  Size  Location     Type
                  1    wreg      void 
 Registers used:
		wreg, fsr0l, fsr0h, fsr1l, fsr1h, status,2, status,0, pclath, cstack
 Tracked objects:
		On entry : 
		On exit  : 
		Unchanged: 
 Data sizes:     COMMON   BANK0   BANK1   BANK2   BANK3   BANK4   BANK5   BANK6   BANK7   BANK8   BANK9  BANK10  BANK11  BANK12  BANK13  BANK14  BANK15  BANK16  BANK17  BANK18  BANK19  BANK20  BANK21  BANK22  BANK23  BANK24  BANK25
      Params:         0       0       0       0       0       0       0       0       0       0       0       0       0       0       0       0       0       0       0       0       0       0       0       0       0       0       0
      Locals:         2       0       0       0       0       0       0       0       0       0       0       0       0       0       0       0       0       0       0       0       0       0       0       0       0       0       0
      Temps:          1       0       0       0       0       0       0       0       0       0       0       0       0       0       0       0       0       0       0       0       0       0       0       0       0       0       0
      Totals:         3       0       0       0       0       0       0       0       0       0       0       0       0       0       0       0       0       0       0       0       0       0       0       0       0       0       0
Total ram usage:        3 bytes
 Hardware stack levels used:    1
 Hardware stack levels required when called:    1
 This function calls:
		_I2C1_StatusCallback
 This function is called by:
		_INTERRUPT_InterruptManager
 This function uses a non-reentrant model


 *************** function _I2C1_StatusCallback *****************
 Defined at:
		line 213 in file "mcc_generated_files/i2c1.c"
 Parameters:    Size  Location     Type
  i2c_bus_stat    1    wreg     enum E10841
 Auto vars:     Size  Location     Type
  i2c_bus_stat    1    1[COMMON] enum E10841
 Return value:  Size  Location     Type
                  1    wreg      void 
 Registers used:
		wreg, fsr0l, fsr0h, fsr1l, fsr1h, status,2, status,0
 Tracked objects:
		On entry : 
		On exit  : 
		Unchanged: 
 Data sizes:     COMMON   BANK0   BANK1   BANK2   BANK3   BANK4   BANK5   BANK6   BANK7   BANK8   BANK9  BANK10  BANK11  BANK12  BANK13  BANK14  BANK15  BANK16  BANK17  BANK18  BANK19  BANK20  BANK21  BANK22  BANK23  BANK24  BANK25
      Params:         0       0       0       0       0       0       0       0       0       0       0       0       0       0       0       0       0       0       0       0       0       0       0       0       0       0       0
      Locals:         1       0       0       0       0       0       0       0       0       0       0       0       0       0       0       0       0       0       0       0       0       0       0       0       0       0       0
      Temps:          1       0       0       0       0       0       0       0       0       0       0       0       0       0       0       0       0       0       0       0       0       0       0       0       0       0       0
      Totals:         2       0       0       0       0       0       0       0       0       0       0       0       0       0       0       0       0       0       0       0       0       0       0       0       0       0       0
Total ram usage:        2 bytes
 Hardware stack levels used:    1
 This function calls:
		Nothing
 This function is called by:
		_I2C1_ISR
 This function uses a non-reentrant model


 *************** function _ADCC_ISR *****************
 Defined at:
		line 309 in file "mcc_generated_files/adcc.c"
 Parameters:    Size  Location     Type
		None
 Auto vars:     Size  Location     Type
		None
 Return value:  Size  Location     Type
                  1    wreg      void 
 Registers used:
		wreg, status,2, status,0, pclath, cstack
 Tracked objects:
		On entry : 
		On exit  : 
		Unchanged: 
 Data sizes:     COMMON   BANK0   BANK1   BANK2   BANK3   BANK4   BANK5   BANK6   BANK7   BANK8   BANK9  BANK10  BANK11  BANK12  BANK13  BANK14  BANK15  BANK16  BANK17  BANK18  BANK19  BANK20  BANK21  BANK22  BANK23  BANK24  BANK25
      Params:         0       0       0       0       0       0       0       0       0       0       0       0       0       0       0       0       0       0       0       0       0       0       0       0       0       0       0
      Locals:         0       0       0       0       0       0       0       0       0       0       0       0       0       0       0       0       0       0       0       0       0       0       0       0       0       0       0
      Temps:          0       0       0       0       0       0       0       0       0       0       0       0       0       0       0       0       0       0       0       0       0       0       0       0       0       0       0
      Totals:         0       0       0       0       0       0       0       0       0       0       0       0       0       0       0       0       0       0       0       0       0       0       0       0       0       0       0
Total ram usage:        0 bytes
 Hardware stack levels used:    1
 Hardware stack levels required when called:    1
 This function calls:
		Absolute function
		_ADCC_DefaultInterruptHandler
 This function is called by:
		_INTERRUPT_InterruptManager
 This function uses a non-reentrant model


 *************** function _ADCC_DefaultInterruptHandler *****************
 Defined at:
		line 322 in file "mcc_generated_files/adcc.c"
 Parameters:    Size  Location     Type
		None
 Auto vars:     Size  Location     Type
		None
 Return value:  Size  Location     Type
                  1    wreg      void 
 Registers used:
		None
 Tracked objects:
		On entry : 
		On exit  : 
		Unchanged: 
 Data sizes:     COMMON   BANK0   BANK1   BANK2   BANK3   BANK4   BANK5   BANK6   BANK7   BANK8   BANK9  BANK10  BANK11  BANK12  BANK13  BANK14  BANK15  BANK16  BANK17  BANK18  BANK19  BANK20  BANK21  BANK22  BANK23  BANK24  BANK25
      Params:         0       0       0       0       0       0       0       0       0       0       0       0       0       0       0       0       0       0       0       0       0       0       0       0       0       0       0
      Locals:         0       0       0       0       0       0       0       0       0       0       0       0       0       0       0       0       0       0       0       0       0       0       0       0       0       0       0
      Temps:          0       0       0       0       0       0       0       0       0       0       0       0       0       0       0       0       0       0       0       0       0       0       0       0       0       0       0
      Totals:         0       0       0       0       0       0       0       0       0       0       0       0       0       0       0       0       0       0       0       0       0       0       0       0       0       0       0
Total ram usage:        0 bytes
 Hardware stack levels used:    1
 This function calls:
		Nothing
 This function is called by:
		_ADCC_Initialize
		_ADCC_ISR
 This function uses a non-reentrant model



MODULE INFORMATION

Module		Function		Class		Link	Load	Size
C:\Program Files\Microchip\xc8\v2.30\pic\sources\c90\common\round.c
		_round         		CODE           	0722	0000	88

C:\Program Files\Microchip\xc8\v2.30\pic\sources\c90\common\round.c estimated size: 88

C:\Program Files\Microchip\xc8\v2.30\pic\sources\c90\common\ftge.c
		___ftge        		CODE           	0E9C	0000	57

C:\Program Files\Microchip\xc8\v2.30\pic\sources\c90\common\ftge.c estimated size: 57

C:\Program Files\Microchip\xc8\v2.30\pic\sources\c90\common\frexp.c
		_frexp         		CODE           	0E64	0000	56

C:\Program Files\Microchip\xc8\v2.30\pic\sources\c90\common\frexp.c estimated size: 56

C:\Program Files\Microchip\xc8\v2.30\pic\sources\c90\common\altoft.c
		___altoft      		CODE           	0ED5	0000	66

C:\Program Files\Microchip\xc8\v2.30\pic\sources\c90\common\altoft.c estimated size: 66

mcc_generated_files/interrupt_manager.c
		_INTERRUPT_InterruptManager		CODE           	0004	0000	45

mcc_generated_files/interrupt_manager.c estimated size: 45

C:\Program Files\Microchip\xc8\v2.30\pic\sources\c90\common\ftmul.c
		___ftmul       		CODE           	0417	0000	193

C:\Program Files\Microchip\xc8\v2.30\pic\sources\c90\common\ftmul.c estimated size: 193

mcc_generated_files/i2c1.c
		_I2C1_CommandReceived		CODE           	0C27	0000	3
		_I2C1_StatusCallback		CODE           	0FAD	0000	83
		_I2C1_ISR      		CODE           	0F5E	0000	79
		_I2C1_Initialize		CODE           	0E39	0000	43
		_I2C1_SetTransmitData		CODE           	0E0E	0000	43
		_I2C1_TxBufferEmpty		CODE           	0C41	0000	8
		_I2C1_GetCommand		CODE           	0CF0	0000	15
		_I2C1_GetCommandData		CODE           	0DEB	0000	35

mcc_generated_files/i2c1.c estimated size: 309

C:\Program Files\Microchip\xc8\v2.30\pic\sources\c90\common\ftdiv.c
		___ftdiv       		CODE           	04D8	0000	178

C:\Program Files\Microchip\xc8\v2.30\pic\sources\c90\common\ftdiv.c estimated size: 178

mcc_generated_files/pin_manager.c
		_IOCCF0_DefaultInterruptHandler		CODE           	0C25	0000	1
		_PIN_MANAGER_Initialize		CODE           	077A	0000	83
		_IOCCF0_ISR    		CODE           	0CB4	0000	15
		_IOCCF6_DefaultInterruptHandler		CODE           	0003	0000	1
		_IOCCF2_SetInterruptHandler		CODE           	0C5B	0000	9
		_IOCCF6_ISR    		CODE           	0CE1	0000	15
		_IOCCF4_DefaultInterruptHandler		CODE           	0002	0000	1
		_IOCCF0_SetInterruptHandler		CODE           	0C52	0000	9
		_IOCCF4_ISR    		CODE           	0CD2	0000	15
		_IOCCF6_SetInterruptHandler		CODE           	0C6D	0000	9
		_PIN_MANAGER_IOC		CODE           	0DCA	0000	33
		_IOCCF2_DefaultInterruptHandler		CODE           	0C26	0000	1
		_IOCCF2_ISR    		CODE           	0CC3	0000	15
		_IOCCF4_SetInterruptHandler		CODE           	0C64	0000	9

mcc_generated_files/pin_manager.c estimated size: 216

C:\Program Files\Microchip\xc8\v2.30\pic\sources\c90\common\lwtoft.c
		___lwtoft      		CODE           	0D3D	0000	22

C:\Program Files\Microchip\xc8\v2.30\pic\sources\c90\common\lwtoft.c estimated size: 22

sensor/power.c
		_LED_Blink     		CODE           	058A	0000	158
		_Enter_sleep   		CODE           	0C3A	0000	7
		_Power_GetData 		CODE           	0D6D	0000	29
		_Power_Measure 		CODE           	0C2A	0000	4
		_Power_Init    		CODE           	0DAA	0000	32
		_Power_Loop    		CODE           	0D53	0000	26
		_generateIntPower		CODE           	0C97	0000	14
		_ADC_Init      		CODE           	0D8A	0000	32
		_Measure       		CODE           	0063	0000	420
		_Power_SetThreshold		CODE           	07FF	0000	1
		_ADC_Fixed_Voltage_Ref		CODE           	0CFF	0000	19

sensor/power.c estimated size: 742

C:\Program Files\Microchip\xc8\v2.30\pic\sources\c90\common\fttol.c
		___fttol       		CODE           	0628	0000	133

C:\Program Files\Microchip\xc8\v2.30\pic\sources\c90\common\fttol.c estimated size: 133

C:\Program Files\Microchip\xc8\v2.30\pic\sources\c90\common\ftadd.c
		___ftadd       		CODE           	0207	0000	288

C:\Program Files\Microchip\xc8\v2.30\pic\sources\c90\common\ftadd.c estimated size: 288

shared
		__initialization		CODE           	0033	0000	44

shared estimated size: 44

C:\Program Files\Microchip\xc8\v2.30\pic\sources\c90\common\trunc.c
		_trunc         		CODE           	0F17	0000	71

C:\Program Files\Microchip\xc8\v2.30\pic\sources\c90\common\trunc.c estimated size: 71

mcc_generated_files/mcc.c
		_PMD_Initialize		CODE           	0C76	0000	10
		_OSCILLATOR_Initialize		CODE           	0C49	0000	9
		_SYSTEM_Initialize		CODE           	0D12	0000	21

mcc_generated_files/mcc.c estimated size: 40

mcc_generated_files/adcc.c
		_ADCC_DefaultInterruptHandler		CODE           	0C24	0000	1
		_ADCC_GetSingleConversion		CODE           	0D27	0000	22
		_ADCC_ISR      		CODE           	0CA5	0000	15

mcc_generated_files/adcc.c estimated size: 38

main.c
		_main          		CODE           	0327	0000	240
		_toggleInt     		CODE           	0C8A	0000	13

main.c estimated size: 253

C:\Program Files\Microchip\xc8\v2.30\pic\sources\c90\common\ftsub.c
		___ftsub       		CODE           	07CD	0000	49

C:\Program Files\Microchip\xc8\v2.30\pic\sources\c90\common\ftsub.c estimated size: 49

C:\Program Files\Microchip\xc8\v2.30\pic\sources\c90\common\float.c
		___ftpack      		CODE           	06AD	0000	117

C:\Program Files\Microchip\xc8\v2.30\pic\sources\c90\common\float.c estimated size: 117

